[0.352s] Invoking command in '/home/student/my_uf_ws/build/my_moveit_python': CMAKE_PREFIX_PATH=${CMAKE_PREFIX_PATH}:/home/student/xarm_ws/install/uf_ros_lib:/home/student/my_depthai_ws/install/my_depthai_pose_estimation:/home/student/my_depthai_ws/install/my_depthai_python:/home/student/my_depthai_ws/install/my_depthai_object_tracking:/home/student/my_uf_ws/install/uf_ros_lib:/home/student/my_uf_ws/install/my_uf_demo:/home/student/my_uf_ws/install/my_uf_bringup:/home/student/ros2_industrial_ws/install/urdf_basics:/home/student/ros2_industrial_ws/install/transferframes:/home/student/ros2_industrial_ws/install/template_package_python:/home/student/ros2_industrial_ws/install/ros_industrial_utilities:/home/student/ros2_industrial_ws/install/ros_industrial_support:/home/student/ros2_industrial_ws/install/range_sensor:/home/student/ros2_industrial_ws/install/node_demo:/home/student/ros2_industrial_ws/install/manipulation:/home/student/ros2_industrial_ws/install/fanuc_robots:/opt/ros/jazzy DEBUGINFOD_URLS=https://debuginfod.ubuntu.com /usr/bin/cmake --build /home/student/my_uf_ws/build/my_moveit_python -- -j4 -l4
[0.457s] Built target ament_cmake_python_symlink_my_moveit_python
[0.840s] running egg_info
[0.891s] writing my_moveit_python.egg-info/PKG-INFO
[0.893s] writing dependency_links to my_moveit_python.egg-info/dependency_links.txt
[0.893s] writing top-level names to my_moveit_python.egg-info/top_level.txt
[1.029s] reading manifest file 'my_moveit_python.egg-info/SOURCES.txt'
[1.030s] writing manifest file 'my_moveit_python.egg-info/SOURCES.txt'
[1.066s] Built target ament_cmake_python_build_my_moveit_python_egg
[1.301s] Invoked command in '/home/student/my_uf_ws/build/my_moveit_python' returned '0': CMAKE_PREFIX_PATH=${CMAKE_PREFIX_PATH}:/home/student/xarm_ws/install/uf_ros_lib:/home/student/my_depthai_ws/install/my_depthai_pose_estimation:/home/student/my_depthai_ws/install/my_depthai_python:/home/student/my_depthai_ws/install/my_depthai_object_tracking:/home/student/my_uf_ws/install/uf_ros_lib:/home/student/my_uf_ws/install/my_uf_demo:/home/student/my_uf_ws/install/my_uf_bringup:/home/student/ros2_industrial_ws/install/urdf_basics:/home/student/ros2_industrial_ws/install/transferframes:/home/student/ros2_industrial_ws/install/template_package_python:/home/student/ros2_industrial_ws/install/ros_industrial_utilities:/home/student/ros2_industrial_ws/install/ros_industrial_support:/home/student/ros2_industrial_ws/install/range_sensor:/home/student/ros2_industrial_ws/install/node_demo:/home/student/ros2_industrial_ws/install/manipulation:/home/student/ros2_industrial_ws/install/fanuc_robots:/opt/ros/jazzy DEBUGINFOD_URLS=https://debuginfod.ubuntu.com /usr/bin/cmake --build /home/student/my_uf_ws/build/my_moveit_python -- -j4 -l4
[1.304s] Invoking command in '/home/student/my_uf_ws/build/my_moveit_python': CMAKE_PREFIX_PATH=${CMAKE_PREFIX_PATH}:/home/student/xarm_ws/install/uf_ros_lib:/home/student/my_depthai_ws/install/my_depthai_pose_estimation:/home/student/my_depthai_ws/install/my_depthai_python:/home/student/my_depthai_ws/install/my_depthai_object_tracking:/home/student/my_uf_ws/install/uf_ros_lib:/home/student/my_uf_ws/install/my_uf_demo:/home/student/my_uf_ws/install/my_uf_bringup:/home/student/ros2_industrial_ws/install/urdf_basics:/home/student/ros2_industrial_ws/install/transferframes:/home/student/ros2_industrial_ws/install/template_package_python:/home/student/ros2_industrial_ws/install/ros_industrial_utilities:/home/student/ros2_industrial_ws/install/ros_industrial_support:/home/student/ros2_industrial_ws/install/range_sensor:/home/student/ros2_industrial_ws/install/node_demo:/home/student/ros2_industrial_ws/install/manipulation:/home/student/ros2_industrial_ws/install/fanuc_robots:/opt/ros/jazzy DEBUGINFOD_URLS=https://debuginfod.ubuntu.com /usr/bin/cmake --install /home/student/my_uf_ws/build/my_moveit_python
[1.317s] -- Install configuration: ""
[1.318s] -- Execute custom install script
[1.319s] -- Up-to-date symlink: /home/student/my_uf_ws/install/my_moveit_python/share/my_moveit_python/environment/pythonpath.sh
[1.320s] -- Up-to-date symlink: /home/student/my_uf_ws/install/my_moveit_python/share/my_moveit_python/environment/pythonpath.dsv
[1.320s] -- Up-to-date symlink: /home/student/my_uf_ws/install/my_moveit_python/lib/python3.12/site-packages/my_moveit_python-4.0.0-py3.12.egg-info/PKG-INFO
[1.320s] -- Up-to-date symlink: /home/student/my_uf_ws/install/my_moveit_python/lib/python3.12/site-packages/my_moveit_python-4.0.0-py3.12.egg-info/SOURCES.txt
[1.320s] -- Up-to-date symlink: /home/student/my_uf_ws/install/my_moveit_python/lib/python3.12/site-packages/my_moveit_python-4.0.0-py3.12.egg-info/dependency_links.txt
[1.320s] -- Up-to-date symlink: /home/student/my_uf_ws/install/my_moveit_python/lib/python3.12/site-packages/my_moveit_python-4.0.0-py3.12.egg-info/top_level.txt
[1.321s] -- Up-to-date symlink: /home/student/my_uf_ws/install/my_moveit_python/lib/python3.12/site-packages/my_moveit_python/.gitignore
[1.322s] -- Up-to-date symlink: /home/student/my_uf_ws/install/my_moveit_python/lib/python3.12/site-packages/my_moveit_python/__init__.py
[1.324s] -- Up-to-date symlink: /home/student/my_uf_ws/install/my_moveit_python/lib/python3.12/site-packages/my_moveit_python/my_moveit_python.py
[1.324s] -- Up-to-date symlink: /home/student/my_uf_ws/install/my_moveit_python/share/ament_index/resource_index/package_run_dependencies/my_moveit_python
[1.324s] -- Up-to-date symlink: /home/student/my_uf_ws/install/my_moveit_python/share/ament_index/resource_index/parent_prefix_path/my_moveit_python
[1.324s] -- Up-to-date symlink: /home/student/my_uf_ws/install/my_moveit_python/share/my_moveit_python/environment/ament_prefix_path.sh
[1.324s] -- Up-to-date symlink: /home/student/my_uf_ws/install/my_moveit_python/share/my_moveit_python/environment/ament_prefix_path.dsv
[1.325s] -- Up-to-date symlink: /home/student/my_uf_ws/install/my_moveit_python/share/my_moveit_python/environment/path.sh
[1.325s] -- Up-to-date symlink: /home/student/my_uf_ws/install/my_moveit_python/share/my_moveit_python/environment/path.dsv
[1.326s] -- Up-to-date symlink: /home/student/my_uf_ws/install/my_moveit_python/share/my_moveit_python/local_setup.bash
[1.327s] -- Up-to-date symlink: /home/student/my_uf_ws/install/my_moveit_python/share/my_moveit_python/local_setup.sh
[1.327s] -- Up-to-date symlink: /home/student/my_uf_ws/install/my_moveit_python/share/my_moveit_python/local_setup.zsh
[1.328s] -- Up-to-date symlink: /home/student/my_uf_ws/install/my_moveit_python/share/my_moveit_python/local_setup.dsv
[1.328s] -- Symlinking: /home/student/my_uf_ws/install/my_moveit_python/share/my_moveit_python/package.dsv
[1.344s] -- Up-to-date symlink: /home/student/my_uf_ws/install/my_moveit_python/share/ament_index/resource_index/packages/my_moveit_python
[1.345s] -- Up-to-date symlink: /home/student/my_uf_ws/install/my_moveit_python/share/my_moveit_python/cmake/my_moveit_pythonConfig.cmake
[1.346s] -- Up-to-date symlink: /home/student/my_uf_ws/install/my_moveit_python/share/my_moveit_python/cmake/my_moveit_pythonConfig-version.cmake
[1.346s] -- Up-to-date symlink: /home/student/my_uf_ws/install/my_moveit_python/share/my_moveit_python/package.xml
[1.464s] Listing '/home/student/my_uf_ws/install/my_moveit_python/lib/python3.12/site-packages/my_moveit_python'...
[1.480s] Invoked command in '/home/student/my_uf_ws/build/my_moveit_python' returned '0': CMAKE_PREFIX_PATH=${CMAKE_PREFIX_PATH}:/home/student/xarm_ws/install/uf_ros_lib:/home/student/my_depthai_ws/install/my_depthai_pose_estimation:/home/student/my_depthai_ws/install/my_depthai_python:/home/student/my_depthai_ws/install/my_depthai_object_tracking:/home/student/my_uf_ws/install/uf_ros_lib:/home/student/my_uf_ws/install/my_uf_demo:/home/student/my_uf_ws/install/my_uf_bringup:/home/student/ros2_industrial_ws/install/urdf_basics:/home/student/ros2_industrial_ws/install/transferframes:/home/student/ros2_industrial_ws/install/template_package_python:/home/student/ros2_industrial_ws/install/ros_industrial_utilities:/home/student/ros2_industrial_ws/install/ros_industrial_support:/home/student/ros2_industrial_ws/install/range_sensor:/home/student/ros2_industrial_ws/install/node_demo:/home/student/ros2_industrial_ws/install/manipulation:/home/student/ros2_industrial_ws/install/fanuc_robots:/opt/ros/jazzy DEBUGINFOD_URLS=https://debuginfod.ubuntu.com /usr/bin/cmake --install /home/student/my_uf_ws/build/my_moveit_python
