[0.339s] DEBUG:colcon:Command line arguments: ['/usr/bin/colcon', 'build', '--packages-select', 'vision_node']
[0.339s] DEBUG:colcon:Parsed command line arguments: Namespace(log_base=None, log_level=None, verb_name='build', build_base='build', install_base='install', merge_install=False, symlink_install=False, test_result_base=None, continue_on_error=False, executor='parallel', parallel_workers=4, event_handlers=None, ignore_user_meta=False, metas=['./colcon.meta'], base_paths=['.'], packages_ignore=None, packages_ignore_regex=None, paths=None, packages_up_to=None, packages_up_to_regex=None, packages_above=None, packages_above_and_dependencies=None, packages_above_depth=None, packages_select_by_dep=None, packages_skip_by_dep=None, packages_skip_up_to=None, packages_select_build_failed=False, packages_skip_build_finished=False, packages_select_test_failures=False, packages_skip_test_passed=False, packages_select=['vision_node'], packages_skip=None, packages_select_regex=None, packages_skip_regex=None, packages_start=None, packages_end=None, allow_overriding=[], cmake_args=None, cmake_target=None, cmake_target_skip_unavailable=False, cmake_clean_cache=False, cmake_clean_first=False, cmake_force_configure=False, ament_cmake_args=None, catkin_cmake_args=None, catkin_skip_building_tests=False, mixin_files=None, mixin=None, verb_parser=<colcon_mixin.mixin.mixin_argument.MixinArgumentDecorator object at 0x7075b117f680>, verb_extension=<colcon_core.verb.build.BuildVerb object at 0x7075b117f440>, main=<bound method BuildVerb.main of <colcon_core.verb.build.BuildVerb object at 0x7075b117f440>>, mixin_verb=('build',))
[0.495s] Level 1:colcon.colcon_core.package_discovery:discover_packages(colcon_meta) check parameters
[0.495s] Level 1:colcon.colcon_core.package_discovery:discover_packages(recursive) check parameters
[0.495s] Level 1:colcon.colcon_core.package_discovery:discover_packages(ignore) check parameters
[0.495s] Level 1:colcon.colcon_core.package_discovery:discover_packages(path) check parameters
[0.495s] Level 1:colcon.colcon_core.package_discovery:discover_packages(colcon_meta) discover
[0.496s] Level 1:colcon.colcon_core.package_discovery:discover_packages(recursive) discover
[0.496s] INFO:colcon.colcon_core.package_discovery:Crawling recursively for packages in '/home/student/Vision/robot_arm_b2'
[0.496s] Level 1:colcon.colcon_core.package_identification:_identify(.) by extensions ['ignore', 'ignore_ament_install']
[0.496s] Level 1:colcon.colcon_core.package_identification:_identify(.) by extension 'ignore'
[0.496s] Level 1:colcon.colcon_core.package_identification:_identify(.) by extension 'ignore_ament_install'
[0.496s] Level 1:colcon.colcon_core.package_identification:_identify(.) by extensions ['colcon_pkg']
[0.497s] Level 1:colcon.colcon_core.package_identification:_identify(.) by extension 'colcon_pkg'
[0.497s] Level 1:colcon.colcon_core.package_identification:_identify(.) by extensions ['colcon_meta']
[0.497s] Level 1:colcon.colcon_core.package_identification:_identify(.) by extension 'colcon_meta'
[0.497s] Level 1:colcon.colcon_core.package_identification:_identify(.) by extensions ['ros']
[0.497s] Level 1:colcon.colcon_core.package_identification:_identify(.) by extension 'ros'
[0.576s] Level 1:colcon.colcon_core.package_identification:_identify(.) by extensions ['cmake', 'python']
[0.576s] Level 1:colcon.colcon_core.package_identification:_identify(.) by extension 'cmake'
[0.576s] Level 1:colcon.colcon_core.package_identification:_identify(.) by extension 'python'
[0.576s] Level 1:colcon.colcon_core.package_identification:_identify(.) by extensions ['python_setup_py']
[0.576s] Level 1:colcon.colcon_core.package_identification:_identify(.) by extension 'python_setup_py'
[0.577s] Level 1:colcon.colcon_core.package_identification:_identify(build) by extensions ['ignore', 'ignore_ament_install']
[0.577s] Level 1:colcon.colcon_core.package_identification:_identify(build) by extension 'ignore'
[0.577s] Level 1:colcon.colcon_core.package_identification:_identify(build) ignored
[0.577s] Level 1:colcon.colcon_core.package_identification:_identify(controller_code_niks.py) by extensions ['ignore', 'ignore_ament_install']
[0.577s] Level 1:colcon.colcon_core.package_identification:_identify(controller_code_niks.py) by extension 'ignore'
[0.577s] Level 1:colcon.colcon_core.package_identification:_identify(controller_code_niks.py) by extension 'ignore_ament_install'
[0.578s] Level 1:colcon.colcon_core.package_identification:_identify(controller_code_niks.py) by extensions ['colcon_pkg']
[0.578s] Level 1:colcon.colcon_core.package_identification:_identify(controller_code_niks.py) by extension 'colcon_pkg'
[0.578s] Level 1:colcon.colcon_core.package_identification:_identify(controller_code_niks.py) by extensions ['colcon_meta']
[0.578s] Level 1:colcon.colcon_core.package_identification:_identify(controller_code_niks.py) by extension 'colcon_meta'
[0.578s] Level 1:colcon.colcon_core.package_identification:_identify(controller_code_niks.py) by extensions ['ros']
[0.578s] Level 1:colcon.colcon_core.package_identification:_identify(controller_code_niks.py) by extension 'ros'
[0.578s] Level 1:colcon.colcon_core.package_identification:_identify(controller_code_niks.py) by extensions ['cmake', 'python']
[0.578s] Level 1:colcon.colcon_core.package_identification:_identify(controller_code_niks.py) by extension 'cmake'
[0.579s] Level 1:colcon.colcon_core.package_identification:_identify(controller_code_niks.py) by extension 'python'
[0.579s] Level 1:colcon.colcon_core.package_identification:_identify(controller_code_niks.py) by extensions ['python_setup_py']
[0.579s] Level 1:colcon.colcon_core.package_identification:_identify(controller_code_niks.py) by extension 'python_setup_py'
[0.579s] Level 1:colcon.colcon_core.package_identification:_identify(controller_code_niks.py/vb_pub) by extensions ['ignore', 'ignore_ament_install']
[0.579s] Level 1:colcon.colcon_core.package_identification:_identify(controller_code_niks.py/vb_pub) by extension 'ignore'
[0.579s] Level 1:colcon.colcon_core.package_identification:_identify(controller_code_niks.py/vb_pub) by extension 'ignore_ament_install'
[0.579s] Level 1:colcon.colcon_core.package_identification:_identify(controller_code_niks.py/vb_pub) by extensions ['colcon_pkg']
[0.579s] Level 1:colcon.colcon_core.package_identification:_identify(controller_code_niks.py/vb_pub) by extension 'colcon_pkg'
[0.580s] Level 1:colcon.colcon_core.package_identification:_identify(controller_code_niks.py/vb_pub) by extensions ['colcon_meta']
[0.580s] Level 1:colcon.colcon_core.package_identification:_identify(controller_code_niks.py/vb_pub) by extension 'colcon_meta'
[0.580s] Level 1:colcon.colcon_core.package_identification:_identify(controller_code_niks.py/vb_pub) by extensions ['ros']
[0.580s] Level 1:colcon.colcon_core.package_identification:_identify(controller_code_niks.py/vb_pub) by extension 'ros'
[0.580s] Level 1:colcon.colcon_core.package_identification:_identify(controller_code_niks.py/vb_pub) by extensions ['cmake', 'python']
[0.580s] Level 1:colcon.colcon_core.package_identification:_identify(controller_code_niks.py/vb_pub) by extension 'cmake'
[0.580s] Level 1:colcon.colcon_core.package_identification:_identify(controller_code_niks.py/vb_pub) by extension 'python'
[0.580s] Level 1:colcon.colcon_core.package_identification:_identify(controller_code_niks.py/vb_pub) by extensions ['python_setup_py']
[0.580s] Level 1:colcon.colcon_core.package_identification:_identify(controller_code_niks.py/vb_pub) by extension 'python_setup_py'
[0.581s] Level 1:colcon.colcon_core.package_identification:_identify(install) by extensions ['ignore', 'ignore_ament_install']
[0.581s] Level 1:colcon.colcon_core.package_identification:_identify(install) by extension 'ignore'
[0.581s] Level 1:colcon.colcon_core.package_identification:_identify(install) ignored
[0.581s] Level 1:colcon.colcon_core.package_identification:_identify(log) by extensions ['ignore', 'ignore_ament_install']
[0.581s] Level 1:colcon.colcon_core.package_identification:_identify(log) by extension 'ignore'
[0.581s] Level 1:colcon.colcon_core.package_identification:_identify(log) ignored
[0.582s] Level 1:colcon.colcon_core.package_identification:_identify(vision_node) by extensions ['ignore', 'ignore_ament_install']
[0.582s] Level 1:colcon.colcon_core.package_identification:_identify(vision_node) by extension 'ignore'
[0.582s] Level 1:colcon.colcon_core.package_identification:_identify(vision_node) by extension 'ignore_ament_install'
[0.582s] Level 1:colcon.colcon_core.package_identification:_identify(vision_node) by extensions ['colcon_pkg']
[0.582s] Level 1:colcon.colcon_core.package_identification:_identify(vision_node) by extension 'colcon_pkg'
[0.582s] Level 1:colcon.colcon_core.package_identification:_identify(vision_node) by extensions ['colcon_meta']
[0.582s] Level 1:colcon.colcon_core.package_identification:_identify(vision_node) by extension 'colcon_meta'
[0.582s] Level 1:colcon.colcon_core.package_identification:_identify(vision_node) by extensions ['ros']
[0.582s] Level 1:colcon.colcon_core.package_identification:_identify(vision_node) by extension 'ros'
[0.589s] DEBUG:colcon.colcon_core.package_identification:Package 'vision_node' with type 'ros.ament_python' and name 'vision_node'
[0.589s] Level 1:colcon.colcon_core.package_discovery:discover_packages(recursive) using defaults
[0.589s] Level 1:colcon.colcon_core.package_discovery:discover_packages(ignore) discover
[0.589s] Level 1:colcon.colcon_core.package_discovery:discover_packages(ignore) using defaults
[0.589s] Level 1:colcon.colcon_core.package_discovery:discover_packages(path) discover
[0.590s] Level 1:colcon.colcon_core.package_discovery:discover_packages(path) using defaults
[0.643s] Level 1:colcon.colcon_core.package_discovery:discover_packages(prefix_path) check parameters
[0.643s] Level 1:colcon.colcon_core.package_discovery:discover_packages(prefix_path) discover
[0.650s] DEBUG:colcon.colcon_installed_package_information.package_discovery:Found 1 installed packages in /home/student/Vision/robot_arm_b2/install
[0.655s] DEBUG:colcon.colcon_installed_package_information.package_discovery:Found 321 installed packages in /opt/ros/jazzy
[0.658s] Level 1:colcon.colcon_core.package_discovery:discover_packages(prefix_path) using defaults
[0.889s] Level 5:colcon.colcon_core.verb:set package 'vision_node' build argument 'cmake_args' from command line to 'None'
[0.889s] Level 5:colcon.colcon_core.verb:set package 'vision_node' build argument 'cmake_target' from command line to 'None'
[0.889s] Level 5:colcon.colcon_core.verb:set package 'vision_node' build argument 'cmake_target_skip_unavailable' from command line to 'False'
[0.889s] Level 5:colcon.colcon_core.verb:set package 'vision_node' build argument 'cmake_clean_cache' from command line to 'False'
[0.889s] Level 5:colcon.colcon_core.verb:set package 'vision_node' build argument 'cmake_clean_first' from command line to 'False'
[0.889s] Level 5:colcon.colcon_core.verb:set package 'vision_node' build argument 'cmake_force_configure' from command line to 'False'
[0.889s] Level 5:colcon.colcon_core.verb:set package 'vision_node' build argument 'ament_cmake_args' from command line to 'None'
[0.890s] Level 5:colcon.colcon_core.verb:set package 'vision_node' build argument 'catkin_cmake_args' from command line to 'None'
[0.890s] Level 5:colcon.colcon_core.verb:set package 'vision_node' build argument 'catkin_skip_building_tests' from command line to 'False'
[0.890s] DEBUG:colcon.colcon_core.verb:Building package 'vision_node' with the following arguments: {'ament_cmake_args': None, 'build_base': '/home/student/Vision/robot_arm_b2/build/vision_node', 'catkin_cmake_args': None, 'catkin_skip_building_tests': False, 'cmake_args': None, 'cmake_clean_cache': False, 'cmake_clean_first': False, 'cmake_force_configure': False, 'cmake_target': None, 'cmake_target_skip_unavailable': False, 'install_base': '/home/student/Vision/robot_arm_b2/install/vision_node', 'merge_install': False, 'path': '/home/student/Vision/robot_arm_b2/vision_node', 'symlink_install': False, 'test_result_base': None}
[0.890s] INFO:colcon.colcon_core.executor:Executing jobs using 'parallel' executor
[0.892s] DEBUG:colcon.colcon_parallel_executor.executor.parallel:run_until_complete
[0.892s] INFO:colcon.colcon_ros.task.ament_python.build:Building ROS package in '/home/student/Vision/robot_arm_b2/vision_node' with build type 'ament_python'
[0.893s] Level 1:colcon.colcon_core.shell:create_environment_hook('vision_node', 'ament_prefix_path')
[0.901s] INFO:colcon.colcon_core.plugin_system:Skipping extension 'colcon_core.shell.bat': Not used on non-Windows systems
[0.901s] INFO:colcon.colcon_core.shell:Creating environment hook '/home/student/Vision/robot_arm_b2/install/vision_node/share/vision_node/hook/ament_prefix_path.ps1'
[0.902s] INFO:colcon.colcon_core.shell:Creating environment descriptor '/home/student/Vision/robot_arm_b2/install/vision_node/share/vision_node/hook/ament_prefix_path.dsv'
[0.904s] INFO:colcon.colcon_core.shell:Creating environment hook '/home/student/Vision/robot_arm_b2/install/vision_node/share/vision_node/hook/ament_prefix_path.sh'
[0.905s] INFO:colcon.colcon_core.shell:Skip shell extension 'powershell' for command environment: Not usable outside of PowerShell
[0.906s] DEBUG:colcon.colcon_core.shell:Skip shell extension 'dsv' for command environment
[1.328s] INFO:colcon.colcon_core.task.python.build:Building Python package in '/home/student/Vision/robot_arm_b2/vision_node'
[1.328s] INFO:colcon.colcon_core.shell:Skip shell extension 'powershell' for command environment: Not usable outside of PowerShell
[1.328s] DEBUG:colcon.colcon_core.shell:Skip shell extension 'dsv' for command environment
[2.921s] DEBUG:colcon.colcon_core.event_handler.log_command:Invoking command in '/home/student/Vision/robot_arm_b2/vision_node': DEBUGINFOD_URLS=https://debuginfod.ubuntu.com PYTHONPATH=/home/student/Vision/robot_arm_b2/build/vision_node/prefix_override:/usr/lib/python3/dist-packages/colcon_core/task/python/colcon_distutils_commands:/home/student/Vision/robot_arm_b2/install/vision_node/lib/python3.12/site-packages:${PYTHONPATH} /usr/bin/python3 -W ignore:setup.py install is deprecated -W ignore:easy_install command is deprecated setup.py egg_info --egg-base ../build/vision_node build --build-base /home/student/Vision/robot_arm_b2/build/vision_node/build install --record /home/student/Vision/robot_arm_b2/build/vision_node/install.log --single-version-externally-managed install_data
[3.929s] DEBUG:colcon.colcon_core.event_handler.log_command:Invoked command in '/home/student/Vision/robot_arm_b2/vision_node' returned '0': DEBUGINFOD_URLS=https://debuginfod.ubuntu.com PYTHONPATH=/home/student/Vision/robot_arm_b2/build/vision_node/prefix_override:/usr/lib/python3/dist-packages/colcon_core/task/python/colcon_distutils_commands:/home/student/Vision/robot_arm_b2/install/vision_node/lib/python3.12/site-packages:${PYTHONPATH} /usr/bin/python3 -W ignore:setup.py install is deprecated -W ignore:easy_install command is deprecated setup.py egg_info --egg-base ../build/vision_node build --build-base /home/student/Vision/robot_arm_b2/build/vision_node/build install --record /home/student/Vision/robot_arm_b2/build/vision_node/install.log --single-version-externally-managed install_data
[3.940s] Level 1:colcon.colcon_core.environment:checking '/home/student/Vision/robot_arm_b2/install/vision_node' for CMake module files
[3.941s] Level 1:colcon.colcon_core.environment:checking '/home/student/Vision/robot_arm_b2/install/vision_node' for CMake config files
[3.945s] Level 1:colcon.colcon_core.environment:checking '/home/student/Vision/robot_arm_b2/install/vision_node/lib'
[3.945s] Level 1:colcon.colcon_core.environment:checking '/home/student/Vision/robot_arm_b2/install/vision_node/bin'
[3.946s] Level 1:colcon.colcon_core.environment:checking '/home/student/Vision/robot_arm_b2/install/vision_node/lib/pkgconfig/vision_node.pc'
[3.946s] Level 1:colcon.colcon_core.environment:checking '/home/student/Vision/robot_arm_b2/install/vision_node/lib/python3.12/site-packages'
[3.946s] Level 1:colcon.colcon_core.shell:create_environment_hook('vision_node', 'pythonpath')
[3.946s] INFO:colcon.colcon_core.shell:Creating environment hook '/home/student/Vision/robot_arm_b2/install/vision_node/share/vision_node/hook/pythonpath.ps1'
[3.947s] INFO:colcon.colcon_core.shell:Creating environment descriptor '/home/student/Vision/robot_arm_b2/install/vision_node/share/vision_node/hook/pythonpath.dsv'
[3.948s] INFO:colcon.colcon_core.shell:Creating environment hook '/home/student/Vision/robot_arm_b2/install/vision_node/share/vision_node/hook/pythonpath.sh'
[3.950s] Level 1:colcon.colcon_core.environment:checking '/home/student/Vision/robot_arm_b2/install/vision_node/bin'
[3.950s] Level 1:colcon.colcon_core.environment:create_environment_scripts_only(vision_node)
[3.950s] INFO:colcon.colcon_core.shell:Creating package script '/home/student/Vision/robot_arm_b2/install/vision_node/share/vision_node/package.ps1'
[3.952s] INFO:colcon.colcon_core.shell:Creating package descriptor '/home/student/Vision/robot_arm_b2/install/vision_node/share/vision_node/package.dsv'
[3.954s] INFO:colcon.colcon_core.shell:Creating package script '/home/student/Vision/robot_arm_b2/install/vision_node/share/vision_node/package.sh'
[3.955s] INFO:colcon.colcon_core.shell:Creating package script '/home/student/Vision/robot_arm_b2/install/vision_node/share/vision_node/package.bash'
[3.957s] INFO:colcon.colcon_core.shell:Creating package script '/home/student/Vision/robot_arm_b2/install/vision_node/share/vision_node/package.zsh'
[3.959s] Level 1:colcon.colcon_core.environment:create_file_with_runtime_dependencies(/home/student/Vision/robot_arm_b2/install/vision_node/share/colcon-core/packages/vision_node)
[3.960s] DEBUG:colcon.colcon_parallel_executor.executor.parallel:closing loop
[3.960s] DEBUG:colcon.colcon_parallel_executor.executor.parallel:loop closed
[3.961s] DEBUG:colcon.colcon_parallel_executor.executor.parallel:run_until_complete finished with '0'
[3.962s] DEBUG:colcon.colcon_core.event_reactor:joining thread
[3.981s] INFO:colcon.colcon_core.plugin_system:Skipping extension 'colcon_notification.desktop_notification.terminal_notifier': Not used on non-Darwin systems
[3.981s] INFO:colcon.colcon_core.plugin_system:Skipping extension 'colcon_notification.desktop_notification.win32': Not used on non-Windows systems
[3.981s] INFO:colcon.colcon_notification.desktop_notification:Sending desktop notification using 'notify2'
[4.013s] DEBUG:colcon.colcon_core.event_reactor:joined thread
[4.013s] INFO:colcon.colcon_core.shell:Creating prefix script '/home/student/Vision/robot_arm_b2/install/local_setup.ps1'
[4.015s] INFO:colcon.colcon_core.shell:Creating prefix util module '/home/student/Vision/robot_arm_b2/install/_local_setup_util_ps1.py'
[4.017s] INFO:colcon.colcon_core.shell:Creating prefix chain script '/home/student/Vision/robot_arm_b2/install/setup.ps1'
[4.019s] INFO:colcon.colcon_core.shell:Creating prefix script '/home/student/Vision/robot_arm_b2/install/local_setup.sh'
[4.020s] INFO:colcon.colcon_core.shell:Creating prefix util module '/home/student/Vision/robot_arm_b2/install/_local_setup_util_sh.py'
[4.021s] INFO:colcon.colcon_core.shell:Creating prefix chain script '/home/student/Vision/robot_arm_b2/install/setup.sh'
[4.023s] INFO:colcon.colcon_core.shell:Creating prefix script '/home/student/Vision/robot_arm_b2/install/local_setup.bash'
[4.025s] INFO:colcon.colcon_core.shell:Creating prefix chain script '/home/student/Vision/robot_arm_b2/install/setup.bash'
[4.028s] INFO:colcon.colcon_core.shell:Creating prefix script '/home/student/Vision/robot_arm_b2/install/local_setup.zsh'
[4.029s] INFO:colcon.colcon_core.shell:Creating prefix chain script '/home/student/Vision/robot_arm_b2/install/setup.zsh'
