[0.163s] DEBUG:colcon:Command line arguments: ['/usr/bin/colcon', 'build', '--packages-select', 'frs_interfaces']
[0.164s] DEBUG:colcon:Parsed command line arguments: Namespace(log_base=None, log_level=None, verb_name='build', build_base='build', install_base='install', merge_install=False, symlink_install=False, test_result_base=None, continue_on_error=False, executor='parallel', parallel_workers=4, event_handlers=None, ignore_user_meta=False, metas=['./colcon.meta'], base_paths=['.'], packages_ignore=None, packages_ignore_regex=None, paths=None, packages_up_to=None, packages_up_to_regex=None, packages_above=None, packages_above_and_dependencies=None, packages_above_depth=None, packages_select_by_dep=None, packages_skip_by_dep=None, packages_skip_up_to=None, packages_select_build_failed=False, packages_skip_build_finished=False, packages_select_test_failures=False, packages_skip_test_passed=False, packages_select=['frs_interfaces'], packages_skip=None, packages_select_regex=None, packages_skip_regex=None, packages_start=None, packages_end=None, allow_overriding=[], cmake_args=None, cmake_target=None, cmake_target_skip_unavailable=False, cmake_clean_cache=False, cmake_clean_first=False, cmake_force_configure=False, ament_cmake_args=None, catkin_cmake_args=None, catkin_skip_building_tests=False, mixin_files=None, mixin=None, verb_parser=<colcon_mixin.mixin.mixin_argument.MixinArgumentDecorator object at 0x70c2376abd10>, verb_extension=<colcon_core.verb.build.BuildVerb object at 0x70c2376aba40>, main=<bound method BuildVerb.main of <colcon_core.verb.build.BuildVerb object at 0x70c2376aba40>>, mixin_verb=('build',))
[0.221s] Level 1:colcon.colcon_core.package_discovery:discover_packages(colcon_meta) check parameters
[0.221s] Level 1:colcon.colcon_core.package_discovery:discover_packages(recursive) check parameters
[0.221s] Level 1:colcon.colcon_core.package_discovery:discover_packages(ignore) check parameters
[0.221s] Level 1:colcon.colcon_core.package_discovery:discover_packages(path) check parameters
[0.221s] Level 1:colcon.colcon_core.package_discovery:discover_packages(colcon_meta) discover
[0.221s] Level 1:colcon.colcon_core.package_discovery:discover_packages(recursive) discover
[0.221s] INFO:colcon.colcon_core.package_discovery:Crawling recursively for packages in '/home/student/ros2_industrial_ws/robot_arm_b2'
[0.221s] Level 1:colcon.colcon_core.package_identification:_identify(.) by extensions ['ignore', 'ignore_ament_install']
[0.221s] Level 1:colcon.colcon_core.package_identification:_identify(.) by extension 'ignore'
[0.221s] Level 1:colcon.colcon_core.package_identification:_identify(.) by extension 'ignore_ament_install'
[0.222s] Level 1:colcon.colcon_core.package_identification:_identify(.) by extensions ['colcon_pkg']
[0.222s] Level 1:colcon.colcon_core.package_identification:_identify(.) by extension 'colcon_pkg'
[0.222s] Level 1:colcon.colcon_core.package_identification:_identify(.) by extensions ['colcon_meta']
[0.222s] Level 1:colcon.colcon_core.package_identification:_identify(.) by extension 'colcon_meta'
[0.222s] Level 1:colcon.colcon_core.package_identification:_identify(.) by extensions ['ros']
[0.222s] Level 1:colcon.colcon_core.package_identification:_identify(.) by extension 'ros'
[0.252s] Level 1:colcon.colcon_core.package_identification:_identify(.) by extensions ['cmake', 'python']
[0.252s] Level 1:colcon.colcon_core.package_identification:_identify(.) by extension 'cmake'
[0.252s] Level 1:colcon.colcon_core.package_identification:_identify(.) by extension 'python'
[0.252s] Level 1:colcon.colcon_core.package_identification:_identify(.) by extensions ['python_setup_py']
[0.252s] Level 1:colcon.colcon_core.package_identification:_identify(.) by extension 'python_setup_py'
[0.253s] Level 1:colcon.colcon_core.package_identification:_identify(ElechouseVoiceRecognition) by extensions ['ignore', 'ignore_ament_install']
[0.253s] Level 1:colcon.colcon_core.package_identification:_identify(ElechouseVoiceRecognition) by extension 'ignore'
[0.253s] Level 1:colcon.colcon_core.package_identification:_identify(ElechouseVoiceRecognition) by extension 'ignore_ament_install'
[0.253s] Level 1:colcon.colcon_core.package_identification:_identify(ElechouseVoiceRecognition) by extensions ['colcon_pkg']
[0.253s] Level 1:colcon.colcon_core.package_identification:_identify(ElechouseVoiceRecognition) by extension 'colcon_pkg'
[0.253s] Level 1:colcon.colcon_core.package_identification:_identify(ElechouseVoiceRecognition) by extensions ['colcon_meta']
[0.253s] Level 1:colcon.colcon_core.package_identification:_identify(ElechouseVoiceRecognition) by extension 'colcon_meta'
[0.253s] Level 1:colcon.colcon_core.package_identification:_identify(ElechouseVoiceRecognition) by extensions ['ros']
[0.253s] Level 1:colcon.colcon_core.package_identification:_identify(ElechouseVoiceRecognition) by extension 'ros'
[0.253s] Level 1:colcon.colcon_core.package_identification:_identify(ElechouseVoiceRecognition) by extensions ['cmake', 'python']
[0.253s] Level 1:colcon.colcon_core.package_identification:_identify(ElechouseVoiceRecognition) by extension 'cmake'
[0.253s] Level 1:colcon.colcon_core.package_identification:_identify(ElechouseVoiceRecognition) by extension 'python'
[0.254s] Level 1:colcon.colcon_core.package_identification:_identify(ElechouseVoiceRecognition) by extensions ['python_setup_py']
[0.254s] Level 1:colcon.colcon_core.package_identification:_identify(ElechouseVoiceRecognition) by extension 'python_setup_py'
[0.254s] Level 1:colcon.colcon_core.package_identification:_identify(build) by extensions ['ignore', 'ignore_ament_install']
[0.254s] Level 1:colcon.colcon_core.package_identification:_identify(build) by extension 'ignore'
[0.254s] Level 1:colcon.colcon_core.package_identification:_identify(build) ignored
[0.254s] Level 1:colcon.colcon_core.package_identification:_identify(controller_code) by extensions ['ignore', 'ignore_ament_install']
[0.254s] Level 1:colcon.colcon_core.package_identification:_identify(controller_code) by extension 'ignore'
[0.254s] Level 1:colcon.colcon_core.package_identification:_identify(controller_code) by extension 'ignore_ament_install'
[0.254s] Level 1:colcon.colcon_core.package_identification:_identify(controller_code) by extensions ['colcon_pkg']
[0.254s] Level 1:colcon.colcon_core.package_identification:_identify(controller_code) by extension 'colcon_pkg'
[0.254s] Level 1:colcon.colcon_core.package_identification:_identify(controller_code) by extensions ['colcon_meta']
[0.254s] Level 1:colcon.colcon_core.package_identification:_identify(controller_code) by extension 'colcon_meta'
[0.254s] Level 1:colcon.colcon_core.package_identification:_identify(controller_code) by extensions ['ros']
[0.255s] Level 1:colcon.colcon_core.package_identification:_identify(controller_code) by extension 'ros'
[0.255s] Level 1:colcon.colcon_core.package_identification:_identify(controller_code) by extensions ['cmake', 'python']
[0.255s] Level 1:colcon.colcon_core.package_identification:_identify(controller_code) by extension 'cmake'
[0.255s] Level 1:colcon.colcon_core.package_identification:_identify(controller_code) by extension 'python'
[0.255s] Level 1:colcon.colcon_core.package_identification:_identify(controller_code) by extensions ['python_setup_py']
[0.255s] Level 1:colcon.colcon_core.package_identification:_identify(controller_code) by extension 'python_setup_py'
[0.255s] Level 1:colcon.colcon_core.package_identification:_identify(controller_code/__pycache__) by extensions ['ignore', 'ignore_ament_install']
[0.255s] Level 1:colcon.colcon_core.package_identification:_identify(controller_code/__pycache__) by extension 'ignore'
[0.255s] Level 1:colcon.colcon_core.package_identification:_identify(controller_code/__pycache__) by extension 'ignore_ament_install'
[0.255s] Level 1:colcon.colcon_core.package_identification:_identify(controller_code/__pycache__) by extensions ['colcon_pkg']
[0.255s] Level 1:colcon.colcon_core.package_identification:_identify(controller_code/__pycache__) by extension 'colcon_pkg'
[0.255s] Level 1:colcon.colcon_core.package_identification:_identify(controller_code/__pycache__) by extensions ['colcon_meta']
[0.255s] Level 1:colcon.colcon_core.package_identification:_identify(controller_code/__pycache__) by extension 'colcon_meta'
[0.256s] Level 1:colcon.colcon_core.package_identification:_identify(controller_code/__pycache__) by extensions ['ros']
[0.256s] Level 1:colcon.colcon_core.package_identification:_identify(controller_code/__pycache__) by extension 'ros'
[0.256s] Level 1:colcon.colcon_core.package_identification:_identify(controller_code/__pycache__) by extensions ['cmake', 'python']
[0.256s] Level 1:colcon.colcon_core.package_identification:_identify(controller_code/__pycache__) by extension 'cmake'
[0.256s] Level 1:colcon.colcon_core.package_identification:_identify(controller_code/__pycache__) by extension 'python'
[0.256s] Level 1:colcon.colcon_core.package_identification:_identify(controller_code/__pycache__) by extensions ['python_setup_py']
[0.256s] Level 1:colcon.colcon_core.package_identification:_identify(controller_code/__pycache__) by extension 'python_setup_py'
[0.256s] Level 1:colcon.colcon_core.package_identification:_identify(controller_code/msg) by extensions ['ignore', 'ignore_ament_install']
[0.256s] Level 1:colcon.colcon_core.package_identification:_identify(controller_code/msg) by extension 'ignore'
[0.256s] Level 1:colcon.colcon_core.package_identification:_identify(controller_code/msg) by extension 'ignore_ament_install'
[0.256s] Level 1:colcon.colcon_core.package_identification:_identify(controller_code/msg) by extensions ['colcon_pkg']
[0.256s] Level 1:colcon.colcon_core.package_identification:_identify(controller_code/msg) by extension 'colcon_pkg'
[0.256s] Level 1:colcon.colcon_core.package_identification:_identify(controller_code/msg) by extensions ['colcon_meta']
[0.257s] Level 1:colcon.colcon_core.package_identification:_identify(controller_code/msg) by extension 'colcon_meta'
[0.257s] Level 1:colcon.colcon_core.package_identification:_identify(controller_code/msg) by extensions ['ros']
[0.257s] Level 1:colcon.colcon_core.package_identification:_identify(controller_code/msg) by extension 'ros'
[0.257s] Level 1:colcon.colcon_core.package_identification:_identify(controller_code/msg) by extensions ['cmake', 'python']
[0.257s] Level 1:colcon.colcon_core.package_identification:_identify(controller_code/msg) by extension 'cmake'
[0.257s] Level 1:colcon.colcon_core.package_identification:_identify(controller_code/msg) by extension 'python'
[0.257s] Level 1:colcon.colcon_core.package_identification:_identify(controller_code/msg) by extensions ['python_setup_py']
[0.257s] Level 1:colcon.colcon_core.package_identification:_identify(controller_code/msg) by extension 'python_setup_py'
[0.257s] Level 1:colcon.colcon_core.package_identification:_identify(controller_code/test) by extensions ['ignore', 'ignore_ament_install']
[0.257s] Level 1:colcon.colcon_core.package_identification:_identify(controller_code/test) by extension 'ignore'
[0.257s] Level 1:colcon.colcon_core.package_identification:_identify(controller_code/test) by extension 'ignore_ament_install'
[0.257s] Level 1:colcon.colcon_core.package_identification:_identify(controller_code/test) by extensions ['colcon_pkg']
[0.257s] Level 1:colcon.colcon_core.package_identification:_identify(controller_code/test) by extension 'colcon_pkg'
[0.258s] Level 1:colcon.colcon_core.package_identification:_identify(controller_code/test) by extensions ['colcon_meta']
[0.258s] Level 1:colcon.colcon_core.package_identification:_identify(controller_code/test) by extension 'colcon_meta'
[0.258s] Level 1:colcon.colcon_core.package_identification:_identify(controller_code/test) by extensions ['ros']
[0.258s] Level 1:colcon.colcon_core.package_identification:_identify(controller_code/test) by extension 'ros'
[0.258s] Level 1:colcon.colcon_core.package_identification:_identify(controller_code/test) by extensions ['cmake', 'python']
[0.258s] Level 1:colcon.colcon_core.package_identification:_identify(controller_code/test) by extension 'cmake'
[0.258s] Level 1:colcon.colcon_core.package_identification:_identify(controller_code/test) by extension 'python'
[0.258s] Level 1:colcon.colcon_core.package_identification:_identify(controller_code/test) by extensions ['python_setup_py']
[0.258s] Level 1:colcon.colcon_core.package_identification:_identify(controller_code/test) by extension 'python_setup_py'
[0.258s] Level 1:colcon.colcon_core.package_identification:_identify(controller_code/vb_pub) by extensions ['ignore', 'ignore_ament_install']
[0.258s] Level 1:colcon.colcon_core.package_identification:_identify(controller_code/vb_pub) by extension 'ignore'
[0.258s] Level 1:colcon.colcon_core.package_identification:_identify(controller_code/vb_pub) by extension 'ignore_ament_install'
[0.258s] Level 1:colcon.colcon_core.package_identification:_identify(controller_code/vb_pub) by extensions ['colcon_pkg']
[0.258s] Level 1:colcon.colcon_core.package_identification:_identify(controller_code/vb_pub) by extension 'colcon_pkg'
[0.259s] Level 1:colcon.colcon_core.package_identification:_identify(controller_code/vb_pub) by extensions ['colcon_meta']
[0.259s] Level 1:colcon.colcon_core.package_identification:_identify(controller_code/vb_pub) by extension 'colcon_meta'
[0.259s] Level 1:colcon.colcon_core.package_identification:_identify(controller_code/vb_pub) by extensions ['ros']
[0.259s] Level 1:colcon.colcon_core.package_identification:_identify(controller_code/vb_pub) by extension 'ros'
[0.259s] Level 1:colcon.colcon_core.package_identification:_identify(controller_code/vb_pub) by extensions ['cmake', 'python']
[0.259s] Level 1:colcon.colcon_core.package_identification:_identify(controller_code/vb_pub) by extension 'cmake'
[0.259s] Level 1:colcon.colcon_core.package_identification:_identify(controller_code/vb_pub) by extension 'python'
[0.259s] Level 1:colcon.colcon_core.package_identification:_identify(controller_code/vb_pub) by extensions ['python_setup_py']
[0.259s] Level 1:colcon.colcon_core.package_identification:_identify(controller_code/vb_pub) by extension 'python_setup_py'
[0.259s] Level 1:colcon.colcon_core.package_identification:_identify(controller_code_niks.py) by extensions ['ignore', 'ignore_ament_install']
[0.259s] Level 1:colcon.colcon_core.package_identification:_identify(controller_code_niks.py) by extension 'ignore'
[0.259s] Level 1:colcon.colcon_core.package_identification:_identify(controller_code_niks.py) by extension 'ignore_ament_install'
[0.260s] Level 1:colcon.colcon_core.package_identification:_identify(controller_code_niks.py) by extensions ['colcon_pkg']
[0.260s] Level 1:colcon.colcon_core.package_identification:_identify(controller_code_niks.py) by extension 'colcon_pkg'
[0.260s] Level 1:colcon.colcon_core.package_identification:_identify(controller_code_niks.py) by extensions ['colcon_meta']
[0.260s] Level 1:colcon.colcon_core.package_identification:_identify(controller_code_niks.py) by extension 'colcon_meta'
[0.260s] Level 1:colcon.colcon_core.package_identification:_identify(controller_code_niks.py) by extensions ['ros']
[0.260s] Level 1:colcon.colcon_core.package_identification:_identify(controller_code_niks.py) by extension 'ros'
[0.260s] Level 1:colcon.colcon_core.package_identification:_identify(controller_code_niks.py) by extensions ['cmake', 'python']
[0.260s] Level 1:colcon.colcon_core.package_identification:_identify(controller_code_niks.py) by extension 'cmake'
[0.260s] Level 1:colcon.colcon_core.package_identification:_identify(controller_code_niks.py) by extension 'python'
[0.260s] Level 1:colcon.colcon_core.package_identification:_identify(controller_code_niks.py) by extensions ['python_setup_py']
[0.260s] Level 1:colcon.colcon_core.package_identification:_identify(controller_code_niks.py) by extension 'python_setup_py'
[0.260s] Level 1:colcon.colcon_core.package_identification:_identify(controller_code_niks.py/vb_pub) by extensions ['ignore', 'ignore_ament_install']
[0.260s] Level 1:colcon.colcon_core.package_identification:_identify(controller_code_niks.py/vb_pub) by extension 'ignore'
[0.260s] Level 1:colcon.colcon_core.package_identification:_identify(controller_code_niks.py/vb_pub) by extension 'ignore_ament_install'
[0.261s] Level 1:colcon.colcon_core.package_identification:_identify(controller_code_niks.py/vb_pub) by extensions ['colcon_pkg']
[0.261s] Level 1:colcon.colcon_core.package_identification:_identify(controller_code_niks.py/vb_pub) by extension 'colcon_pkg'
[0.261s] Level 1:colcon.colcon_core.package_identification:_identify(controller_code_niks.py/vb_pub) by extensions ['colcon_meta']
[0.261s] Level 1:colcon.colcon_core.package_identification:_identify(controller_code_niks.py/vb_pub) by extension 'colcon_meta'
[0.261s] Level 1:colcon.colcon_core.package_identification:_identify(controller_code_niks.py/vb_pub) by extensions ['ros']
[0.261s] Level 1:colcon.colcon_core.package_identification:_identify(controller_code_niks.py/vb_pub) by extension 'ros'
[0.261s] Level 1:colcon.colcon_core.package_identification:_identify(controller_code_niks.py/vb_pub) by extensions ['cmake', 'python']
[0.261s] Level 1:colcon.colcon_core.package_identification:_identify(controller_code_niks.py/vb_pub) by extension 'cmake'
[0.261s] Level 1:colcon.colcon_core.package_identification:_identify(controller_code_niks.py/vb_pub) by extension 'python'
[0.261s] Level 1:colcon.colcon_core.package_identification:_identify(controller_code_niks.py/vb_pub) by extensions ['python_setup_py']
[0.261s] Level 1:colcon.colcon_core.package_identification:_identify(controller_code_niks.py/vb_pub) by extension 'python_setup_py'
[0.261s] Level 1:colcon.colcon_core.package_identification:_identify(frs_interfaces) by extensions ['ignore', 'ignore_ament_install']
[0.261s] Level 1:colcon.colcon_core.package_identification:_identify(frs_interfaces) by extension 'ignore'
[0.261s] Level 1:colcon.colcon_core.package_identification:_identify(frs_interfaces) by extension 'ignore_ament_install'
[0.262s] Level 1:colcon.colcon_core.package_identification:_identify(frs_interfaces) by extensions ['colcon_pkg']
[0.262s] Level 1:colcon.colcon_core.package_identification:_identify(frs_interfaces) by extension 'colcon_pkg'
[0.262s] Level 1:colcon.colcon_core.package_identification:_identify(frs_interfaces) by extensions ['colcon_meta']
[0.262s] Level 1:colcon.colcon_core.package_identification:_identify(frs_interfaces) by extension 'colcon_meta'
[0.262s] Level 1:colcon.colcon_core.package_identification:_identify(frs_interfaces) by extensions ['ros']
[0.262s] Level 1:colcon.colcon_core.package_identification:_identify(frs_interfaces) by extension 'ros'
[0.265s] DEBUG:colcon.colcon_core.package_identification:Package 'frs_interfaces' with type 'ros.ament_cmake' and name 'frs_interfaces'
[0.265s] Level 1:colcon.colcon_core.package_identification:_identify(install) by extensions ['ignore', 'ignore_ament_install']
[0.265s] Level 1:colcon.colcon_core.package_identification:_identify(install) by extension 'ignore'
[0.265s] Level 1:colcon.colcon_core.package_identification:_identify(install) ignored
[0.265s] Level 1:colcon.colcon_core.package_identification:_identify(log) by extensions ['ignore', 'ignore_ament_install']
[0.265s] Level 1:colcon.colcon_core.package_identification:_identify(log) by extension 'ignore'
[0.265s] Level 1:colcon.colcon_core.package_identification:_identify(log) ignored
[0.266s] Level 1:colcon.colcon_core.package_identification:_identify(vision_node) by extensions ['ignore', 'ignore_ament_install']
[0.266s] Level 1:colcon.colcon_core.package_identification:_identify(vision_node) by extension 'ignore'
[0.266s] Level 1:colcon.colcon_core.package_identification:_identify(vision_node) by extension 'ignore_ament_install'
[0.266s] Level 1:colcon.colcon_core.package_identification:_identify(vision_node) by extensions ['colcon_pkg']
[0.266s] Level 1:colcon.colcon_core.package_identification:_identify(vision_node) by extension 'colcon_pkg'
[0.266s] Level 1:colcon.colcon_core.package_identification:_identify(vision_node) by extensions ['colcon_meta']
[0.266s] Level 1:colcon.colcon_core.package_identification:_identify(vision_node) by extension 'colcon_meta'
[0.266s] Level 1:colcon.colcon_core.package_identification:_identify(vision_node) by extensions ['ros']
[0.266s] Level 1:colcon.colcon_core.package_identification:_identify(vision_node) by extension 'ros'
[0.267s] DEBUG:colcon.colcon_core.package_identification:Package 'vision_node' with type 'ros.ament_python' and name 'vision_node'
[0.267s] Level 1:colcon.colcon_core.package_identification:_identify(voice) by extensions ['ignore', 'ignore_ament_install']
[0.267s] Level 1:colcon.colcon_core.package_identification:_identify(voice) by extension 'ignore'
[0.267s] Level 1:colcon.colcon_core.package_identification:_identify(voice) by extension 'ignore_ament_install'
[0.267s] Level 1:colcon.colcon_core.package_identification:_identify(voice) by extensions ['colcon_pkg']
[0.267s] Level 1:colcon.colcon_core.package_identification:_identify(voice) by extension 'colcon_pkg'
[0.267s] Level 1:colcon.colcon_core.package_identification:_identify(voice) by extensions ['colcon_meta']
[0.267s] Level 1:colcon.colcon_core.package_identification:_identify(voice) by extension 'colcon_meta'
[0.267s] Level 1:colcon.colcon_core.package_identification:_identify(voice) by extensions ['ros']
[0.267s] Level 1:colcon.colcon_core.package_identification:_identify(voice) by extension 'ros'
[0.267s] Level 1:colcon.colcon_core.package_identification:_identify(voice) by extensions ['cmake', 'python']
[0.267s] Level 1:colcon.colcon_core.package_identification:_identify(voice) by extension 'cmake'
[0.268s] Level 1:colcon.colcon_core.package_identification:_identify(voice) by extension 'python'
[0.268s] Level 1:colcon.colcon_core.package_identification:_identify(voice) by extensions ['python_setup_py']
[0.268s] Level 1:colcon.colcon_core.package_identification:_identify(voice) by extension 'python_setup_py'
[0.268s] Level 1:colcon.colcon_core.package_identification:_identify(voice/bednodigdebestanden) by extensions ['ignore', 'ignore_ament_install']
[0.268s] Level 1:colcon.colcon_core.package_identification:_identify(voice/bednodigdebestanden) by extension 'ignore'
[0.268s] Level 1:colcon.colcon_core.package_identification:_identify(voice/bednodigdebestanden) by extension 'ignore_ament_install'
[0.268s] Level 1:colcon.colcon_core.package_identification:_identify(voice/bednodigdebestanden) by extensions ['colcon_pkg']
[0.268s] Level 1:colcon.colcon_core.package_identification:_identify(voice/bednodigdebestanden) by extension 'colcon_pkg'
[0.268s] Level 1:colcon.colcon_core.package_identification:_identify(voice/bednodigdebestanden) by extensions ['colcon_meta']
[0.268s] Level 1:colcon.colcon_core.package_identification:_identify(voice/bednodigdebestanden) by extension 'colcon_meta'
[0.268s] Level 1:colcon.colcon_core.package_identification:_identify(voice/bednodigdebestanden) by extensions ['ros']
[0.268s] Level 1:colcon.colcon_core.package_identification:_identify(voice/bednodigdebestanden) by extension 'ros'
[0.268s] Level 1:colcon.colcon_core.package_identification:_identify(voice/bednodigdebestanden) by extensions ['cmake', 'python']
[0.269s] Level 1:colcon.colcon_core.package_identification:_identify(voice/bednodigdebestanden) by extension 'cmake'
[0.269s] Level 1:colcon.colcon_core.package_identification:_identify(voice/bednodigdebestanden) by extension 'python'
[0.269s] Level 1:colcon.colcon_core.package_identification:_identify(voice/bednodigdebestanden) by extensions ['python_setup_py']
[0.269s] Level 1:colcon.colcon_core.package_identification:_identify(voice/bednodigdebestanden) by extension 'python_setup_py'
[0.269s] Level 1:colcon.colcon_core.package_identification:_identify(voice/bednodigdebestanden/vr_sample_bridge) by extensions ['ignore', 'ignore_ament_install']
[0.269s] Level 1:colcon.colcon_core.package_identification:_identify(voice/bednodigdebestanden/vr_sample_bridge) by extension 'ignore'
[0.269s] Level 1:colcon.colcon_core.package_identification:_identify(voice/bednodigdebestanden/vr_sample_bridge) by extension 'ignore_ament_install'
[0.269s] Level 1:colcon.colcon_core.package_identification:_identify(voice/bednodigdebestanden/vr_sample_bridge) by extensions ['colcon_pkg']
[0.269s] Level 1:colcon.colcon_core.package_identification:_identify(voice/bednodigdebestanden/vr_sample_bridge) by extension 'colcon_pkg'
[0.269s] Level 1:colcon.colcon_core.package_identification:_identify(voice/bednodigdebestanden/vr_sample_bridge) by extensions ['colcon_meta']
[0.269s] Level 1:colcon.colcon_core.package_identification:_identify(voice/bednodigdebestanden/vr_sample_bridge) by extension 'colcon_meta'
[0.269s] Level 1:colcon.colcon_core.package_identification:_identify(voice/bednodigdebestanden/vr_sample_bridge) by extensions ['ros']
[0.269s] Level 1:colcon.colcon_core.package_identification:_identify(voice/bednodigdebestanden/vr_sample_bridge) by extension 'ros'
[0.270s] Level 1:colcon.colcon_core.package_identification:_identify(voice/bednodigdebestanden/vr_sample_bridge) by extensions ['cmake', 'python']
[0.270s] Level 1:colcon.colcon_core.package_identification:_identify(voice/bednodigdebestanden/vr_sample_bridge) by extension 'cmake'
[0.270s] Level 1:colcon.colcon_core.package_identification:_identify(voice/bednodigdebestanden/vr_sample_bridge) by extension 'python'
[0.270s] Level 1:colcon.colcon_core.package_identification:_identify(voice/bednodigdebestanden/vr_sample_bridge) by extensions ['python_setup_py']
[0.270s] Level 1:colcon.colcon_core.package_identification:_identify(voice/bednodigdebestanden/vr_sample_bridge) by extension 'python_setup_py'
[0.270s] Level 1:colcon.colcon_core.package_identification:_identify(voice/bednodigdebestanden/vr_sample_train) by extensions ['ignore', 'ignore_ament_install']
[0.270s] Level 1:colcon.colcon_core.package_identification:_identify(voice/bednodigdebestanden/vr_sample_train) by extension 'ignore'
[0.270s] Level 1:colcon.colcon_core.package_identification:_identify(voice/bednodigdebestanden/vr_sample_train) by extension 'ignore_ament_install'
[0.270s] Level 1:colcon.colcon_core.package_identification:_identify(voice/bednodigdebestanden/vr_sample_train) by extensions ['colcon_pkg']
[0.270s] Level 1:colcon.colcon_core.package_identification:_identify(voice/bednodigdebestanden/vr_sample_train) by extension 'colcon_pkg'
[0.270s] Level 1:colcon.colcon_core.package_identification:_identify(voice/bednodigdebestanden/vr_sample_train) by extensions ['colcon_meta']
[0.270s] Level 1:colcon.colcon_core.package_identification:_identify(voice/bednodigdebestanden/vr_sample_train) by extension 'colcon_meta'
[0.270s] Level 1:colcon.colcon_core.package_identification:_identify(voice/bednodigdebestanden/vr_sample_train) by extensions ['ros']
[0.270s] Level 1:colcon.colcon_core.package_identification:_identify(voice/bednodigdebestanden/vr_sample_train) by extension 'ros'
[0.271s] Level 1:colcon.colcon_core.package_identification:_identify(voice/bednodigdebestanden/vr_sample_train) by extensions ['cmake', 'python']
[0.271s] Level 1:colcon.colcon_core.package_identification:_identify(voice/bednodigdebestanden/vr_sample_train) by extension 'cmake'
[0.271s] Level 1:colcon.colcon_core.package_identification:_identify(voice/bednodigdebestanden/vr_sample_train) by extension 'python'
[0.271s] Level 1:colcon.colcon_core.package_identification:_identify(voice/bednodigdebestanden/vr_sample_train) by extensions ['python_setup_py']
[0.271s] Level 1:colcon.colcon_core.package_identification:_identify(voice/bednodigdebestanden/vr_sample_train) by extension 'python_setup_py'
[0.271s] Level 1:colcon.colcon_core.package_discovery:discover_packages(recursive) using defaults
[0.271s] Level 1:colcon.colcon_core.package_discovery:discover_packages(ignore) discover
[0.271s] Level 1:colcon.colcon_core.package_discovery:discover_packages(ignore) using defaults
[0.271s] Level 1:colcon.colcon_core.package_discovery:discover_packages(path) discover
[0.271s] Level 1:colcon.colcon_core.package_discovery:discover_packages(path) using defaults
[0.295s] INFO:colcon.colcon_core.package_selection:Skipping not selected package 'vision_node' in 'vision_node'
[0.295s] Level 1:colcon.colcon_core.package_discovery:discover_packages(prefix_path) check parameters
[0.295s] Level 1:colcon.colcon_core.package_discovery:discover_packages(prefix_path) discover
[0.302s] DEBUG:colcon.colcon_installed_package_information.package_discovery:Found 2 installed packages in /home/student/ros2_industrial_ws/robot_arm_b2/install
[0.304s] DEBUG:colcon.colcon_installed_package_information.package_discovery:Found 20 installed packages in /home/student/ros2_industrial_ws/install
[0.305s] DEBUG:colcon.colcon_installed_package_information.package_discovery:Found 12 installed packages in /home/student/xarm_ws/install
[0.309s] DEBUG:colcon.colcon_installed_package_information.package_discovery:Found 403 installed packages in /opt/ros/jazzy
[0.310s] Level 1:colcon.colcon_core.package_discovery:discover_packages(prefix_path) using defaults
[0.381s] Level 5:colcon.colcon_core.verb:set package 'frs_interfaces' build argument 'cmake_args' from command line to 'None'
[0.381s] Level 5:colcon.colcon_core.verb:set package 'frs_interfaces' build argument 'cmake_target' from command line to 'None'
[0.382s] Level 5:colcon.colcon_core.verb:set package 'frs_interfaces' build argument 'cmake_target_skip_unavailable' from command line to 'False'
[0.382s] Level 5:colcon.colcon_core.verb:set package 'frs_interfaces' build argument 'cmake_clean_cache' from command line to 'False'
[0.382s] Level 5:colcon.colcon_core.verb:set package 'frs_interfaces' build argument 'cmake_clean_first' from command line to 'False'
[0.382s] Level 5:colcon.colcon_core.verb:set package 'frs_interfaces' build argument 'cmake_force_configure' from command line to 'False'
[0.382s] Level 5:colcon.colcon_core.verb:set package 'frs_interfaces' build argument 'ament_cmake_args' from command line to 'None'
[0.382s] Level 5:colcon.colcon_core.verb:set package 'frs_interfaces' build argument 'catkin_cmake_args' from command line to 'None'
[0.382s] Level 5:colcon.colcon_core.verb:set package 'frs_interfaces' build argument 'catkin_skip_building_tests' from command line to 'False'
[0.382s] DEBUG:colcon.colcon_core.verb:Building package 'frs_interfaces' with the following arguments: {'ament_cmake_args': None, 'build_base': '/home/student/ros2_industrial_ws/robot_arm_b2/build/frs_interfaces', 'catkin_cmake_args': None, 'catkin_skip_building_tests': False, 'cmake_args': None, 'cmake_clean_cache': False, 'cmake_clean_first': False, 'cmake_force_configure': False, 'cmake_target': None, 'cmake_target_skip_unavailable': False, 'install_base': '/home/student/ros2_industrial_ws/robot_arm_b2/install/frs_interfaces', 'merge_install': False, 'path': '/home/student/ros2_industrial_ws/robot_arm_b2/frs_interfaces', 'symlink_install': False, 'test_result_base': None}
[0.382s] INFO:colcon.colcon_core.executor:Executing jobs using 'parallel' executor
[0.383s] DEBUG:colcon.colcon_parallel_executor.executor.parallel:run_until_complete
[0.383s] INFO:colcon.colcon_ros.task.ament_cmake.build:Building ROS package in '/home/student/ros2_industrial_ws/robot_arm_b2/frs_interfaces' with build type 'ament_cmake'
[0.384s] INFO:colcon.colcon_cmake.task.cmake.build:Building CMake package in '/home/student/ros2_industrial_ws/robot_arm_b2/frs_interfaces'
[0.388s] INFO:colcon.colcon_core.plugin_system:Skipping extension 'colcon_core.shell.bat': Not used on non-Windows systems
[0.388s] INFO:colcon.colcon_core.shell:Skip shell extension 'powershell' for command environment: Not usable outside of PowerShell
[0.388s] DEBUG:colcon.colcon_core.shell:Skip shell extension 'dsv' for command environment
[0.422s] DEBUG:colcon.colcon_core.event_handler.log_command:Invoking command in '/home/student/ros2_industrial_ws/robot_arm_b2/build/frs_interfaces': CMAKE_PREFIX_PATH=${CMAKE_PREFIX_PATH}:/home/student/ros2_industrial_ws/robot_arm_b2/install/vision_node:/home/student/ros2_industrial_ws/install/urdf_basics:/home/student/ros2_industrial_ws/install/transferframes:/home/student/ros2_industrial_ws/install/template_package_python:/home/student/ros2_industrial_ws/install/ros_industrial_utilities:/home/student/ros2_industrial_ws/install/ros_industrial_support:/home/student/ros2_industrial_ws/install/range_sensor:/home/student/ros2_industrial_ws/install/node_demo:/home/student/ros2_industrial_ws/install/manipulation:/home/student/ros2_industrial_ws/install/fanuc_robots:/home/student/xarm_ws/install/uf_ros_lib:/opt/ros/jazzy DEBUGINFOD_URLS=https://debuginfod.ubuntu.com /usr/bin/cmake --build /home/student/ros2_industrial_ws/robot_arm_b2/build/frs_interfaces -- -j4 -l4
[0.483s] DEBUG:colcon.colcon_core.event_handler.log_command:Invoked command in '/home/student/ros2_industrial_ws/robot_arm_b2/build/frs_interfaces' returned '2': CMAKE_PREFIX_PATH=${CMAKE_PREFIX_PATH}:/home/student/ros2_industrial_ws/robot_arm_b2/install/vision_node:/home/student/ros2_industrial_ws/install/urdf_basics:/home/student/ros2_industrial_ws/install/transferframes:/home/student/ros2_industrial_ws/install/template_package_python:/home/student/ros2_industrial_ws/install/ros_industrial_utilities:/home/student/ros2_industrial_ws/install/ros_industrial_support:/home/student/ros2_industrial_ws/install/range_sensor:/home/student/ros2_industrial_ws/install/node_demo:/home/student/ros2_industrial_ws/install/manipulation:/home/student/ros2_industrial_ws/install/fanuc_robots:/home/student/xarm_ws/install/uf_ros_lib:/opt/ros/jazzy DEBUGINFOD_URLS=https://debuginfod.ubuntu.com /usr/bin/cmake --build /home/student/ros2_industrial_ws/robot_arm_b2/build/frs_interfaces -- -j4 -l4
[0.484s] Level 1:colcon.colcon_core.environment:create_environment_scripts_only(frs_interfaces)
[0.488s] Level 1:colcon.colcon_core.environment:checking '/home/student/ros2_industrial_ws/robot_arm_b2/install/frs_interfaces' for CMake module files
[0.489s] Level 1:colcon.colcon_core.environment:checking '/home/student/ros2_industrial_ws/robot_arm_b2/install/frs_interfaces' for CMake config files
[0.490s] Level 1:colcon.colcon_core.shell:create_environment_hook('frs_interfaces', 'cmake_prefix_path')
[0.490s] INFO:colcon.colcon_core.shell:Creating environment hook '/home/student/ros2_industrial_ws/robot_arm_b2/install/frs_interfaces/share/frs_interfaces/hook/cmake_prefix_path.ps1'
[0.491s] INFO:colcon.colcon_core.shell:Creating environment descriptor '/home/student/ros2_industrial_ws/robot_arm_b2/install/frs_interfaces/share/frs_interfaces/hook/cmake_prefix_path.dsv'
[0.492s] INFO:colcon.colcon_core.shell:Creating environment hook '/home/student/ros2_industrial_ws/robot_arm_b2/install/frs_interfaces/share/frs_interfaces/hook/cmake_prefix_path.sh'
[0.493s] Level 1:colcon.colcon_core.environment:checking '/home/student/ros2_industrial_ws/robot_arm_b2/install/frs_interfaces/lib'
[0.493s] Level 1:colcon.colcon_core.shell:create_environment_hook('frs_interfaces', 'ld_library_path_lib')
[0.493s] INFO:colcon.colcon_core.shell:Creating environment hook '/home/student/ros2_industrial_ws/robot_arm_b2/install/frs_interfaces/share/frs_interfaces/hook/ld_library_path_lib.ps1'
[0.493s] INFO:colcon.colcon_core.shell:Creating environment descriptor '/home/student/ros2_industrial_ws/robot_arm_b2/install/frs_interfaces/share/frs_interfaces/hook/ld_library_path_lib.dsv'
[0.494s] INFO:colcon.colcon_core.shell:Creating environment hook '/home/student/ros2_industrial_ws/robot_arm_b2/install/frs_interfaces/share/frs_interfaces/hook/ld_library_path_lib.sh'
[0.494s] Level 1:colcon.colcon_core.environment:checking '/home/student/ros2_industrial_ws/robot_arm_b2/install/frs_interfaces/bin'
[0.494s] Level 1:colcon.colcon_core.environment:checking '/home/student/ros2_industrial_ws/robot_arm_b2/install/frs_interfaces/lib/pkgconfig/frs_interfaces.pc'
[0.495s] Level 1:colcon.colcon_core.environment:checking '/home/student/ros2_industrial_ws/robot_arm_b2/install/frs_interfaces/lib/python3.12/site-packages'
[0.495s] Level 1:colcon.colcon_core.shell:create_environment_hook('frs_interfaces', 'pythonpath')
[0.495s] INFO:colcon.colcon_core.shell:Creating environment hook '/home/student/ros2_industrial_ws/robot_arm_b2/install/frs_interfaces/share/frs_interfaces/hook/pythonpath.ps1'
[0.495s] INFO:colcon.colcon_core.shell:Creating environment descriptor '/home/student/ros2_industrial_ws/robot_arm_b2/install/frs_interfaces/share/frs_interfaces/hook/pythonpath.dsv'
[0.496s] INFO:colcon.colcon_core.shell:Creating environment hook '/home/student/ros2_industrial_ws/robot_arm_b2/install/frs_interfaces/share/frs_interfaces/hook/pythonpath.sh'
[0.497s] Level 1:colcon.colcon_core.environment:checking '/home/student/ros2_industrial_ws/robot_arm_b2/install/frs_interfaces/bin'
[0.497s] INFO:colcon.colcon_core.shell:Creating package script '/home/student/ros2_industrial_ws/robot_arm_b2/install/frs_interfaces/share/frs_interfaces/package.ps1'
[0.498s] INFO:colcon.colcon_core.shell:Creating package descriptor '/home/student/ros2_industrial_ws/robot_arm_b2/install/frs_interfaces/share/frs_interfaces/package.dsv'
[0.498s] INFO:colcon.colcon_core.shell:Creating package script '/home/student/ros2_industrial_ws/robot_arm_b2/install/frs_interfaces/share/frs_interfaces/package.sh'
[0.499s] INFO:colcon.colcon_core.shell:Creating package script '/home/student/ros2_industrial_ws/robot_arm_b2/install/frs_interfaces/share/frs_interfaces/package.bash'
[0.500s] INFO:colcon.colcon_core.shell:Creating package script '/home/student/ros2_industrial_ws/robot_arm_b2/install/frs_interfaces/share/frs_interfaces/package.zsh'
[0.501s] Level 1:colcon.colcon_core.environment:create_file_with_runtime_dependencies(/home/student/ros2_industrial_ws/robot_arm_b2/install/frs_interfaces/share/colcon-core/packages/frs_interfaces)
[0.512s] DEBUG:colcon.colcon_parallel_executor.executor.parallel:closing loop
[0.512s] DEBUG:colcon.colcon_parallel_executor.executor.parallel:loop closed
[0.512s] DEBUG:colcon.colcon_parallel_executor.executor.parallel:run_until_complete finished with '2'
[0.513s] DEBUG:colcon.colcon_core.event_reactor:joining thread
[0.531s] INFO:colcon.colcon_core.plugin_system:Skipping extension 'colcon_notification.desktop_notification.terminal_notifier': Not used on non-Darwin systems
[0.531s] INFO:colcon.colcon_core.plugin_system:Skipping extension 'colcon_notification.desktop_notification.win32': Not used on non-Windows systems
[0.531s] INFO:colcon.colcon_notification.desktop_notification:Sending desktop notification using 'notify2'
[0.565s] DEBUG:colcon.colcon_core.event_reactor:joined thread
[0.565s] INFO:colcon.colcon_core.shell:Creating prefix script '/home/student/ros2_industrial_ws/robot_arm_b2/install/local_setup.ps1'
[0.566s] INFO:colcon.colcon_core.shell:Creating prefix util module '/home/student/ros2_industrial_ws/robot_arm_b2/install/_local_setup_util_ps1.py'
[0.568s] INFO:colcon.colcon_core.shell:Creating prefix chain script '/home/student/ros2_industrial_ws/robot_arm_b2/install/setup.ps1'
[0.584s] INFO:colcon.colcon_core.shell:Creating prefix script '/home/student/ros2_industrial_ws/robot_arm_b2/install/local_setup.sh'
[0.585s] INFO:colcon.colcon_core.shell:Creating prefix util module '/home/student/ros2_industrial_ws/robot_arm_b2/install/_local_setup_util_sh.py'
[0.588s] INFO:colcon.colcon_core.shell:Creating prefix chain script '/home/student/ros2_industrial_ws/robot_arm_b2/install/setup.sh'
[0.596s] INFO:colcon.colcon_core.shell:Creating prefix script '/home/student/ros2_industrial_ws/robot_arm_b2/install/local_setup.bash'
[0.597s] INFO:colcon.colcon_core.shell:Creating prefix chain script '/home/student/ros2_industrial_ws/robot_arm_b2/install/setup.bash'
[0.610s] INFO:colcon.colcon_core.shell:Creating prefix script '/home/student/ros2_industrial_ws/robot_arm_b2/install/local_setup.zsh'
[0.611s] INFO:colcon.colcon_core.shell:Creating prefix chain script '/home/student/ros2_industrial_ws/robot_arm_b2/install/setup.zsh'
