[0.028s] Invoking command in '/home/student/Vision/robot_arm_b2/build/frs_interfaces': CMAKE_PREFIX_PATH=${CMAKE_PREFIX_PATH}:/opt/ros/jazzy DEBUGINFOD_URLS=https://debuginfod.ubuntu.com /usr/bin/cmake --build /home/student/Vision/robot_arm_b2/build/frs_interfaces -- -j4 -l4
[0.221s] [  2%] Built target frs_interfaces__rosidl_generator_type_description
[0.240s] [  2%] Built target ament_cmake_python_copy_frs_interfaces
[0.261s] [  5%] Built target frs_interfaces__cpp
[0.293s] [ 20%] Built target frs_interfaces__rosidl_generator_c
[0.368s] [ 29%] Built target frs_interfaces__rosidl_typesupport_c
[0.378s] [ 38%] Built target frs_interfaces__rosidl_typesupport_fastrtps_cpp
[0.382s] [ 47%] Built target frs_interfaces__rosidl_typesupport_introspection_cpp
[0.429s] [ 55%] Built target frs_interfaces__rosidl_typesupport_cpp
[0.438s] [ 64%] Built target frs_interfaces__rosidl_typesupport_introspection_c
[0.444s] [ 73%] Built target frs_interfaces__rosidl_typesupport_fastrtps_c
[0.469s] running egg_info
[0.490s] writing frs_interfaces.egg-info/PKG-INFO
[0.490s] writing dependency_links to frs_interfaces.egg-info/dependency_links.txt
[0.490s] writing top-level names to frs_interfaces.egg-info/top_level.txt
[0.494s] [ 73%] Built target frs_interfaces
[0.552s] [ 76%] Built target frs_interfaces__py
[0.576s] reading manifest file 'frs_interfaces.egg-info/SOURCES.txt'
[0.577s] writing manifest file 'frs_interfaces.egg-info/SOURCES.txt'
[0.621s] [ 76%] Built target ament_cmake_python_build_frs_interfaces_egg
[0.656s] [ 82%] Built target frs_interfaces__rosidl_generator_py
[0.701s] [ 88%] Built target frs_interfaces_s__rosidl_typesupport_c
[0.711s] [ 94%] Built target frs_interfaces_s__rosidl_typesupport_fastrtps_c
[0.731s] [100%] Built target frs_interfaces_s__rosidl_typesupport_introspection_c
[0.751s] Invoked command in '/home/student/Vision/robot_arm_b2/build/frs_interfaces' returned '0': CMAKE_PREFIX_PATH=${CMAKE_PREFIX_PATH}:/opt/ros/jazzy DEBUGINFOD_URLS=https://debuginfod.ubuntu.com /usr/bin/cmake --build /home/student/Vision/robot_arm_b2/build/frs_interfaces -- -j4 -l4
[0.774s] Invoking command in '/home/student/Vision/robot_arm_b2/build/frs_interfaces': CMAKE_PREFIX_PATH=${CMAKE_PREFIX_PATH}:/opt/ros/jazzy DEBUGINFOD_URLS=https://debuginfod.ubuntu.com /usr/bin/cmake --install /home/student/Vision/robot_arm_b2/build/frs_interfaces
[0.792s] -- Install configuration: ""
[0.792s] -- Up-to-date: /home/student/Vision/robot_arm_b2/install/frs_interfaces/share/ament_index/resource_index/rosidl_interfaces/frs_interfaces
[0.792s] -- Up-to-date: /home/student/Vision/robot_arm_b2/install/frs_interfaces/share/frs_interfaces/msg/DetectieResultaat.json
[0.792s] -- Up-to-date: /home/student/Vision/robot_arm_b2/install/frs_interfaces/include/frs_interfaces/frs_interfaces
[0.792s] -- Up-to-date: /home/student/Vision/robot_arm_b2/install/frs_interfaces/include/frs_interfaces/frs_interfaces/msg
[0.792s] -- Up-to-date: /home/student/Vision/robot_arm_b2/install/frs_interfaces/include/frs_interfaces/frs_interfaces/msg/detail
[0.792s] -- Up-to-date: /home/student/Vision/robot_arm_b2/install/frs_interfaces/include/frs_interfaces/frs_interfaces/msg/detail/detectie_resultaat__type_support.h
[0.792s] -- Up-to-date: /home/student/Vision/robot_arm_b2/install/frs_interfaces/include/frs_interfaces/frs_interfaces/msg/detail/detectie_resultaat__struct.h
[0.792s] -- Up-to-date: /home/student/Vision/robot_arm_b2/install/frs_interfaces/include/frs_interfaces/frs_interfaces/msg/detail/detectie_resultaat__functions.h
[0.792s] -- Up-to-date: /home/student/Vision/robot_arm_b2/install/frs_interfaces/include/frs_interfaces/frs_interfaces/msg/detail/detectie_resultaat__functions.c
[0.792s] -- Up-to-date: /home/student/Vision/robot_arm_b2/install/frs_interfaces/include/frs_interfaces/frs_interfaces/msg/detail/detectie_resultaat__description.c
[0.792s] -- Up-to-date: /home/student/Vision/robot_arm_b2/install/frs_interfaces/include/frs_interfaces/frs_interfaces/msg/detail/detectie_resultaat__type_support.c
[0.792s] -- Up-to-date: /home/student/Vision/robot_arm_b2/install/frs_interfaces/include/frs_interfaces/frs_interfaces/msg/detectie_resultaat.h
[0.792s] -- Up-to-date: /home/student/Vision/robot_arm_b2/install/frs_interfaces/include/frs_interfaces/frs_interfaces/msg/rosidl_generator_c__visibility_control.h
[0.792s] -- Up-to-date: /home/student/Vision/robot_arm_b2/install/frs_interfaces/share/frs_interfaces/environment/library_path.sh
[0.793s] -- Up-to-date: /home/student/Vision/robot_arm_b2/install/frs_interfaces/share/frs_interfaces/environment/library_path.dsv
[0.793s] -- Up-to-date: /home/student/Vision/robot_arm_b2/install/frs_interfaces/lib/libfrs_interfaces__rosidl_generator_c.so
[0.793s] -- Up-to-date: /home/student/Vision/robot_arm_b2/install/frs_interfaces/include/frs_interfaces/frs_interfaces
[0.793s] -- Up-to-date: /home/student/Vision/robot_arm_b2/install/frs_interfaces/include/frs_interfaces/frs_interfaces/msg
[0.793s] -- Up-to-date: /home/student/Vision/robot_arm_b2/install/frs_interfaces/include/frs_interfaces/frs_interfaces/msg/detail
[0.793s] -- Up-to-date: /home/student/Vision/robot_arm_b2/install/frs_interfaces/include/frs_interfaces/frs_interfaces/msg/detail/detectie_resultaat__rosidl_typesupport_fastrtps_c.h
[0.794s] -- Up-to-date: /home/student/Vision/robot_arm_b2/install/frs_interfaces/include/frs_interfaces/frs_interfaces/msg/rosidl_typesupport_fastrtps_c__visibility_control.h
[0.794s] -- Up-to-date: /home/student/Vision/robot_arm_b2/install/frs_interfaces/lib/libfrs_interfaces__rosidl_typesupport_fastrtps_c.so
[0.795s] -- Up-to-date: /home/student/Vision/robot_arm_b2/install/frs_interfaces/include/frs_interfaces/frs_interfaces
[0.795s] -- Up-to-date: /home/student/Vision/robot_arm_b2/install/frs_interfaces/include/frs_interfaces/frs_interfaces/msg
[0.795s] -- Up-to-date: /home/student/Vision/robot_arm_b2/install/frs_interfaces/include/frs_interfaces/frs_interfaces/msg/detail
[0.796s] -- Up-to-date: /home/student/Vision/robot_arm_b2/install/frs_interfaces/include/frs_interfaces/frs_interfaces/msg/detail/detectie_resultaat__rosidl_typesupport_introspection_c.h
[0.796s] -- Up-to-date: /home/student/Vision/robot_arm_b2/install/frs_interfaces/include/frs_interfaces/frs_interfaces/msg/detail/detectie_resultaat__type_support.c
[0.796s] -- Up-to-date: /home/student/Vision/robot_arm_b2/install/frs_interfaces/include/frs_interfaces/frs_interfaces/msg/rosidl_typesupport_introspection_c__visibility_control.h
[0.796s] -- Up-to-date: /home/student/Vision/robot_arm_b2/install/frs_interfaces/lib/libfrs_interfaces__rosidl_typesupport_introspection_c.so
[0.797s] -- Up-to-date: /home/student/Vision/robot_arm_b2/install/frs_interfaces/lib/libfrs_interfaces__rosidl_typesupport_c.so
[0.797s] -- Up-to-date: /home/student/Vision/robot_arm_b2/install/frs_interfaces/include/frs_interfaces/frs_interfaces
[0.798s] -- Up-to-date: /home/student/Vision/robot_arm_b2/install/frs_interfaces/include/frs_interfaces/frs_interfaces/msg
[0.798s] -- Up-to-date: /home/student/Vision/robot_arm_b2/install/frs_interfaces/include/frs_interfaces/frs_interfaces/msg/detail
[0.799s] -- Up-to-date: /home/student/Vision/robot_arm_b2/install/frs_interfaces/include/frs_interfaces/frs_interfaces/msg/detail/detectie_resultaat__builder.hpp
[0.799s] -- Up-to-date: /home/student/Vision/robot_arm_b2/install/frs_interfaces/include/frs_interfaces/frs_interfaces/msg/detail/detectie_resultaat__type_support.hpp
[0.800s] -- Up-to-date: /home/student/Vision/robot_arm_b2/install/frs_interfaces/include/frs_interfaces/frs_interfaces/msg/detail/detectie_resultaat__traits.hpp
[0.800s] -- Up-to-date: /home/student/Vision/robot_arm_b2/install/frs_interfaces/include/frs_interfaces/frs_interfaces/msg/detail/detectie_resultaat__struct.hpp
[0.802s] -- Up-to-date: /home/student/Vision/robot_arm_b2/install/frs_interfaces/include/frs_interfaces/frs_interfaces/msg/rosidl_generator_cpp__visibility_control.hpp
[0.802s] -- Up-to-date: /home/student/Vision/robot_arm_b2/install/frs_interfaces/include/frs_interfaces/frs_interfaces/msg/detectie_resultaat.hpp
[0.802s] -- Up-to-date: /home/student/Vision/robot_arm_b2/install/frs_interfaces/include/frs_interfaces/frs_interfaces
[0.802s] -- Up-to-date: /home/student/Vision/robot_arm_b2/install/frs_interfaces/include/frs_interfaces/frs_interfaces/msg
[0.802s] -- Up-to-date: /home/student/Vision/robot_arm_b2/install/frs_interfaces/include/frs_interfaces/frs_interfaces/msg/detail
[0.802s] -- Up-to-date: /home/student/Vision/robot_arm_b2/install/frs_interfaces/include/frs_interfaces/frs_interfaces/msg/detail/dds_fastrtps
[0.802s] -- Up-to-date: /home/student/Vision/robot_arm_b2/install/frs_interfaces/include/frs_interfaces/frs_interfaces/msg/detail/detectie_resultaat__rosidl_typesupport_fastrtps_cpp.hpp
[0.802s] -- Up-to-date: /home/student/Vision/robot_arm_b2/install/frs_interfaces/include/frs_interfaces/frs_interfaces/msg/rosidl_typesupport_fastrtps_cpp__visibility_control.h
[0.804s] -- Up-to-date: /home/student/Vision/robot_arm_b2/install/frs_interfaces/lib/libfrs_interfaces__rosidl_typesupport_fastrtps_cpp.so
[0.804s] -- Up-to-date: /home/student/Vision/robot_arm_b2/install/frs_interfaces/include/frs_interfaces/frs_interfaces
[0.805s] -- Up-to-date: /home/student/Vision/robot_arm_b2/install/frs_interfaces/include/frs_interfaces/frs_interfaces/msg
[0.806s] -- Up-to-date: /home/student/Vision/robot_arm_b2/install/frs_interfaces/include/frs_interfaces/frs_interfaces/msg/detail
[0.806s] -- Up-to-date: /home/student/Vision/robot_arm_b2/install/frs_interfaces/include/frs_interfaces/frs_interfaces/msg/detail/detectie_resultaat__rosidl_typesupport_introspection_cpp.hpp
[0.806s] -- Up-to-date: /home/student/Vision/robot_arm_b2/install/frs_interfaces/include/frs_interfaces/frs_interfaces/msg/detail/detectie_resultaat__type_support.cpp
[0.807s] -- Up-to-date: /home/student/Vision/robot_arm_b2/install/frs_interfaces/lib/libfrs_interfaces__rosidl_typesupport_introspection_cpp.so
[0.808s] -- Up-to-date: /home/student/Vision/robot_arm_b2/install/frs_interfaces/lib/libfrs_interfaces__rosidl_typesupport_cpp.so
[0.808s] -- Up-to-date: /home/student/Vision/robot_arm_b2/install/frs_interfaces/share/frs_interfaces/environment/pythonpath.sh
[0.809s] -- Up-to-date: /home/student/Vision/robot_arm_b2/install/frs_interfaces/share/frs_interfaces/environment/pythonpath.dsv
[0.809s] -- Up-to-date: /home/student/Vision/robot_arm_b2/install/frs_interfaces/lib/python3.12/site-packages/frs_interfaces-0.0.0-py3.12.egg-info
[0.809s] -- Installing: /home/student/Vision/robot_arm_b2/install/frs_interfaces/lib/python3.12/site-packages/frs_interfaces-0.0.0-py3.12.egg-info/dependency_links.txt
[0.810s] -- Installing: /home/student/Vision/robot_arm_b2/install/frs_interfaces/lib/python3.12/site-packages/frs_interfaces-0.0.0-py3.12.egg-info/top_level.txt
[0.812s] -- Installing: /home/student/Vision/robot_arm_b2/install/frs_interfaces/lib/python3.12/site-packages/frs_interfaces-0.0.0-py3.12.egg-info/SOURCES.txt
[0.813s] -- Installing: /home/student/Vision/robot_arm_b2/install/frs_interfaces/lib/python3.12/site-packages/frs_interfaces-0.0.0-py3.12.egg-info/PKG-INFO
[0.813s] -- Up-to-date: /home/student/Vision/robot_arm_b2/install/frs_interfaces/lib/python3.12/site-packages/frs_interfaces
[0.813s] -- Up-to-date: /home/student/Vision/robot_arm_b2/install/frs_interfaces/lib/python3.12/site-packages/frs_interfaces/frs_interfaces_s__rosidl_typesupport_fastrtps_c.so
[0.814s] -- Up-to-date: /home/student/Vision/robot_arm_b2/install/frs_interfaces/lib/python3.12/site-packages/frs_interfaces/_frs_interfaces_s.ep.rosidl_typesupport_c.c
[0.814s] -- Up-to-date: /home/student/Vision/robot_arm_b2/install/frs_interfaces/lib/python3.12/site-packages/frs_interfaces/frs_interfaces_s__rosidl_typesupport_c.so
[0.814s] -- Up-to-date: /home/student/Vision/robot_arm_b2/install/frs_interfaces/lib/python3.12/site-packages/frs_interfaces/frs_interfaces_s__rosidl_typesupport_introspection_c.so
[0.814s] -- Up-to-date: /home/student/Vision/robot_arm_b2/install/frs_interfaces/lib/python3.12/site-packages/frs_interfaces/__init__.py
[0.814s] -- Up-to-date: /home/student/Vision/robot_arm_b2/install/frs_interfaces/lib/python3.12/site-packages/frs_interfaces/_frs_interfaces_s.ep.rosidl_typesupport_fastrtps_c.c
[0.814s] -- Up-to-date: /home/student/Vision/robot_arm_b2/install/frs_interfaces/lib/python3.12/site-packages/frs_interfaces/_frs_interfaces_s.ep.rosidl_typesupport_introspection_c.c
[0.815s] -- Up-to-date: /home/student/Vision/robot_arm_b2/install/frs_interfaces/lib/python3.12/site-packages/frs_interfaces/msg
[0.815s] -- Up-to-date: /home/student/Vision/robot_arm_b2/install/frs_interfaces/lib/python3.12/site-packages/frs_interfaces/msg/_detectie_resultaat.py
[0.815s] -- Up-to-date: /home/student/Vision/robot_arm_b2/install/frs_interfaces/lib/python3.12/site-packages/frs_interfaces/msg/_detectie_resultaat_s.c
[0.815s] -- Up-to-date: /home/student/Vision/robot_arm_b2/install/frs_interfaces/lib/python3.12/site-packages/frs_interfaces/msg/__init__.py
[0.898s] Listing '/home/student/Vision/robot_arm_b2/install/frs_interfaces/lib/python3.12/site-packages/frs_interfaces'...
[0.898s] Listing '/home/student/Vision/robot_arm_b2/install/frs_interfaces/lib/python3.12/site-packages/frs_interfaces/msg'...
[0.904s] -- Up-to-date: /home/student/Vision/robot_arm_b2/install/frs_interfaces/lib/python3.12/site-packages/frs_interfaces/frs_interfaces_s__rosidl_typesupport_fastrtps_c.so
[0.905s] -- Up-to-date: /home/student/Vision/robot_arm_b2/install/frs_interfaces/lib/python3.12/site-packages/frs_interfaces/frs_interfaces_s__rosidl_typesupport_introspection_c.so
[0.907s] -- Up-to-date: /home/student/Vision/robot_arm_b2/install/frs_interfaces/lib/python3.12/site-packages/frs_interfaces/frs_interfaces_s__rosidl_typesupport_c.so
[0.908s] -- Up-to-date: /home/student/Vision/robot_arm_b2/install/frs_interfaces/lib/libfrs_interfaces__rosidl_generator_py.so
[0.908s] -- Up-to-date: /home/student/Vision/robot_arm_b2/install/frs_interfaces/share/frs_interfaces/msg/DetectieResultaat.idl
[0.909s] -- Up-to-date: /home/student/Vision/robot_arm_b2/install/frs_interfaces/share/frs_interfaces/msg/DetectieResultaat.msg
[0.909s] -- Up-to-date: /home/student/Vision/robot_arm_b2/install/frs_interfaces/share/ament_index/resource_index/package_run_dependencies/frs_interfaces
[0.910s] -- Up-to-date: /home/student/Vision/robot_arm_b2/install/frs_interfaces/share/ament_index/resource_index/parent_prefix_path/frs_interfaces
[0.910s] -- Up-to-date: /home/student/Vision/robot_arm_b2/install/frs_interfaces/share/frs_interfaces/environment/ament_prefix_path.sh
[0.910s] -- Up-to-date: /home/student/Vision/robot_arm_b2/install/frs_interfaces/share/frs_interfaces/environment/ament_prefix_path.dsv
[0.913s] -- Up-to-date: /home/student/Vision/robot_arm_b2/install/frs_interfaces/share/frs_interfaces/environment/path.sh
[0.913s] -- Up-to-date: /home/student/Vision/robot_arm_b2/install/frs_interfaces/share/frs_interfaces/environment/path.dsv
[0.913s] -- Up-to-date: /home/student/Vision/robot_arm_b2/install/frs_interfaces/share/frs_interfaces/local_setup.bash
[0.914s] -- Up-to-date: /home/student/Vision/robot_arm_b2/install/frs_interfaces/share/frs_interfaces/local_setup.sh
[0.914s] -- Up-to-date: /home/student/Vision/robot_arm_b2/install/frs_interfaces/share/frs_interfaces/local_setup.zsh
[0.914s] -- Up-to-date: /home/student/Vision/robot_arm_b2/install/frs_interfaces/share/frs_interfaces/local_setup.dsv
[0.914s] -- Installing: /home/student/Vision/robot_arm_b2/install/frs_interfaces/share/frs_interfaces/package.dsv
[0.915s] -- Up-to-date: /home/student/Vision/robot_arm_b2/install/frs_interfaces/share/ament_index/resource_index/packages/frs_interfaces
[0.916s] -- Up-to-date: /home/student/Vision/robot_arm_b2/install/frs_interfaces/share/frs_interfaces/cmake/export_frs_interfaces__rosidl_generator_cExport.cmake
[0.917s] -- Up-to-date: /home/student/Vision/robot_arm_b2/install/frs_interfaces/share/frs_interfaces/cmake/export_frs_interfaces__rosidl_generator_cExport-noconfig.cmake
[0.918s] -- Up-to-date: /home/student/Vision/robot_arm_b2/install/frs_interfaces/share/frs_interfaces/cmake/export_frs_interfaces__rosidl_typesupport_fastrtps_cExport.cmake
[0.919s] -- Up-to-date: /home/student/Vision/robot_arm_b2/install/frs_interfaces/share/frs_interfaces/cmake/export_frs_interfaces__rosidl_typesupport_fastrtps_cExport-noconfig.cmake
[0.920s] -- Up-to-date: /home/student/Vision/robot_arm_b2/install/frs_interfaces/share/frs_interfaces/cmake/frs_interfaces__rosidl_typesupport_introspection_cExport.cmake
[0.920s] -- Up-to-date: /home/student/Vision/robot_arm_b2/install/frs_interfaces/share/frs_interfaces/cmake/frs_interfaces__rosidl_typesupport_introspection_cExport-noconfig.cmake
[0.923s] -- Up-to-date: /home/student/Vision/robot_arm_b2/install/frs_interfaces/share/frs_interfaces/cmake/frs_interfaces__rosidl_typesupport_cExport.cmake
[0.923s] -- Up-to-date: /home/student/Vision/robot_arm_b2/install/frs_interfaces/share/frs_interfaces/cmake/frs_interfaces__rosidl_typesupport_cExport-noconfig.cmake
[0.923s] -- Up-to-date: /home/student/Vision/robot_arm_b2/install/frs_interfaces/share/frs_interfaces/cmake/export_frs_interfaces__rosidl_generator_cppExport.cmake
[0.924s] -- Up-to-date: /home/student/Vision/robot_arm_b2/install/frs_interfaces/share/frs_interfaces/cmake/export_frs_interfaces__rosidl_typesupport_fastrtps_cppExport.cmake
[0.924s] -- Up-to-date: /home/student/Vision/robot_arm_b2/install/frs_interfaces/share/frs_interfaces/cmake/export_frs_interfaces__rosidl_typesupport_fastrtps_cppExport-noconfig.cmake
[0.925s] -- Up-to-date: /home/student/Vision/robot_arm_b2/install/frs_interfaces/share/frs_interfaces/cmake/frs_interfaces__rosidl_typesupport_introspection_cppExport.cmake
[0.925s] -- Up-to-date: /home/student/Vision/robot_arm_b2/install/frs_interfaces/share/frs_interfaces/cmake/frs_interfaces__rosidl_typesupport_introspection_cppExport-noconfig.cmake
[0.926s] -- Up-to-date: /home/student/Vision/robot_arm_b2/install/frs_interfaces/share/frs_interfaces/cmake/frs_interfaces__rosidl_typesupport_cppExport.cmake
[0.927s] -- Up-to-date: /home/student/Vision/robot_arm_b2/install/frs_interfaces/share/frs_interfaces/cmake/frs_interfaces__rosidl_typesupport_cppExport-noconfig.cmake
[0.928s] -- Up-to-date: /home/student/Vision/robot_arm_b2/install/frs_interfaces/share/frs_interfaces/cmake/export_frs_interfaces__rosidl_generator_pyExport.cmake
[0.928s] -- Up-to-date: /home/student/Vision/robot_arm_b2/install/frs_interfaces/share/frs_interfaces/cmake/export_frs_interfaces__rosidl_generator_pyExport-noconfig.cmake
[0.928s] -- Up-to-date: /home/student/Vision/robot_arm_b2/install/frs_interfaces/share/frs_interfaces/cmake/rosidl_cmake-extras.cmake
[0.929s] -- Up-to-date: /home/student/Vision/robot_arm_b2/install/frs_interfaces/share/frs_interfaces/cmake/ament_cmake_export_include_directories-extras.cmake
[0.929s] -- Up-to-date: /home/student/Vision/robot_arm_b2/install/frs_interfaces/share/frs_interfaces/cmake/ament_cmake_export_libraries-extras.cmake
[0.929s] -- Up-to-date: /home/student/Vision/robot_arm_b2/install/frs_interfaces/share/frs_interfaces/cmake/ament_cmake_export_targets-extras.cmake
[0.930s] -- Up-to-date: /home/student/Vision/robot_arm_b2/install/frs_interfaces/share/frs_interfaces/cmake/rosidl_cmake_export_typesupport_targets-extras.cmake
[0.930s] -- Up-to-date: /home/student/Vision/robot_arm_b2/install/frs_interfaces/share/frs_interfaces/cmake/ament_cmake_export_dependencies-extras.cmake
[0.930s] -- Up-to-date: /home/student/Vision/robot_arm_b2/install/frs_interfaces/share/frs_interfaces/cmake/rosidl_cmake_export_typesupport_libraries-extras.cmake
[0.931s] -- Up-to-date: /home/student/Vision/robot_arm_b2/install/frs_interfaces/share/frs_interfaces/cmake/frs_interfacesConfig.cmake
[0.932s] -- Up-to-date: /home/student/Vision/robot_arm_b2/install/frs_interfaces/share/frs_interfaces/cmake/frs_interfacesConfig-version.cmake
[0.932s] -- Up-to-date: /home/student/Vision/robot_arm_b2/install/frs_interfaces/share/frs_interfaces/package.xml
[0.936s] Invoked command in '/home/student/Vision/robot_arm_b2/build/frs_interfaces' returned '0': CMAKE_PREFIX_PATH=${CMAKE_PREFIX_PATH}:/opt/ros/jazzy DEBUGINFOD_URLS=https://debuginfod.ubuntu.com /usr/bin/cmake --install /home/student/Vision/robot_arm_b2/build/frs_interfaces
