[0.010s] Invoking command in '/home/student/Vision/robot_arm_b2/build/frs_interfaces': CMAKE_PREFIX_PATH=${CMAKE_PREFIX_PATH}:/opt/ros/jazzy DEBUGINFOD_URLS=https://debuginfod.ubuntu.com /usr/bin/cmake /home/student/Vision/robot_arm_b2/frs_interfaces -DCMAKE_INSTALL_PREFIX=/home/student/Vision/robot_arm_b2/install/frs_interfaces
[0.151s] -- The C compiler identification is GNU 13.3.0
[0.291s] -- The CXX compiler identification is GNU 13.3.0
[0.319s] -- Detecting C compiler ABI info
[0.411s] -- Detecting C compiler ABI info - done
[0.416s] -- Check for working C compiler: /usr/bin/cc - skipped
[0.417s] -- Detecting C compile features
[0.418s] -- Detecting C compile features - done
[0.431s] -- Detecting CXX compiler ABI info
[0.538s] -- Detecting CXX compiler ABI info - done
[0.543s] -- Check for working CXX compiler: /usr/bin/c++ - skipped
[0.543s] -- Detecting CXX compile features
[0.544s] -- Detecting CXX compile features - done
[0.591s] -- Found ament_cmake: 2.5.4 (/opt/ros/jazzy/share/ament_cmake/cmake)
[0.723s] -- Found Python3: /usr/bin/python3 (found version "3.12.3") found components: Interpreter 
[0.880s] -- Found rosidl_default_generators: 1.6.0 (/opt/ros/jazzy/share/rosidl_default_generators/cmake)
[0.894s] -- Using all available rosidl_typesupport_c: rosidl_typesupport_fastrtps_c;rosidl_typesupport_introspection_c
[0.994s] -- Using all available rosidl_typesupport_cpp: rosidl_typesupport_fastrtps_cpp;rosidl_typesupport_introspection_cpp
[1.068s] -- Found rosidl_adapter: 4.6.6 (/opt/ros/jazzy/share/rosidl_adapter/cmake)
[1.556s] -- Found ament_cmake_ros: 0.12.0 (/opt/ros/jazzy/share/ament_cmake_ros/cmake)
[1.887s] -- Using all available rosidl_typesupport_c: rosidl_typesupport_fastrtps_c;rosidl_typesupport_introspection_c
[2.285s] -- Using all available rosidl_typesupport_cpp: rosidl_typesupport_fastrtps_cpp;rosidl_typesupport_introspection_cpp
[2.290s] -- Found python_cmake_module: 0.11.1 (/opt/ros/jazzy/share/python_cmake_module/cmake)
[2.385s] -- Found PythonExtra: /usr/bin/python3  
[2.764s] -- Found Python3: /usr/bin/python3 (found version "3.12.3") found components: Interpreter Development NumPy Development.Module Development.Embed 
[2.805s] -- Configuring done (2.8s)
[2.831s] -- Generating done (0.0s)
[2.839s] -- Build files have been written to: /home/student/Vision/robot_arm_b2/build/frs_interfaces
[2.848s] Invoked command in '/home/student/Vision/robot_arm_b2/build/frs_interfaces' returned '0': CMAKE_PREFIX_PATH=${CMAKE_PREFIX_PATH}:/opt/ros/jazzy DEBUGINFOD_URLS=https://debuginfod.ubuntu.com /usr/bin/cmake /home/student/Vision/robot_arm_b2/frs_interfaces -DCMAKE_INSTALL_PREFIX=/home/student/Vision/robot_arm_b2/install/frs_interfaces
[2.849s] Invoking command in '/home/student/Vision/robot_arm_b2/build/frs_interfaces': CMAKE_PREFIX_PATH=${CMAKE_PREFIX_PATH}:/opt/ros/jazzy DEBUGINFOD_URLS=https://debuginfod.ubuntu.com /usr/bin/cmake --build /home/student/Vision/robot_arm_b2/build/frs_interfaces -- -j4 -l4
[2.902s] [  2%] [34m[1mGenerating type hashes for ROS interfaces[0m
[2.909s] [  2%] Built target ament_cmake_python_copy_frs_interfaces
[3.050s] [  2%] Built target frs_interfaces__rosidl_generator_type_description
[3.062s] [  5%] [34m[1mGenerating C code for ROS interfaces[0m
[3.076s] [  8%] [34m[1mGenerating C++ code for ROS interfaces[0m
[3.088s] running egg_info
[3.088s] creating frs_interfaces.egg-info
[3.099s] writing frs_interfaces.egg-info/PKG-INFO
[3.099s] writing dependency_links to frs_interfaces.egg-info/dependency_links.txt
[3.099s] writing top-level names to frs_interfaces.egg-info/top_level.txt
[3.099s] writing manifest file 'frs_interfaces.egg-info/SOURCES.txt'
[3.133s] reading manifest file 'frs_interfaces.egg-info/SOURCES.txt'
[3.133s] writing manifest file 'frs_interfaces.egg-info/SOURCES.txt'
[3.161s] [  8%] Built target ament_cmake_python_build_frs_interfaces_egg
[3.241s] [  8%] Built target frs_interfaces__cpp
[3.248s] [ 11%] [32mBuilding C object CMakeFiles/frs_interfaces__rosidl_generator_c.dir/rosidl_generator_c/frs_interfaces/msg/detail/detectie_resultaat__description.c.o[0m
[3.249s] [ 14%] [32mBuilding C object CMakeFiles/frs_interfaces__rosidl_generator_c.dir/rosidl_generator_c/frs_interfaces/msg/detail/detectie_resultaat__type_support.c.o[0m
[3.250s] [ 17%] [32mBuilding C object CMakeFiles/frs_interfaces__rosidl_generator_c.dir/rosidl_generator_c/frs_interfaces/msg/detail/detectie_resultaat__functions.c.o[0m
[3.323s] [ 20%] [32m[1mLinking C shared library libfrs_interfaces__rosidl_generator_c.so[0m
[3.360s] [ 20%] Built target frs_interfaces__rosidl_generator_c
[3.370s] [ 32%] [34m[1mGenerating C type support for eProsima Fast-RTPS[0m
[3.370s] [ 32%] [34m[1mGenerating C introspection for ROS interfaces[0m
[3.370s] [ 32%] [34m[1mGenerating C type support dispatch for ROS interfaces[0m
[3.370s] [ 32%] [34m[1mGenerating C++ type support for eProsima Fast-RTPS[0m
[3.512s] [ 35%] [32mBuilding CXX object CMakeFiles/frs_interfaces__rosidl_typesupport_c.dir/rosidl_typesupport_c/frs_interfaces/msg/detectie_resultaat__type_support.cpp.o[0m
[3.535s] [ 38%] [32mBuilding C object CMakeFiles/frs_interfaces__rosidl_typesupport_introspection_c.dir/rosidl_typesupport_introspection_c/frs_interfaces/msg/detail/detectie_resultaat__type_support.c.o[0m
[3.549s] [ 41%] [32mBuilding CXX object CMakeFiles/frs_interfaces__rosidl_typesupport_fastrtps_cpp.dir/rosidl_typesupport_fastrtps_cpp/frs_interfaces/msg/detail/dds_fastrtps/detectie_resultaat__type_support.cpp.o[0m
[3.549s] [ 44%] [32mBuilding CXX object CMakeFiles/frs_interfaces__rosidl_typesupport_fastrtps_c.dir/rosidl_typesupport_fastrtps_c/frs_interfaces/msg/detail/detectie_resultaat__type_support_c.cpp.o[0m
[3.565s] [ 47%] [32m[1mLinking CXX shared library libfrs_interfaces__rosidl_typesupport_c.so[0m
[3.576s] [ 50%] [32m[1mLinking C shared library libfrs_interfaces__rosidl_typesupport_introspection_c.so[0m
[3.612s] [ 50%] Built target frs_interfaces__rosidl_typesupport_c
[3.613s] [ 50%] Built target frs_interfaces__rosidl_typesupport_introspection_c
[3.625s] [ 52%] [34m[1mGenerating C++ type support dispatch for ROS interfaces[0m
[3.627s] [ 55%] [34m[1mGenerating C++ introspection for ROS interfaces[0m
[3.778s] [ 58%] [32mBuilding CXX object CMakeFiles/frs_interfaces__rosidl_typesupport_cpp.dir/rosidl_typesupport_cpp/frs_interfaces/msg/detectie_resultaat__type_support.cpp.o[0m
[3.785s] [ 61%] [32mBuilding CXX object CMakeFiles/frs_interfaces__rosidl_typesupport_introspection_cpp.dir/rosidl_typesupport_introspection_cpp/frs_interfaces/msg/detail/detectie_resultaat__type_support.cpp.o[0m
[3.931s] [ 64%] [32m[1mLinking CXX shared library libfrs_interfaces__rosidl_typesupport_fastrtps_c.so[0m
[3.945s] [ 67%] [32m[1mLinking CXX shared library libfrs_interfaces__rosidl_typesupport_fastrtps_cpp.so[0m
[3.990s] [ 70%] [32m[1mLinking CXX shared library libfrs_interfaces__rosidl_typesupport_cpp.so[0m
[3.993s] [ 70%] Built target frs_interfaces__rosidl_typesupport_fastrtps_c
[4.006s] [ 73%] [32m[1mLinking CXX shared library libfrs_interfaces__rosidl_typesupport_introspection_cpp.so[0m
[4.010s] [ 73%] Built target frs_interfaces__rosidl_typesupport_fastrtps_cpp
[4.034s] [ 73%] Built target frs_interfaces__rosidl_typesupport_cpp
[4.060s] [ 73%] Built target frs_interfaces__rosidl_typesupport_introspection_cpp
[4.080s] [ 73%] Built target frs_interfaces
[4.101s] [ 76%] [34m[1mGenerating Python code for ROS interfaces[0m
[4.280s] [ 76%] Built target frs_interfaces__py
[4.299s] [ 79%] [32mBuilding C object CMakeFiles/frs_interfaces__rosidl_generator_py.dir/rosidl_generator_py/frs_interfaces/msg/_detectie_resultaat_s.c.o[0m
[4.459s] [ 82%] [32m[1mLinking C shared library libfrs_interfaces__rosidl_generator_py.so[0m
[4.496s] [ 82%] Built target frs_interfaces__rosidl_generator_py
[4.519s] [ 85%] [32mBuilding C object CMakeFiles/frs_interfaces_s__rosidl_typesupport_introspection_c.dir/rosidl_generator_py/frs_interfaces/_frs_interfaces_s.ep.rosidl_typesupport_introspection_c.c.o[0m
[4.520s] [ 88%] [32mBuilding C object CMakeFiles/frs_interfaces_s__rosidl_typesupport_c.dir/rosidl_generator_py/frs_interfaces/_frs_interfaces_s.ep.rosidl_typesupport_c.c.o[0m
[4.520s] [ 91%] [32mBuilding C object CMakeFiles/frs_interfaces_s__rosidl_typesupport_fastrtps_c.dir/rosidl_generator_py/frs_interfaces/_frs_interfaces_s.ep.rosidl_typesupport_fastrtps_c.c.o[0m
[4.595s] [ 94%] [32m[1mLinking C shared module rosidl_generator_py/frs_interfaces/frs_interfaces_s__rosidl_typesupport_introspection_c.so[0m
[4.596s] [ 97%] [32m[1mLinking C shared module rosidl_generator_py/frs_interfaces/frs_interfaces_s__rosidl_typesupport_c.so[0m
[4.597s] [100%] [32m[1mLinking C shared module rosidl_generator_py/frs_interfaces/frs_interfaces_s__rosidl_typesupport_fastrtps_c.so[0m
[4.626s] [100%] Built target frs_interfaces_s__rosidl_typesupport_introspection_c
[4.630s] [100%] Built target frs_interfaces_s__rosidl_typesupport_fastrtps_c
[4.630s] [100%] Built target frs_interfaces_s__rosidl_typesupport_c
[4.644s] Invoked command in '/home/student/Vision/robot_arm_b2/build/frs_interfaces' returned '0': CMAKE_PREFIX_PATH=${CMAKE_PREFIX_PATH}:/opt/ros/jazzy DEBUGINFOD_URLS=https://debuginfod.ubuntu.com /usr/bin/cmake --build /home/student/Vision/robot_arm_b2/build/frs_interfaces -- -j4 -l4
[4.653s] Invoking command in '/home/student/Vision/robot_arm_b2/build/frs_interfaces': CMAKE_PREFIX_PATH=${CMAKE_PREFIX_PATH}:/opt/ros/jazzy DEBUGINFOD_URLS=https://debuginfod.ubuntu.com /usr/bin/cmake --install /home/student/Vision/robot_arm_b2/build/frs_interfaces
[4.661s] -- Install configuration: ""
[4.662s] -- Installing: /home/student/Vision/robot_arm_b2/install/frs_interfaces/share/ament_index/resource_index/rosidl_interfaces/frs_interfaces
[4.662s] -- Installing: /home/student/Vision/robot_arm_b2/install/frs_interfaces/share/frs_interfaces/msg/DetectieResultaat.json
[4.662s] -- Installing: /home/student/Vision/robot_arm_b2/install/frs_interfaces/include/frs_interfaces/frs_interfaces
[4.662s] -- Installing: /home/student/Vision/robot_arm_b2/install/frs_interfaces/include/frs_interfaces/frs_interfaces/msg
[4.662s] -- Installing: /home/student/Vision/robot_arm_b2/install/frs_interfaces/include/frs_interfaces/frs_interfaces/msg/detail
[4.662s] -- Installing: /home/student/Vision/robot_arm_b2/install/frs_interfaces/include/frs_interfaces/frs_interfaces/msg/detail/detectie_resultaat__type_support.h
[4.662s] -- Installing: /home/student/Vision/robot_arm_b2/install/frs_interfaces/include/frs_interfaces/frs_interfaces/msg/detail/detectie_resultaat__struct.h
[4.663s] -- Installing: /home/student/Vision/robot_arm_b2/install/frs_interfaces/include/frs_interfaces/frs_interfaces/msg/detail/detectie_resultaat__functions.h
[4.663s] -- Installing: /home/student/Vision/robot_arm_b2/install/frs_interfaces/include/frs_interfaces/frs_interfaces/msg/detail/detectie_resultaat__functions.c
[4.663s] -- Installing: /home/student/Vision/robot_arm_b2/install/frs_interfaces/include/frs_interfaces/frs_interfaces/msg/detail/detectie_resultaat__description.c
[4.663s] -- Installing: /home/student/Vision/robot_arm_b2/install/frs_interfaces/include/frs_interfaces/frs_interfaces/msg/detail/detectie_resultaat__type_support.c
[4.663s] -- Installing: /home/student/Vision/robot_arm_b2/install/frs_interfaces/include/frs_interfaces/frs_interfaces/msg/detectie_resultaat.h
[4.663s] -- Installing: /home/student/Vision/robot_arm_b2/install/frs_interfaces/include/frs_interfaces/frs_interfaces/msg/rosidl_generator_c__visibility_control.h
[4.663s] -- Installing: /home/student/Vision/robot_arm_b2/install/frs_interfaces/share/frs_interfaces/environment/library_path.sh
[4.664s] -- Installing: /home/student/Vision/robot_arm_b2/install/frs_interfaces/share/frs_interfaces/environment/library_path.dsv
[4.664s] -- Installing: /home/student/Vision/robot_arm_b2/install/frs_interfaces/lib/libfrs_interfaces__rosidl_generator_c.so
[4.664s] -- Set non-toolchain portion of runtime path of "/home/student/Vision/robot_arm_b2/install/frs_interfaces/lib/libfrs_interfaces__rosidl_generator_c.so" to ""
[4.664s] -- Up-to-date: /home/student/Vision/robot_arm_b2/install/frs_interfaces/include/frs_interfaces/frs_interfaces
[4.664s] -- Up-to-date: /home/student/Vision/robot_arm_b2/install/frs_interfaces/include/frs_interfaces/frs_interfaces/msg
[4.664s] -- Up-to-date: /home/student/Vision/robot_arm_b2/install/frs_interfaces/include/frs_interfaces/frs_interfaces/msg/detail
[4.665s] -- Installing: /home/student/Vision/robot_arm_b2/install/frs_interfaces/include/frs_interfaces/frs_interfaces/msg/detail/detectie_resultaat__rosidl_typesupport_fastrtps_c.h
[4.665s] -- Installing: /home/student/Vision/robot_arm_b2/install/frs_interfaces/include/frs_interfaces/frs_interfaces/msg/rosidl_typesupport_fastrtps_c__visibility_control.h
[4.665s] -- Installing: /home/student/Vision/robot_arm_b2/install/frs_interfaces/lib/libfrs_interfaces__rosidl_typesupport_fastrtps_c.so
[4.665s] -- Set non-toolchain portion of runtime path of "/home/student/Vision/robot_arm_b2/install/frs_interfaces/lib/libfrs_interfaces__rosidl_typesupport_fastrtps_c.so" to ""
[4.665s] -- Up-to-date: /home/student/Vision/robot_arm_b2/install/frs_interfaces/include/frs_interfaces/frs_interfaces
[4.665s] -- Up-to-date: /home/student/Vision/robot_arm_b2/install/frs_interfaces/include/frs_interfaces/frs_interfaces/msg
[4.665s] -- Up-to-date: /home/student/Vision/robot_arm_b2/install/frs_interfaces/include/frs_interfaces/frs_interfaces/msg/detail
[4.665s] -- Installing: /home/student/Vision/robot_arm_b2/install/frs_interfaces/include/frs_interfaces/frs_interfaces/msg/detail/detectie_resultaat__rosidl_typesupport_introspection_c.h
[4.665s] -- Up-to-date: /home/student/Vision/robot_arm_b2/install/frs_interfaces/include/frs_interfaces/frs_interfaces/msg/detail/detectie_resultaat__type_support.c
[4.666s] -- Installing: /home/student/Vision/robot_arm_b2/install/frs_interfaces/include/frs_interfaces/frs_interfaces/msg/rosidl_typesupport_introspection_c__visibility_control.h
[4.666s] -- Installing: /home/student/Vision/robot_arm_b2/install/frs_interfaces/lib/libfrs_interfaces__rosidl_typesupport_introspection_c.so
[4.666s] -- Set non-toolchain portion of runtime path of "/home/student/Vision/robot_arm_b2/install/frs_interfaces/lib/libfrs_interfaces__rosidl_typesupport_introspection_c.so" to ""
[4.666s] -- Installing: /home/student/Vision/robot_arm_b2/install/frs_interfaces/lib/libfrs_interfaces__rosidl_typesupport_c.so
[4.666s] -- Set non-toolchain portion of runtime path of "/home/student/Vision/robot_arm_b2/install/frs_interfaces/lib/libfrs_interfaces__rosidl_typesupport_c.so" to ""
[4.667s] -- Up-to-date: /home/student/Vision/robot_arm_b2/install/frs_interfaces/include/frs_interfaces/frs_interfaces
[4.667s] -- Up-to-date: /home/student/Vision/robot_arm_b2/install/frs_interfaces/include/frs_interfaces/frs_interfaces/msg
[4.667s] -- Up-to-date: /home/student/Vision/robot_arm_b2/install/frs_interfaces/include/frs_interfaces/frs_interfaces/msg/detail
[4.667s] -- Installing: /home/student/Vision/robot_arm_b2/install/frs_interfaces/include/frs_interfaces/frs_interfaces/msg/detail/detectie_resultaat__builder.hpp
[4.667s] -- Installing: /home/student/Vision/robot_arm_b2/install/frs_interfaces/include/frs_interfaces/frs_interfaces/msg/detail/detectie_resultaat__type_support.hpp
[4.667s] -- Installing: /home/student/Vision/robot_arm_b2/install/frs_interfaces/include/frs_interfaces/frs_interfaces/msg/detail/detectie_resultaat__traits.hpp
[4.667s] -- Installing: /home/student/Vision/robot_arm_b2/install/frs_interfaces/include/frs_interfaces/frs_interfaces/msg/detail/detectie_resultaat__struct.hpp
[4.667s] -- Installing: /home/student/Vision/robot_arm_b2/install/frs_interfaces/include/frs_interfaces/frs_interfaces/msg/rosidl_generator_cpp__visibility_control.hpp
[4.667s] -- Installing: /home/student/Vision/robot_arm_b2/install/frs_interfaces/include/frs_interfaces/frs_interfaces/msg/detectie_resultaat.hpp
[4.667s] -- Up-to-date: /home/student/Vision/robot_arm_b2/install/frs_interfaces/include/frs_interfaces/frs_interfaces
[4.667s] -- Up-to-date: /home/student/Vision/robot_arm_b2/install/frs_interfaces/include/frs_interfaces/frs_interfaces/msg
[4.668s] -- Up-to-date: /home/student/Vision/robot_arm_b2/install/frs_interfaces/include/frs_interfaces/frs_interfaces/msg/detail
[4.668s] -- Installing: /home/student/Vision/robot_arm_b2/install/frs_interfaces/include/frs_interfaces/frs_interfaces/msg/detail/dds_fastrtps
[4.668s] -- Installing: /home/student/Vision/robot_arm_b2/install/frs_interfaces/include/frs_interfaces/frs_interfaces/msg/detail/detectie_resultaat__rosidl_typesupport_fastrtps_cpp.hpp
[4.668s] -- Installing: /home/student/Vision/robot_arm_b2/install/frs_interfaces/include/frs_interfaces/frs_interfaces/msg/rosidl_typesupport_fastrtps_cpp__visibility_control.h
[4.668s] -- Installing: /home/student/Vision/robot_arm_b2/install/frs_interfaces/lib/libfrs_interfaces__rosidl_typesupport_fastrtps_cpp.so
[4.668s] -- Set non-toolchain portion of runtime path of "/home/student/Vision/robot_arm_b2/install/frs_interfaces/lib/libfrs_interfaces__rosidl_typesupport_fastrtps_cpp.so" to ""
[4.668s] -- Up-to-date: /home/student/Vision/robot_arm_b2/install/frs_interfaces/include/frs_interfaces/frs_interfaces
[4.669s] -- Up-to-date: /home/student/Vision/robot_arm_b2/install/frs_interfaces/include/frs_interfaces/frs_interfaces/msg
[4.669s] -- Up-to-date: /home/student/Vision/robot_arm_b2/install/frs_interfaces/include/frs_interfaces/frs_interfaces/msg/detail
[4.669s] -- Installing: /home/student/Vision/robot_arm_b2/install/frs_interfaces/include/frs_interfaces/frs_interfaces/msg/detail/detectie_resultaat__rosidl_typesupport_introspection_cpp.hpp
[4.669s] -- Installing: /home/student/Vision/robot_arm_b2/install/frs_interfaces/include/frs_interfaces/frs_interfaces/msg/detail/detectie_resultaat__type_support.cpp
[4.670s] -- Installing: /home/student/Vision/robot_arm_b2/install/frs_interfaces/lib/libfrs_interfaces__rosidl_typesupport_introspection_cpp.so
[4.670s] -- Set non-toolchain portion of runtime path of "/home/student/Vision/robot_arm_b2/install/frs_interfaces/lib/libfrs_interfaces__rosidl_typesupport_introspection_cpp.so" to ""
[4.670s] -- Installing: /home/student/Vision/robot_arm_b2/install/frs_interfaces/lib/libfrs_interfaces__rosidl_typesupport_cpp.so
[4.670s] -- Set non-toolchain portion of runtime path of "/home/student/Vision/robot_arm_b2/install/frs_interfaces/lib/libfrs_interfaces__rosidl_typesupport_cpp.so" to ""
[4.670s] -- Installing: /home/student/Vision/robot_arm_b2/install/frs_interfaces/share/frs_interfaces/environment/pythonpath.sh
[4.670s] -- Installing: /home/student/Vision/robot_arm_b2/install/frs_interfaces/share/frs_interfaces/environment/pythonpath.dsv
[4.671s] -- Installing: /home/student/Vision/robot_arm_b2/install/frs_interfaces/lib/python3.12/site-packages/frs_interfaces-0.0.0-py3.12.egg-info
[4.671s] -- Installing: /home/student/Vision/robot_arm_b2/install/frs_interfaces/lib/python3.12/site-packages/frs_interfaces-0.0.0-py3.12.egg-info/dependency_links.txt
[4.671s] -- Installing: /home/student/Vision/robot_arm_b2/install/frs_interfaces/lib/python3.12/site-packages/frs_interfaces-0.0.0-py3.12.egg-info/top_level.txt
[4.671s] -- Installing: /home/student/Vision/robot_arm_b2/install/frs_interfaces/lib/python3.12/site-packages/frs_interfaces-0.0.0-py3.12.egg-info/SOURCES.txt
[4.671s] -- Installing: /home/student/Vision/robot_arm_b2/install/frs_interfaces/lib/python3.12/site-packages/frs_interfaces-0.0.0-py3.12.egg-info/PKG-INFO
[4.671s] -- Installing: /home/student/Vision/robot_arm_b2/install/frs_interfaces/lib/python3.12/site-packages/frs_interfaces
[4.671s] -- Installing: /home/student/Vision/robot_arm_b2/install/frs_interfaces/lib/python3.12/site-packages/frs_interfaces/frs_interfaces_s__rosidl_typesupport_fastrtps_c.so
[4.671s] -- Installing: /home/student/Vision/robot_arm_b2/install/frs_interfaces/lib/python3.12/site-packages/frs_interfaces/_frs_interfaces_s.ep.rosidl_typesupport_c.c
[4.671s] -- Installing: /home/student/Vision/robot_arm_b2/install/frs_interfaces/lib/python3.12/site-packages/frs_interfaces/frs_interfaces_s__rosidl_typesupport_c.so
[4.671s] -- Installing: /home/student/Vision/robot_arm_b2/install/frs_interfaces/lib/python3.12/site-packages/frs_interfaces/frs_interfaces_s__rosidl_typesupport_introspection_c.so
[4.671s] -- Installing: /home/student/Vision/robot_arm_b2/install/frs_interfaces/lib/python3.12/site-packages/frs_interfaces/__init__.py
[4.671s] -- Installing: /home/student/Vision/robot_arm_b2/install/frs_interfaces/lib/python3.12/site-packages/frs_interfaces/_frs_interfaces_s.ep.rosidl_typesupport_fastrtps_c.c
[4.673s] -- Installing: /home/student/Vision/robot_arm_b2/install/frs_interfaces/lib/python3.12/site-packages/frs_interfaces/_frs_interfaces_s.ep.rosidl_typesupport_introspection_c.c
[4.673s] -- Installing: /home/student/Vision/robot_arm_b2/install/frs_interfaces/lib/python3.12/site-packages/frs_interfaces/msg
[4.673s] -- Installing: /home/student/Vision/robot_arm_b2/install/frs_interfaces/lib/python3.12/site-packages/frs_interfaces/msg/_detectie_resultaat.py
[4.673s] -- Installing: /home/student/Vision/robot_arm_b2/install/frs_interfaces/lib/python3.12/site-packages/frs_interfaces/msg/_detectie_resultaat_s.c
[4.674s] -- Installing: /home/student/Vision/robot_arm_b2/install/frs_interfaces/lib/python3.12/site-packages/frs_interfaces/msg/__init__.py
[4.700s] Listing '/home/student/Vision/robot_arm_b2/install/frs_interfaces/lib/python3.12/site-packages/frs_interfaces'...
[4.700s] Compiling '/home/student/Vision/robot_arm_b2/install/frs_interfaces/lib/python3.12/site-packages/frs_interfaces/__init__.py'...
[4.700s] Listing '/home/student/Vision/robot_arm_b2/install/frs_interfaces/lib/python3.12/site-packages/frs_interfaces/msg'...
[4.700s] Compiling '/home/student/Vision/robot_arm_b2/install/frs_interfaces/lib/python3.12/site-packages/frs_interfaces/msg/__init__.py'...
[4.700s] Compiling '/home/student/Vision/robot_arm_b2/install/frs_interfaces/lib/python3.12/site-packages/frs_interfaces/msg/_detectie_resultaat.py'...
[4.704s] -- Installing: /home/student/Vision/robot_arm_b2/install/frs_interfaces/lib/python3.12/site-packages/frs_interfaces/frs_interfaces_s__rosidl_typesupport_fastrtps_c.so
[4.704s] -- Set non-toolchain portion of runtime path of "/home/student/Vision/robot_arm_b2/install/frs_interfaces/lib/python3.12/site-packages/frs_interfaces/frs_interfaces_s__rosidl_typesupport_fastrtps_c.so" to ""
[4.704s] -- Installing: /home/student/Vision/robot_arm_b2/install/frs_interfaces/lib/python3.12/site-packages/frs_interfaces/frs_interfaces_s__rosidl_typesupport_introspection_c.so
[4.704s] -- Set non-toolchain portion of runtime path of "/home/student/Vision/robot_arm_b2/install/frs_interfaces/lib/python3.12/site-packages/frs_interfaces/frs_interfaces_s__rosidl_typesupport_introspection_c.so" to ""
[4.704s] -- Installing: /home/student/Vision/robot_arm_b2/install/frs_interfaces/lib/python3.12/site-packages/frs_interfaces/frs_interfaces_s__rosidl_typesupport_c.so
[4.704s] -- Set non-toolchain portion of runtime path of "/home/student/Vision/robot_arm_b2/install/frs_interfaces/lib/python3.12/site-packages/frs_interfaces/frs_interfaces_s__rosidl_typesupport_c.so" to ""
[4.704s] -- Installing: /home/student/Vision/robot_arm_b2/install/frs_interfaces/lib/libfrs_interfaces__rosidl_generator_py.so
[4.705s] -- Set non-toolchain portion of runtime path of "/home/student/Vision/robot_arm_b2/install/frs_interfaces/lib/libfrs_interfaces__rosidl_generator_py.so" to ""
[4.705s] -- Installing: /home/student/Vision/robot_arm_b2/install/frs_interfaces/share/frs_interfaces/msg/DetectieResultaat.idl
[4.705s] -- Installing: /home/student/Vision/robot_arm_b2/install/frs_interfaces/share/frs_interfaces/msg/DetectieResultaat.msg
[4.705s] -- Installing: /home/student/Vision/robot_arm_b2/install/frs_interfaces/share/ament_index/resource_index/package_run_dependencies/frs_interfaces
[4.705s] -- Installing: /home/student/Vision/robot_arm_b2/install/frs_interfaces/share/ament_index/resource_index/parent_prefix_path/frs_interfaces
[4.705s] -- Installing: /home/student/Vision/robot_arm_b2/install/frs_interfaces/share/frs_interfaces/environment/ament_prefix_path.sh
[4.705s] -- Installing: /home/student/Vision/robot_arm_b2/install/frs_interfaces/share/frs_interfaces/environment/ament_prefix_path.dsv
[4.705s] -- Installing: /home/student/Vision/robot_arm_b2/install/frs_interfaces/share/frs_interfaces/environment/path.sh
[4.706s] -- Installing: /home/student/Vision/robot_arm_b2/install/frs_interfaces/share/frs_interfaces/environment/path.dsv
[4.706s] -- Installing: /home/student/Vision/robot_arm_b2/install/frs_interfaces/share/frs_interfaces/local_setup.bash
[4.706s] -- Installing: /home/student/Vision/robot_arm_b2/install/frs_interfaces/share/frs_interfaces/local_setup.sh
[4.706s] -- Installing: /home/student/Vision/robot_arm_b2/install/frs_interfaces/share/frs_interfaces/local_setup.zsh
[4.706s] -- Installing: /home/student/Vision/robot_arm_b2/install/frs_interfaces/share/frs_interfaces/local_setup.dsv
[4.706s] -- Installing: /home/student/Vision/robot_arm_b2/install/frs_interfaces/share/frs_interfaces/package.dsv
[4.706s] -- Installing: /home/student/Vision/robot_arm_b2/install/frs_interfaces/share/ament_index/resource_index/packages/frs_interfaces
[4.707s] -- Installing: /home/student/Vision/robot_arm_b2/install/frs_interfaces/share/frs_interfaces/cmake/export_frs_interfaces__rosidl_generator_cExport.cmake
[4.707s] -- Installing: /home/student/Vision/robot_arm_b2/install/frs_interfaces/share/frs_interfaces/cmake/export_frs_interfaces__rosidl_generator_cExport-noconfig.cmake
[4.708s] -- Installing: /home/student/Vision/robot_arm_b2/install/frs_interfaces/share/frs_interfaces/cmake/export_frs_interfaces__rosidl_typesupport_fastrtps_cExport.cmake
[4.708s] -- Installing: /home/student/Vision/robot_arm_b2/install/frs_interfaces/share/frs_interfaces/cmake/export_frs_interfaces__rosidl_typesupport_fastrtps_cExport-noconfig.cmake
[4.708s] -- Installing: /home/student/Vision/robot_arm_b2/install/frs_interfaces/share/frs_interfaces/cmake/frs_interfaces__rosidl_typesupport_introspection_cExport.cmake
[4.708s] -- Installing: /home/student/Vision/robot_arm_b2/install/frs_interfaces/share/frs_interfaces/cmake/frs_interfaces__rosidl_typesupport_introspection_cExport-noconfig.cmake
[4.708s] -- Installing: /home/student/Vision/robot_arm_b2/install/frs_interfaces/share/frs_interfaces/cmake/frs_interfaces__rosidl_typesupport_cExport.cmake
[4.708s] -- Installing: /home/student/Vision/robot_arm_b2/install/frs_interfaces/share/frs_interfaces/cmake/frs_interfaces__rosidl_typesupport_cExport-noconfig.cmake
[4.708s] -- Installing: /home/student/Vision/robot_arm_b2/install/frs_interfaces/share/frs_interfaces/cmake/export_frs_interfaces__rosidl_generator_cppExport.cmake
[4.709s] -- Installing: /home/student/Vision/robot_arm_b2/install/frs_interfaces/share/frs_interfaces/cmake/export_frs_interfaces__rosidl_typesupport_fastrtps_cppExport.cmake
[4.709s] -- Installing: /home/student/Vision/robot_arm_b2/install/frs_interfaces/share/frs_interfaces/cmake/export_frs_interfaces__rosidl_typesupport_fastrtps_cppExport-noconfig.cmake
[4.709s] -- Installing: /home/student/Vision/robot_arm_b2/install/frs_interfaces/share/frs_interfaces/cmake/frs_interfaces__rosidl_typesupport_introspection_cppExport.cmake
[4.709s] -- Installing: /home/student/Vision/robot_arm_b2/install/frs_interfaces/share/frs_interfaces/cmake/frs_interfaces__rosidl_typesupport_introspection_cppExport-noconfig.cmake
[4.709s] -- Installing: /home/student/Vision/robot_arm_b2/install/frs_interfaces/share/frs_interfaces/cmake/frs_interfaces__rosidl_typesupport_cppExport.cmake
[4.709s] -- Installing: /home/student/Vision/robot_arm_b2/install/frs_interfaces/share/frs_interfaces/cmake/frs_interfaces__rosidl_typesupport_cppExport-noconfig.cmake
[4.709s] -- Installing: /home/student/Vision/robot_arm_b2/install/frs_interfaces/share/frs_interfaces/cmake/export_frs_interfaces__rosidl_generator_pyExport.cmake
[4.709s] -- Installing: /home/student/Vision/robot_arm_b2/install/frs_interfaces/share/frs_interfaces/cmake/export_frs_interfaces__rosidl_generator_pyExport-noconfig.cmake
[4.709s] -- Installing: /home/student/Vision/robot_arm_b2/install/frs_interfaces/share/frs_interfaces/cmake/rosidl_cmake-extras.cmake
[4.709s] -- Installing: /home/student/Vision/robot_arm_b2/install/frs_interfaces/share/frs_interfaces/cmake/ament_cmake_export_include_directories-extras.cmake
[4.710s] -- Installing: /home/student/Vision/robot_arm_b2/install/frs_interfaces/share/frs_interfaces/cmake/ament_cmake_export_libraries-extras.cmake
[4.710s] -- Installing: /home/student/Vision/robot_arm_b2/install/frs_interfaces/share/frs_interfaces/cmake/ament_cmake_export_targets-extras.cmake
[4.710s] -- Installing: /home/student/Vision/robot_arm_b2/install/frs_interfaces/share/frs_interfaces/cmake/rosidl_cmake_export_typesupport_targets-extras.cmake
[4.710s] -- Installing: /home/student/Vision/robot_arm_b2/install/frs_interfaces/share/frs_interfaces/cmake/ament_cmake_export_dependencies-extras.cmake
[4.710s] -- Installing: /home/student/Vision/robot_arm_b2/install/frs_interfaces/share/frs_interfaces/cmake/rosidl_cmake_export_typesupport_libraries-extras.cmake
[4.710s] -- Installing: /home/student/Vision/robot_arm_b2/install/frs_interfaces/share/frs_interfaces/cmake/frs_interfacesConfig.cmake
[4.710s] -- Installing: /home/student/Vision/robot_arm_b2/install/frs_interfaces/share/frs_interfaces/cmake/frs_interfacesConfig-version.cmake
[4.711s] -- Installing: /home/student/Vision/robot_arm_b2/install/frs_interfaces/share/frs_interfaces/package.xml
[4.713s] Invoked command in '/home/student/Vision/robot_arm_b2/build/frs_interfaces' returned '0': CMAKE_PREFIX_PATH=${CMAKE_PREFIX_PATH}:/opt/ros/jazzy DEBUGINFOD_URLS=https://debuginfod.ubuntu.com /usr/bin/cmake --install /home/student/Vision/robot_arm_b2/build/frs_interfaces
