-- The C compiler identification is GNU 13.3.0
-- The CXX compiler identification is GNU 13.3.0
-- Detecting C compiler ABI info
-- Detecting C compiler ABI info - done
-- Check for working C compiler: /usr/bin/cc - skipped
-- Detecting C compile features
-- Detecting C compile features - done
-- Detecting CXX compiler ABI info
-- Detecting CXX compiler ABI info - done
-- Check for working CXX compiler: /usr/bin/c++ - skipped
-- Detecting CXX compile features
-- Detecting CXX compile features - done
-- Found ament_cmake: 2.5.4 (/opt/ros/jazzy/share/ament_cmake/cmake)
-- Found Python3: /usr/bin/python3 (found version "3.12.3") found components: Interpreter 
-- Override CMake install command with custom implementation using symlinks instead of copying resources
-- Configuring done (1.3s)
-- Generating done (0.0s)
-- Build files have been written to: /home/student/my_uf_ws/build/my_uf_moveit_config
-- Install configuration: ""
-- Execute custom install script
-- Symlinking: /home/student/my_uf_ws/install/my_uf_moveit_config/share/ament_index/resource_index/package_run_dependencies/my_uf_moveit_config
-- Symlinking: /home/student/my_uf_ws/install/my_uf_moveit_config/share/ament_index/resource_index/parent_prefix_path/my_uf_moveit_config
-- Symlinking: /home/student/my_uf_ws/install/my_uf_moveit_config/share/my_uf_moveit_config/environment/ament_prefix_path.sh
-- Symlinking: /home/student/my_uf_ws/install/my_uf_moveit_config/share/my_uf_moveit_config/environment/ament_prefix_path.dsv
-- Symlinking: /home/student/my_uf_ws/install/my_uf_moveit_config/share/my_uf_moveit_config/environment/path.sh
-- Symlinking: /home/student/my_uf_ws/install/my_uf_moveit_config/share/my_uf_moveit_config/environment/path.dsv
-- Symlinking: /home/student/my_uf_ws/install/my_uf_moveit_config/share/my_uf_moveit_config/local_setup.bash
-- Symlinking: /home/student/my_uf_ws/install/my_uf_moveit_config/share/my_uf_moveit_config/local_setup.sh
-- Symlinking: /home/student/my_uf_ws/install/my_uf_moveit_config/share/my_uf_moveit_config/local_setup.zsh
-- Symlinking: /home/student/my_uf_ws/install/my_uf_moveit_config/share/my_uf_moveit_config/local_setup.dsv
-- Symlinking: /home/student/my_uf_ws/install/my_uf_moveit_config/share/my_uf_moveit_config/package.dsv
-- Symlinking: /home/student/my_uf_ws/install/my_uf_moveit_config/share/ament_index/resource_index/packages/my_uf_moveit_config
-- Symlinking: /home/student/my_uf_ws/install/my_uf_moveit_config/share/my_uf_moveit_config/cmake/my_uf_moveit_configConfig.cmake
-- Symlinking: /home/student/my_uf_ws/install/my_uf_moveit_config/share/my_uf_moveit_config/cmake/my_uf_moveit_configConfig-version.cmake
-- Symlinking: /home/student/my_uf_ws/install/my_uf_moveit_config/share/my_uf_moveit_config/package.xml
-- Symlinking: /home/student/my_uf_ws/install/my_uf_moveit_config/share/my_uf_moveit_config/launch/demo.launch.py
-- Symlinking: /home/student/my_uf_ws/install/my_uf_moveit_config/share/my_uf_moveit_config/launch/move_group.launch.py
-- Symlinking: /home/student/my_uf_ws/install/my_uf_moveit_config/share/my_uf_moveit_config/launch/moveit_rviz.launch.py
-- Symlinking: /home/student/my_uf_ws/install/my_uf_moveit_config/share/my_uf_moveit_config/launch/rsp.launch.py
-- Symlinking: /home/student/my_uf_ws/install/my_uf_moveit_config/share/my_uf_moveit_config/launch/setup_assistant.launch.py
-- Symlinking: /home/student/my_uf_ws/install/my_uf_moveit_config/share/my_uf_moveit_config/launch/spawn_controllers.launch.py
-- Symlinking: /home/student/my_uf_ws/install/my_uf_moveit_config/share/my_uf_moveit_config/launch/static_virtual_joint_tfs.launch.py
-- Symlinking: /home/student/my_uf_ws/install/my_uf_moveit_config/share/my_uf_moveit_config/launch/warehouse_db.launch.py
-- Symlinking: /home/student/my_uf_ws/install/my_uf_moveit_config/share/my_uf_moveit_config/config/backup/controllers.yaml
-- Symlinking: /home/student/my_uf_ws/install/my_uf_moveit_config/share/my_uf_moveit_config/config/backup/fake_controllers.yaml
-- Symlinking: /home/student/my_uf_ws/install/my_uf_moveit_config/share/my_uf_moveit_config/config/backup/initial_positions.yaml
-- Symlinking: /home/student/my_uf_ws/install/my_uf_moveit_config/share/my_uf_moveit_config/config/backup/joint_limits.yaml
-- Symlinking: /home/student/my_uf_ws/install/my_uf_moveit_config/share/my_uf_moveit_config/config/backup/kinematics.yaml
-- Symlinking: /home/student/my_uf_ws/install/my_uf_moveit_config/share/my_uf_moveit_config/config/backup/lite6_robot.ros2_control.xacro
-- Symlinking: /home/student/my_uf_ws/install/my_uf_moveit_config/share/my_uf_moveit_config/config/backup/lite6_robot.srdf
-- Symlinking: /home/student/my_uf_ws/install/my_uf_moveit_config/share/my_uf_moveit_config/config/backup/lite6_robot.urdf.xacro
-- Symlinking: /home/student/my_uf_ws/install/my_uf_moveit_config/share/my_uf_moveit_config/config/backup/moveit.rviz
-- Symlinking: /home/student/my_uf_ws/install/my_uf_moveit_config/share/my_uf_moveit_config/config/backup/moveit_controllers.yaml
-- Symlinking: /home/student/my_uf_ws/install/my_uf_moveit_config/share/my_uf_moveit_config/config/backup/ompl_planning.yaml
-- Symlinking: /home/student/my_uf_ws/install/my_uf_moveit_config/share/my_uf_moveit_config/config/backup/pilz_cartesian_limits.yaml
-- Symlinking: /home/student/my_uf_ws/install/my_uf_moveit_config/share/my_uf_moveit_config/config/backup/ros2_controllers.yaml
-- Symlinking: /home/student/my_uf_ws/install/my_uf_moveit_config/share/my_uf_moveit_config/config/controllers.yaml
-- Symlinking: /home/student/my_uf_ws/install/my_uf_moveit_config/share/my_uf_moveit_config/config/fake_controllers.yaml
-- Symlinking: /home/student/my_uf_ws/install/my_uf_moveit_config/share/my_uf_moveit_config/config/initial_positions.yaml
-- Symlinking: /home/student/my_uf_ws/install/my_uf_moveit_config/share/my_uf_moveit_config/config/joint_limits.yaml
-- Symlinking: /home/student/my_uf_ws/install/my_uf_moveit_config/share/my_uf_moveit_config/config/kinematics.yaml
-- Symlinking: /home/student/my_uf_ws/install/my_uf_moveit_config/share/my_uf_moveit_config/config/moveit.rviz
-- Symlinking: /home/student/my_uf_ws/install/my_uf_moveit_config/share/my_uf_moveit_config/config/moveit_controllers.yaml
-- Symlinking: /home/student/my_uf_ws/install/my_uf_moveit_config/share/my_uf_moveit_config/config/ompl_planning.yaml
-- Symlinking: /home/student/my_uf_ws/install/my_uf_moveit_config/share/my_uf_moveit_config/config/pilz_cartesian_limits.yaml
-- Symlinking: /home/student/my_uf_ws/install/my_uf_moveit_config/share/my_uf_moveit_config/config/ros2_controllers.yaml
-- Symlinking: /home/student/my_uf_ws/install/my_uf_moveit_config/share/my_uf_moveit_config/config/uf_robot.ros2_control.xacro
-- Symlinking: /home/student/my_uf_ws/install/my_uf_moveit_config/share/my_uf_moveit_config/config/uf_robot.srdf
-- Symlinking: /home/student/my_uf_ws/install/my_uf_moveit_config/share/my_uf_moveit_config/config/uf_robot.urdf.xacro
-- Symlinking: /home/student/my_uf_ws/install/my_uf_moveit_config/share/my_uf_moveit_config/.setup_assistant
