[0.650s] Invoking command in '/home/student/Vision/robot_arm_b2/vision_node': DEBUGINFOD_URLS=https://debuginfod.ubuntu.com PYTHONPATH=/home/student/Vision/robot_arm_b2/build/vision_node/prefix_override:/usr/lib/python3/dist-packages/colcon_core/task/python/colcon_distutils_commands:/home/student/Vision/robot_arm_b2/install/vision_node/lib/python3.12/site-packages:${PYTHONPATH} /usr/bin/python3 -W ignore:setup.py install is deprecated -W ignore:easy_install command is deprecated setup.py egg_info --egg-base ../build/vision_node build --build-base /home/student/Vision/robot_arm_b2/build/vision_node/build install --record /home/student/Vision/robot_arm_b2/build/vision_node/install.log --single-version-externally-managed install_data
[0.818s] running egg_info
[0.828s] writing ../build/vision_node/vision_node.egg-info/PKG-INFO
[0.829s] writing dependency_links to ../build/vision_node/vision_node.egg-info/dependency_links.txt
[0.829s] writing entry points to ../build/vision_node/vision_node.egg-info/entry_points.txt
[0.829s] writing requirements to ../build/vision_node/vision_node.egg-info/requires.txt
[0.829s] writing top-level names to ../build/vision_node/vision_node.egg-info/top_level.txt
[0.853s] reading manifest file '../build/vision_node/vision_node.egg-info/SOURCES.txt'
[0.854s] writing manifest file '../build/vision_node/vision_node.egg-info/SOURCES.txt'
[0.855s] running build
[0.855s] running build_py
[0.855s] running install
[0.859s] running install_lib
[0.871s] running install_data
[0.871s] copying vision_node/model/best.pt -> /home/student/Vision/robot_arm_b2/install/vision_node/share/vision_node/model
[0.899s] running install_egg_info
[0.913s] removing '/home/student/Vision/robot_arm_b2/install/vision_node/lib/python3.12/site-packages/vision_node-0.0.0-py3.12.egg-info' (and everything under it)
[0.913s] Copying ../build/vision_node/vision_node.egg-info to /home/student/Vision/robot_arm_b2/install/vision_node/lib/python3.12/site-packages/vision_node-0.0.0-py3.12.egg-info
[0.914s] running install_scripts
[0.994s] Installing vision_node script to /home/student/Vision/robot_arm_b2/install/vision_node/lib/vision_node
[0.995s] writing list of installed files to '/home/student/Vision/robot_arm_b2/build/vision_node/install.log'
[1.013s] Invoked command in '/home/student/Vision/robot_arm_b2/vision_node' returned '0': DEBUGINFOD_URLS=https://debuginfod.ubuntu.com PYTHONPATH=/home/student/Vision/robot_arm_b2/build/vision_node/prefix_override:/usr/lib/python3/dist-packages/colcon_core/task/python/colcon_distutils_commands:/home/student/Vision/robot_arm_b2/install/vision_node/lib/python3.12/site-packages:${PYTHONPATH} /usr/bin/python3 -W ignore:setup.py install is deprecated -W ignore:easy_install command is deprecated setup.py egg_info --egg-base ../build/vision_node build --build-base /home/student/Vision/robot_arm_b2/build/vision_node/build install --record /home/student/Vision/robot_arm_b2/build/vision_node/install.log --single-version-externally-managed install_data
