running develop
running egg_info
creating my_uf_bringup.egg-info
writing my_uf_bringup.egg-info/PKG-INFO
writing dependency_links to my_uf_bringup.egg-info/dependency_links.txt
writing requirements to my_uf_bringup.egg-info/requires.txt
writing top-level names to my_uf_bringup.egg-info/top_level.txt
writing manifest file 'my_uf_bringup.egg-info/SOURCES.txt'
reading manifest file 'my_uf_bringup.egg-info/SOURCES.txt'
writing manifest file 'my_uf_bringup.egg-info/SOURCES.txt'
running build_ext
Creating /home/student/my_uf_ws/install/my_uf_bringup/lib/python3.12/site-packages/my-uf-bringup.egg-link (link to .)

Installed /home/student/my_uf_ws/build/my_uf_bringup
running symlink_data
creating /home/student/my_uf_ws/install/my_uf_bringup/share/ament_index
creating /home/student/my_uf_ws/install/my_uf_bringup/share/ament_index/resource_index
creating /home/student/my_uf_ws/install/my_uf_bringup/share/ament_index/resource_index/packages
symbolically linking /home/student/my_uf_ws/build/my_uf_bringup/resource/my_uf_bringup -> /home/student/my_uf_ws/install/my_uf_bringup/share/ament_index/resource_index/packages
symbolically linking /home/student/my_uf_ws/build/my_uf_bringup/package.xml -> /home/student/my_uf_ws/install/my_uf_bringup/share/my_uf_bringup
creating /home/student/my_uf_ws/install/my_uf_bringup/share/my_uf_bringup/config
symbolically linking /home/student/my_uf_ws/build/my_uf_bringup/config/xarm_api_params.yaml -> /home/student/my_uf_ws/install/my_uf_bringup/share/my_uf_bringup/config
creating /home/student/my_uf_ws/install/my_uf_bringup/share/my_uf_bringup/launch
symbolically linking /home/student/my_uf_ws/build/my_uf_bringup/launch/fake_robot.launch.py -> /home/student/my_uf_ws/install/my_uf_bringup/share/my_uf_bringup/launch
symbolically linking /home/student/my_uf_ws/build/my_uf_bringup/launch/view_environment.launch.py -> /home/student/my_uf_ws/install/my_uf_bringup/share/my_uf_bringup/launch
symbolically linking /home/student/my_uf_ws/build/my_uf_bringup/launch/simulation.launch.py -> /home/student/my_uf_ws/install/my_uf_bringup/share/my_uf_bringup/launch
symbolically linking /home/student/my_uf_ws/build/my_uf_bringup/launch/movegroup.launch.py -> /home/student/my_uf_ws/install/my_uf_bringup/share/my_uf_bringup/launch
symbolically linking /home/student/my_uf_ws/build/my_uf_bringup/launch/real_robot.launch.py -> /home/student/my_uf_ws/install/my_uf_bringup/share/my_uf_bringup/launch
creating /home/student/my_uf_ws/install/my_uf_bringup/share/my_uf_bringup/launch/support
symbolically linking /home/student/my_uf_ws/build/my_uf_bringup/launch/support/_gazebo_ign.launch.py -> /home/student/my_uf_ws/install/my_uf_bringup/share/my_uf_bringup/launch/support
symbolically linking /home/student/my_uf_ws/build/my_uf_bringup/launch/support/_robot_moveit_common2.launch.py -> /home/student/my_uf_ws/install/my_uf_bringup/share/my_uf_bringup/launch/support
creating /home/student/my_uf_ws/install/my_uf_bringup/share/my_uf_bringup/rviz
symbolically linking /home/student/my_uf_ws/build/my_uf_bringup/rviz/fake_robot.rviz -> /home/student/my_uf_ws/install/my_uf_bringup/share/my_uf_bringup/rviz
symbolically linking /home/student/my_uf_ws/build/my_uf_bringup/rviz/moveit.rviz -> /home/student/my_uf_ws/install/my_uf_bringup/share/my_uf_bringup/rviz
symbolically linking /home/student/my_uf_ws/build/my_uf_bringup/rviz/environment.rviz -> /home/student/my_uf_ws/install/my_uf_bringup/share/my_uf_bringup/rviz
creating /home/student/my_uf_ws/install/my_uf_bringup/share/my_uf_bringup/worlds
symbolically linking /home/student/my_uf_ws/build/my_uf_bringup/worlds/empty_world.world -> /home/student/my_uf_ws/install/my_uf_bringup/share/my_uf_bringup/worlds
