running develop
running egg_info
creating my_uf_demo.egg-info
writing my_uf_demo.egg-info/PKG-INFO
writing dependency_links to my_uf_demo.egg-info/dependency_links.txt
writing entry points to my_uf_demo.egg-info/entry_points.txt
writing requirements to my_uf_demo.egg-info/requires.txt
writing top-level names to my_uf_demo.egg-info/top_level.txt
writing manifest file 'my_uf_demo.egg-info/SOURCES.txt'
reading manifest file 'my_uf_demo.egg-info/SOURCES.txt'
writing manifest file 'my_uf_demo.egg-info/SOURCES.txt'
running build_ext
Creating /home/student/my_uf_ws/install/my_uf_demo/lib/python3.12/site-packages/my-uf-demo.egg-link (link to .)
Installing demo script to /home/student/my_uf_ws/install/my_uf_demo/lib/my_uf_demo

Installed /home/student/my_uf_ws/build/my_uf_demo
running symlink_data
creating /home/student/my_uf_ws/install/my_uf_demo/share/ament_index
creating /home/student/my_uf_ws/install/my_uf_demo/share/ament_index/resource_index
creating /home/student/my_uf_ws/install/my_uf_demo/share/ament_index/resource_index/packages
symbolically linking /home/student/my_uf_ws/build/my_uf_demo/resource/my_uf_demo -> /home/student/my_uf_ws/install/my_uf_demo/share/ament_index/resource_index/packages
symbolically linking /home/student/my_uf_ws/build/my_uf_demo/package.xml -> /home/student/my_uf_ws/install/my_uf_demo/share/my_uf_demo
