[0.285s] DEBUG:colcon:Command line arguments: ['/usr/bin/colcon', 'build']
[0.286s] DEBUG:colcon:Parsed command line arguments: Namespace(log_base=None, log_level=None, verb_name='build', build_base='build', install_base='install', merge_install=False, symlink_install=False, test_result_base=None, continue_on_error=False, executor='parallel', parallel_workers=4, event_handlers=None, ignore_user_meta=False, metas=['./colcon.meta'], base_paths=['.'], packages_ignore=None, packages_ignore_regex=None, paths=None, packages_up_to=None, packages_up_to_regex=None, packages_above=None, packages_above_and_dependencies=None, packages_above_depth=None, packages_select_by_dep=None, packages_skip_by_dep=None, packages_skip_up_to=None, packages_select_build_failed=False, packages_skip_build_finished=False, packages_select_test_failures=False, packages_skip_test_passed=False, packages_select=None, packages_skip=None, packages_select_regex=None, packages_skip_regex=None, packages_start=None, packages_end=None, allow_overriding=[], cmake_args=None, cmake_target=None, cmake_target_skip_unavailable=False, cmake_clean_cache=False, cmake_clean_first=False, cmake_force_configure=False, ament_cmake_args=None, catkin_cmake_args=None, catkin_skip_building_tests=False, mixin_files=None, mixin=None, verb_parser=<colcon_mixin.mixin.mixin_argument.MixinArgumentDecorator object at 0x7f11ca573680>, verb_extension=<colcon_core.verb.build.BuildVerb object at 0x7f11ca5733e0>, main=<bound method BuildVerb.main of <colcon_core.verb.build.BuildVerb object at 0x7f11ca5733e0>>, mixin_verb=('build',))
[0.398s] Level 1:colcon.colcon_core.package_discovery:discover_packages(colcon_meta) check parameters
[0.398s] Level 1:colcon.colcon_core.package_discovery:discover_packages(recursive) check parameters
[0.398s] Level 1:colcon.colcon_core.package_discovery:discover_packages(ignore) check parameters
[0.398s] Level 1:colcon.colcon_core.package_discovery:discover_packages(path) check parameters
[0.398s] Level 1:colcon.colcon_core.package_discovery:discover_packages(colcon_meta) discover
[0.398s] Level 1:colcon.colcon_core.package_discovery:discover_packages(recursive) discover
[0.398s] INFO:colcon.colcon_core.package_discovery:Crawling recursively for packages in '/home/student/Vision/robot_arm_b2'
[0.398s] Level 1:colcon.colcon_core.package_identification:_identify(.) by extensions ['ignore', 'ignore_ament_install']
[0.398s] Level 1:colcon.colcon_core.package_identification:_identify(.) by extension 'ignore'
[0.399s] Level 1:colcon.colcon_core.package_identification:_identify(.) by extension 'ignore_ament_install'
[0.399s] Level 1:colcon.colcon_core.package_identification:_identify(.) by extensions ['colcon_pkg']
[0.399s] Level 1:colcon.colcon_core.package_identification:_identify(.) by extension 'colcon_pkg'
[0.399s] Level 1:colcon.colcon_core.package_identification:_identify(.) by extensions ['colcon_meta']
[0.399s] Level 1:colcon.colcon_core.package_identification:_identify(.) by extension 'colcon_meta'
[0.399s] Level 1:colcon.colcon_core.package_identification:_identify(.) by extensions ['ros']
[0.399s] Level 1:colcon.colcon_core.package_identification:_identify(.) by extension 'ros'
[0.438s] Level 1:colcon.colcon_core.package_identification:_identify(.) by extensions ['cmake', 'python']
[0.438s] Level 1:colcon.colcon_core.package_identification:_identify(.) by extension 'cmake'
[0.438s] Level 1:colcon.colcon_core.package_identification:_identify(.) by extension 'python'
[0.438s] Level 1:colcon.colcon_core.package_identification:_identify(.) by extensions ['python_setup_py']
[0.438s] Level 1:colcon.colcon_core.package_identification:_identify(.) by extension 'python_setup_py'
[0.439s] Level 1:colcon.colcon_core.package_identification:_identify(ElechouseVoiceRecognition) by extensions ['ignore', 'ignore_ament_install']
[0.439s] Level 1:colcon.colcon_core.package_identification:_identify(ElechouseVoiceRecognition) by extension 'ignore'
[0.439s] Level 1:colcon.colcon_core.package_identification:_identify(ElechouseVoiceRecognition) by extension 'ignore_ament_install'
[0.439s] Level 1:colcon.colcon_core.package_identification:_identify(ElechouseVoiceRecognition) by extensions ['colcon_pkg']
[0.439s] Level 1:colcon.colcon_core.package_identification:_identify(ElechouseVoiceRecognition) by extension 'colcon_pkg'
[0.440s] Level 1:colcon.colcon_core.package_identification:_identify(ElechouseVoiceRecognition) by extensions ['colcon_meta']
[0.440s] Level 1:colcon.colcon_core.package_identification:_identify(ElechouseVoiceRecognition) by extension 'colcon_meta'
[0.440s] Level 1:colcon.colcon_core.package_identification:_identify(ElechouseVoiceRecognition) by extensions ['ros']
[0.440s] Level 1:colcon.colcon_core.package_identification:_identify(ElechouseVoiceRecognition) by extension 'ros'
[0.440s] Level 1:colcon.colcon_core.package_identification:_identify(ElechouseVoiceRecognition) by extensions ['cmake', 'python']
[0.440s] Level 1:colcon.colcon_core.package_identification:_identify(ElechouseVoiceRecognition) by extension 'cmake'
[0.440s] Level 1:colcon.colcon_core.package_identification:_identify(ElechouseVoiceRecognition) by extension 'python'
[0.440s] Level 1:colcon.colcon_core.package_identification:_identify(ElechouseVoiceRecognition) by extensions ['python_setup_py']
[0.440s] Level 1:colcon.colcon_core.package_identification:_identify(ElechouseVoiceRecognition) by extension 'python_setup_py'
[0.441s] Level 1:colcon.colcon_core.package_identification:_identify(build) by extensions ['ignore', 'ignore_ament_install']
[0.441s] Level 1:colcon.colcon_core.package_identification:_identify(build) by extension 'ignore'
[0.441s] Level 1:colcon.colcon_core.package_identification:_identify(build) ignored
[0.441s] Level 1:colcon.colcon_core.package_identification:_identify(controller_code) by extensions ['ignore', 'ignore_ament_install']
[0.441s] Level 1:colcon.colcon_core.package_identification:_identify(controller_code) by extension 'ignore'
[0.442s] Level 1:colcon.colcon_core.package_identification:_identify(controller_code) by extension 'ignore_ament_install'
[0.442s] Level 1:colcon.colcon_core.package_identification:_identify(controller_code) by extensions ['colcon_pkg']
[0.442s] Level 1:colcon.colcon_core.package_identification:_identify(controller_code) by extension 'colcon_pkg'
[0.442s] Level 1:colcon.colcon_core.package_identification:_identify(controller_code) by extensions ['colcon_meta']
[0.442s] Level 1:colcon.colcon_core.package_identification:_identify(controller_code) by extension 'colcon_meta'
[0.442s] Level 1:colcon.colcon_core.package_identification:_identify(controller_code) by extensions ['ros']
[0.442s] Level 1:colcon.colcon_core.package_identification:_identify(controller_code) by extension 'ros'
[0.442s] Level 1:colcon.colcon_core.package_identification:_identify(controller_code) by extensions ['cmake', 'python']
[0.442s] Level 1:colcon.colcon_core.package_identification:_identify(controller_code) by extension 'cmake'
[0.442s] Level 1:colcon.colcon_core.package_identification:_identify(controller_code) by extension 'python'
[0.442s] Level 1:colcon.colcon_core.package_identification:_identify(controller_code) by extensions ['python_setup_py']
[0.442s] Level 1:colcon.colcon_core.package_identification:_identify(controller_code) by extension 'python_setup_py'
[0.443s] Level 1:colcon.colcon_core.package_identification:_identify(controller_code/__pycache__) by extensions ['ignore', 'ignore_ament_install']
[0.443s] Level 1:colcon.colcon_core.package_identification:_identify(controller_code/__pycache__) by extension 'ignore'
[0.443s] Level 1:colcon.colcon_core.package_identification:_identify(controller_code/__pycache__) by extension 'ignore_ament_install'
[0.443s] Level 1:colcon.colcon_core.package_identification:_identify(controller_code/__pycache__) by extensions ['colcon_pkg']
[0.443s] Level 1:colcon.colcon_core.package_identification:_identify(controller_code/__pycache__) by extension 'colcon_pkg'
[0.443s] Level 1:colcon.colcon_core.package_identification:_identify(controller_code/__pycache__) by extensions ['colcon_meta']
[0.443s] Level 1:colcon.colcon_core.package_identification:_identify(controller_code/__pycache__) by extension 'colcon_meta'
[0.443s] Level 1:colcon.colcon_core.package_identification:_identify(controller_code/__pycache__) by extensions ['ros']
[0.443s] Level 1:colcon.colcon_core.package_identification:_identify(controller_code/__pycache__) by extension 'ros'
[0.443s] Level 1:colcon.colcon_core.package_identification:_identify(controller_code/__pycache__) by extensions ['cmake', 'python']
[0.443s] Level 1:colcon.colcon_core.package_identification:_identify(controller_code/__pycache__) by extension 'cmake'
[0.443s] Level 1:colcon.colcon_core.package_identification:_identify(controller_code/__pycache__) by extension 'python'
[0.443s] Level 1:colcon.colcon_core.package_identification:_identify(controller_code/__pycache__) by extensions ['python_setup_py']
[0.443s] Level 1:colcon.colcon_core.package_identification:_identify(controller_code/__pycache__) by extension 'python_setup_py'
[0.444s] Level 1:colcon.colcon_core.package_identification:_identify(controller_code/msg) by extensions ['ignore', 'ignore_ament_install']
[0.444s] Level 1:colcon.colcon_core.package_identification:_identify(controller_code/msg) by extension 'ignore'
[0.444s] Level 1:colcon.colcon_core.package_identification:_identify(controller_code/msg) by extension 'ignore_ament_install'
[0.444s] Level 1:colcon.colcon_core.package_identification:_identify(controller_code/msg) by extensions ['colcon_pkg']
[0.444s] Level 1:colcon.colcon_core.package_identification:_identify(controller_code/msg) by extension 'colcon_pkg'
[0.444s] Level 1:colcon.colcon_core.package_identification:_identify(controller_code/msg) by extensions ['colcon_meta']
[0.444s] Level 1:colcon.colcon_core.package_identification:_identify(controller_code/msg) by extension 'colcon_meta'
[0.444s] Level 1:colcon.colcon_core.package_identification:_identify(controller_code/msg) by extensions ['ros']
[0.444s] Level 1:colcon.colcon_core.package_identification:_identify(controller_code/msg) by extension 'ros'
[0.444s] Level 1:colcon.colcon_core.package_identification:_identify(controller_code/msg) by extensions ['cmake', 'python']
[0.444s] Level 1:colcon.colcon_core.package_identification:_identify(controller_code/msg) by extension 'cmake'
[0.444s] Level 1:colcon.colcon_core.package_identification:_identify(controller_code/msg) by extension 'python'
[0.444s] Level 1:colcon.colcon_core.package_identification:_identify(controller_code/msg) by extensions ['python_setup_py']
[0.444s] Level 1:colcon.colcon_core.package_identification:_identify(controller_code/msg) by extension 'python_setup_py'
[0.445s] Level 1:colcon.colcon_core.package_identification:_identify(controller_code/test) by extensions ['ignore', 'ignore_ament_install']
[0.445s] Level 1:colcon.colcon_core.package_identification:_identify(controller_code/test) by extension 'ignore'
[0.445s] Level 1:colcon.colcon_core.package_identification:_identify(controller_code/test) by extension 'ignore_ament_install'
[0.445s] Level 1:colcon.colcon_core.package_identification:_identify(controller_code/test) by extensions ['colcon_pkg']
[0.445s] Level 1:colcon.colcon_core.package_identification:_identify(controller_code/test) by extension 'colcon_pkg'
[0.445s] Level 1:colcon.colcon_core.package_identification:_identify(controller_code/test) by extensions ['colcon_meta']
[0.445s] Level 1:colcon.colcon_core.package_identification:_identify(controller_code/test) by extension 'colcon_meta'
[0.445s] Level 1:colcon.colcon_core.package_identification:_identify(controller_code/test) by extensions ['ros']
[0.445s] Level 1:colcon.colcon_core.package_identification:_identify(controller_code/test) by extension 'ros'
[0.445s] Level 1:colcon.colcon_core.package_identification:_identify(controller_code/test) by extensions ['cmake', 'python']
[0.445s] Level 1:colcon.colcon_core.package_identification:_identify(controller_code/test) by extension 'cmake'
[0.446s] Level 1:colcon.colcon_core.package_identification:_identify(controller_code/test) by extension 'python'
[0.446s] Level 1:colcon.colcon_core.package_identification:_identify(controller_code/test) by extensions ['python_setup_py']
[0.446s] Level 1:colcon.colcon_core.package_identification:_identify(controller_code/test) by extension 'python_setup_py'
[0.446s] Level 1:colcon.colcon_core.package_identification:_identify(controller_code/vb_pub) by extensions ['ignore', 'ignore_ament_install']
[0.446s] Level 1:colcon.colcon_core.package_identification:_identify(controller_code/vb_pub) by extension 'ignore'
[0.446s] Level 1:colcon.colcon_core.package_identification:_identify(controller_code/vb_pub) by extension 'ignore_ament_install'
[0.446s] Level 1:colcon.colcon_core.package_identification:_identify(controller_code/vb_pub) by extensions ['colcon_pkg']
[0.446s] Level 1:colcon.colcon_core.package_identification:_identify(controller_code/vb_pub) by extension 'colcon_pkg'
[0.446s] Level 1:colcon.colcon_core.package_identification:_identify(controller_code/vb_pub) by extensions ['colcon_meta']
[0.446s] Level 1:colcon.colcon_core.package_identification:_identify(controller_code/vb_pub) by extension 'colcon_meta'
[0.446s] Level 1:colcon.colcon_core.package_identification:_identify(controller_code/vb_pub) by extensions ['ros']
[0.446s] Level 1:colcon.colcon_core.package_identification:_identify(controller_code/vb_pub) by extension 'ros'
[0.447s] Level 1:colcon.colcon_core.package_identification:_identify(controller_code/vb_pub) by extensions ['cmake', 'python']
[0.447s] Level 1:colcon.colcon_core.package_identification:_identify(controller_code/vb_pub) by extension 'cmake'
[0.447s] Level 1:colcon.colcon_core.package_identification:_identify(controller_code/vb_pub) by extension 'python'
[0.447s] Level 1:colcon.colcon_core.package_identification:_identify(controller_code/vb_pub) by extensions ['python_setup_py']
[0.447s] Level 1:colcon.colcon_core.package_identification:_identify(controller_code/vb_pub) by extension 'python_setup_py'
[0.447s] Level 1:colcon.colcon_core.package_identification:_identify(controller_code_niks.py) by extensions ['ignore', 'ignore_ament_install']
[0.447s] Level 1:colcon.colcon_core.package_identification:_identify(controller_code_niks.py) by extension 'ignore'
[0.447s] Level 1:colcon.colcon_core.package_identification:_identify(controller_code_niks.py) by extension 'ignore_ament_install'
[0.447s] Level 1:colcon.colcon_core.package_identification:_identify(controller_code_niks.py) by extensions ['colcon_pkg']
[0.447s] Level 1:colcon.colcon_core.package_identification:_identify(controller_code_niks.py) by extension 'colcon_pkg'
[0.447s] Level 1:colcon.colcon_core.package_identification:_identify(controller_code_niks.py) by extensions ['colcon_meta']
[0.447s] Level 1:colcon.colcon_core.package_identification:_identify(controller_code_niks.py) by extension 'colcon_meta'
[0.447s] Level 1:colcon.colcon_core.package_identification:_identify(controller_code_niks.py) by extensions ['ros']
[0.447s] Level 1:colcon.colcon_core.package_identification:_identify(controller_code_niks.py) by extension 'ros'
[0.447s] Level 1:colcon.colcon_core.package_identification:_identify(controller_code_niks.py) by extensions ['cmake', 'python']
[0.447s] Level 1:colcon.colcon_core.package_identification:_identify(controller_code_niks.py) by extension 'cmake'
[0.447s] Level 1:colcon.colcon_core.package_identification:_identify(controller_code_niks.py) by extension 'python'
[0.447s] Level 1:colcon.colcon_core.package_identification:_identify(controller_code_niks.py) by extensions ['python_setup_py']
[0.447s] Level 1:colcon.colcon_core.package_identification:_identify(controller_code_niks.py) by extension 'python_setup_py'
[0.448s] Level 1:colcon.colcon_core.package_identification:_identify(controller_code_niks.py/vb_pub) by extensions ['ignore', 'ignore_ament_install']
[0.448s] Level 1:colcon.colcon_core.package_identification:_identify(controller_code_niks.py/vb_pub) by extension 'ignore'
[0.448s] Level 1:colcon.colcon_core.package_identification:_identify(controller_code_niks.py/vb_pub) by extension 'ignore_ament_install'
[0.448s] Level 1:colcon.colcon_core.package_identification:_identify(controller_code_niks.py/vb_pub) by extensions ['colcon_pkg']
[0.448s] Level 1:colcon.colcon_core.package_identification:_identify(controller_code_niks.py/vb_pub) by extension 'colcon_pkg'
[0.448s] Level 1:colcon.colcon_core.package_identification:_identify(controller_code_niks.py/vb_pub) by extensions ['colcon_meta']
[0.448s] Level 1:colcon.colcon_core.package_identification:_identify(controller_code_niks.py/vb_pub) by extension 'colcon_meta'
[0.448s] Level 1:colcon.colcon_core.package_identification:_identify(controller_code_niks.py/vb_pub) by extensions ['ros']
[0.448s] Level 1:colcon.colcon_core.package_identification:_identify(controller_code_niks.py/vb_pub) by extension 'ros'
[0.448s] Level 1:colcon.colcon_core.package_identification:_identify(controller_code_niks.py/vb_pub) by extensions ['cmake', 'python']
[0.448s] Level 1:colcon.colcon_core.package_identification:_identify(controller_code_niks.py/vb_pub) by extension 'cmake'
[0.448s] Level 1:colcon.colcon_core.package_identification:_identify(controller_code_niks.py/vb_pub) by extension 'python'
[0.448s] Level 1:colcon.colcon_core.package_identification:_identify(controller_code_niks.py/vb_pub) by extensions ['python_setup_py']
[0.448s] Level 1:colcon.colcon_core.package_identification:_identify(controller_code_niks.py/vb_pub) by extension 'python_setup_py'
[0.449s] Level 1:colcon.colcon_core.package_identification:_identify(frs_interfaces) by extensions ['ignore', 'ignore_ament_install']
[0.449s] Level 1:colcon.colcon_core.package_identification:_identify(frs_interfaces) by extension 'ignore'
[0.449s] Level 1:colcon.colcon_core.package_identification:_identify(frs_interfaces) by extension 'ignore_ament_install'
[0.449s] Level 1:colcon.colcon_core.package_identification:_identify(frs_interfaces) by extensions ['colcon_pkg']
[0.449s] Level 1:colcon.colcon_core.package_identification:_identify(frs_interfaces) by extension 'colcon_pkg'
[0.449s] Level 1:colcon.colcon_core.package_identification:_identify(frs_interfaces) by extensions ['colcon_meta']
[0.449s] Level 1:colcon.colcon_core.package_identification:_identify(frs_interfaces) by extension 'colcon_meta'
[0.449s] Level 1:colcon.colcon_core.package_identification:_identify(frs_interfaces) by extensions ['ros']
[0.449s] Level 1:colcon.colcon_core.package_identification:_identify(frs_interfaces) by extension 'ros'
[0.455s] DEBUG:colcon.colcon_core.package_identification:Package 'frs_interfaces' with type 'ros.ament_cmake' and name 'frs_interfaces'
[0.455s] Level 1:colcon.colcon_core.package_identification:_identify(install) by extensions ['ignore', 'ignore_ament_install']
[0.455s] Level 1:colcon.colcon_core.package_identification:_identify(install) by extension 'ignore'
[0.455s] Level 1:colcon.colcon_core.package_identification:_identify(install) ignored
[0.456s] Level 1:colcon.colcon_core.package_identification:_identify(log) by extensions ['ignore', 'ignore_ament_install']
[0.456s] Level 1:colcon.colcon_core.package_identification:_identify(log) by extension 'ignore'
[0.456s] Level 1:colcon.colcon_core.package_identification:_identify(log) ignored
[0.456s] Level 1:colcon.colcon_core.package_identification:_identify(vision_node) by extensions ['ignore', 'ignore_ament_install']
[0.457s] Level 1:colcon.colcon_core.package_identification:_identify(vision_node) by extension 'ignore'
[0.457s] Level 1:colcon.colcon_core.package_identification:_identify(vision_node) by extension 'ignore_ament_install'
[0.457s] Level 1:colcon.colcon_core.package_identification:_identify(vision_node) by extensions ['colcon_pkg']
[0.457s] Level 1:colcon.colcon_core.package_identification:_identify(vision_node) by extension 'colcon_pkg'
[0.457s] Level 1:colcon.colcon_core.package_identification:_identify(vision_node) by extensions ['colcon_meta']
[0.457s] Level 1:colcon.colcon_core.package_identification:_identify(vision_node) by extension 'colcon_meta'
[0.457s] Level 1:colcon.colcon_core.package_identification:_identify(vision_node) by extensions ['ros']
[0.457s] Level 1:colcon.colcon_core.package_identification:_identify(vision_node) by extension 'ros'
[0.458s] DEBUG:colcon.colcon_core.package_identification:Package 'vision_node' with type 'ros.ament_python' and name 'vision_node'
[0.459s] Level 1:colcon.colcon_core.package_identification:_identify(voice) by extensions ['ignore', 'ignore_ament_install']
[0.459s] Level 1:colcon.colcon_core.package_identification:_identify(voice) by extension 'ignore'
[0.459s] Level 1:colcon.colcon_core.package_identification:_identify(voice) by extension 'ignore_ament_install'
[0.459s] Level 1:colcon.colcon_core.package_identification:_identify(voice) by extensions ['colcon_pkg']
[0.459s] Level 1:colcon.colcon_core.package_identification:_identify(voice) by extension 'colcon_pkg'
[0.459s] Level 1:colcon.colcon_core.package_identification:_identify(voice) by extensions ['colcon_meta']
[0.459s] Level 1:colcon.colcon_core.package_identification:_identify(voice) by extension 'colcon_meta'
[0.459s] Level 1:colcon.colcon_core.package_identification:_identify(voice) by extensions ['ros']
[0.459s] Level 1:colcon.colcon_core.package_identification:_identify(voice) by extension 'ros'
[0.459s] Level 1:colcon.colcon_core.package_identification:_identify(voice) by extensions ['cmake', 'python']
[0.459s] Level 1:colcon.colcon_core.package_identification:_identify(voice) by extension 'cmake'
[0.459s] Level 1:colcon.colcon_core.package_identification:_identify(voice) by extension 'python'
[0.459s] Level 1:colcon.colcon_core.package_identification:_identify(voice) by extensions ['python_setup_py']
[0.459s] Level 1:colcon.colcon_core.package_identification:_identify(voice) by extension 'python_setup_py'
[0.460s] Level 1:colcon.colcon_core.package_identification:_identify(voice/bednodigdebestanden) by extensions ['ignore', 'ignore_ament_install']
[0.461s] Level 1:colcon.colcon_core.package_identification:_identify(voice/bednodigdebestanden) by extension 'ignore'
[0.461s] Level 1:colcon.colcon_core.package_identification:_identify(voice/bednodigdebestanden) by extension 'ignore_ament_install'
[0.461s] Level 1:colcon.colcon_core.package_identification:_identify(voice/bednodigdebestanden) by extensions ['colcon_pkg']
[0.461s] Level 1:colcon.colcon_core.package_identification:_identify(voice/bednodigdebestanden) by extension 'colcon_pkg'
[0.461s] Level 1:colcon.colcon_core.package_identification:_identify(voice/bednodigdebestanden) by extensions ['colcon_meta']
[0.461s] Level 1:colcon.colcon_core.package_identification:_identify(voice/bednodigdebestanden) by extension 'colcon_meta'
[0.461s] Level 1:colcon.colcon_core.package_identification:_identify(voice/bednodigdebestanden) by extensions ['ros']
[0.461s] Level 1:colcon.colcon_core.package_identification:_identify(voice/bednodigdebestanden) by extension 'ros'
[0.461s] Level 1:colcon.colcon_core.package_identification:_identify(voice/bednodigdebestanden) by extensions ['cmake', 'python']
[0.461s] Level 1:colcon.colcon_core.package_identification:_identify(voice/bednodigdebestanden) by extension 'cmake'
[0.461s] Level 1:colcon.colcon_core.package_identification:_identify(voice/bednodigdebestanden) by extension 'python'
[0.461s] Level 1:colcon.colcon_core.package_identification:_identify(voice/bednodigdebestanden) by extensions ['python_setup_py']
[0.461s] Level 1:colcon.colcon_core.package_identification:_identify(voice/bednodigdebestanden) by extension 'python_setup_py'
[0.462s] Level 1:colcon.colcon_core.package_identification:_identify(voice/bednodigdebestanden/vr_sample_bridge) by extensions ['ignore', 'ignore_ament_install']
[0.462s] Level 1:colcon.colcon_core.package_identification:_identify(voice/bednodigdebestanden/vr_sample_bridge) by extension 'ignore'
[0.462s] Level 1:colcon.colcon_core.package_identification:_identify(voice/bednodigdebestanden/vr_sample_bridge) by extension 'ignore_ament_install'
[0.462s] Level 1:colcon.colcon_core.package_identification:_identify(voice/bednodigdebestanden/vr_sample_bridge) by extensions ['colcon_pkg']
[0.462s] Level 1:colcon.colcon_core.package_identification:_identify(voice/bednodigdebestanden/vr_sample_bridge) by extension 'colcon_pkg'
[0.462s] Level 1:colcon.colcon_core.package_identification:_identify(voice/bednodigdebestanden/vr_sample_bridge) by extensions ['colcon_meta']
[0.462s] Level 1:colcon.colcon_core.package_identification:_identify(voice/bednodigdebestanden/vr_sample_bridge) by extension 'colcon_meta'
[0.462s] Level 1:colcon.colcon_core.package_identification:_identify(voice/bednodigdebestanden/vr_sample_bridge) by extensions ['ros']
[0.462s] Level 1:colcon.colcon_core.package_identification:_identify(voice/bednodigdebestanden/vr_sample_bridge) by extension 'ros'
[0.462s] Level 1:colcon.colcon_core.package_identification:_identify(voice/bednodigdebestanden/vr_sample_bridge) by extensions ['cmake', 'python']
[0.462s] Level 1:colcon.colcon_core.package_identification:_identify(voice/bednodigdebestanden/vr_sample_bridge) by extension 'cmake'
[0.462s] Level 1:colcon.colcon_core.package_identification:_identify(voice/bednodigdebestanden/vr_sample_bridge) by extension 'python'
[0.462s] Level 1:colcon.colcon_core.package_identification:_identify(voice/bednodigdebestanden/vr_sample_bridge) by extensions ['python_setup_py']
[0.462s] Level 1:colcon.colcon_core.package_identification:_identify(voice/bednodigdebestanden/vr_sample_bridge) by extension 'python_setup_py'
[0.463s] Level 1:colcon.colcon_core.package_identification:_identify(voice/bednodigdebestanden/vr_sample_train) by extensions ['ignore', 'ignore_ament_install']
[0.463s] Level 1:colcon.colcon_core.package_identification:_identify(voice/bednodigdebestanden/vr_sample_train) by extension 'ignore'
[0.463s] Level 1:colcon.colcon_core.package_identification:_identify(voice/bednodigdebestanden/vr_sample_train) by extension 'ignore_ament_install'
[0.463s] Level 1:colcon.colcon_core.package_identification:_identify(voice/bednodigdebestanden/vr_sample_train) by extensions ['colcon_pkg']
[0.463s] Level 1:colcon.colcon_core.package_identification:_identify(voice/bednodigdebestanden/vr_sample_train) by extension 'colcon_pkg'
[0.463s] Level 1:colcon.colcon_core.package_identification:_identify(voice/bednodigdebestanden/vr_sample_train) by extensions ['colcon_meta']
[0.463s] Level 1:colcon.colcon_core.package_identification:_identify(voice/bednodigdebestanden/vr_sample_train) by extension 'colcon_meta'
[0.463s] Level 1:colcon.colcon_core.package_identification:_identify(voice/bednodigdebestanden/vr_sample_train) by extensions ['ros']
[0.463s] Level 1:colcon.colcon_core.package_identification:_identify(voice/bednodigdebestanden/vr_sample_train) by extension 'ros'
[0.464s] Level 1:colcon.colcon_core.package_identification:_identify(voice/bednodigdebestanden/vr_sample_train) by extensions ['cmake', 'python']
[0.464s] Level 1:colcon.colcon_core.package_identification:_identify(voice/bednodigdebestanden/vr_sample_train) by extension 'cmake'
[0.464s] Level 1:colcon.colcon_core.package_identification:_identify(voice/bednodigdebestanden/vr_sample_train) by extension 'python'
[0.464s] Level 1:colcon.colcon_core.package_identification:_identify(voice/bednodigdebestanden/vr_sample_train) by extensions ['python_setup_py']
[0.464s] Level 1:colcon.colcon_core.package_identification:_identify(voice/bednodigdebestanden/vr_sample_train) by extension 'python_setup_py'
[0.464s] Level 1:colcon.colcon_core.package_discovery:discover_packages(recursive) using defaults
[0.464s] Level 1:colcon.colcon_core.package_discovery:discover_packages(ignore) discover
[0.464s] Level 1:colcon.colcon_core.package_discovery:discover_packages(ignore) using defaults
[0.464s] Level 1:colcon.colcon_core.package_discovery:discover_packages(path) discover
[0.464s] Level 1:colcon.colcon_core.package_discovery:discover_packages(path) using defaults
[0.501s] Level 1:colcon.colcon_core.package_discovery:discover_packages(prefix_path) check parameters
[0.501s] Level 1:colcon.colcon_core.package_discovery:discover_packages(prefix_path) discover
[0.515s] DEBUG:colcon.colcon_installed_package_information.package_discovery:Found 322 installed packages in /opt/ros/jazzy
[0.516s] Level 1:colcon.colcon_core.package_discovery:discover_packages(prefix_path) using defaults
[0.578s] Level 5:colcon.colcon_core.verb:set package 'frs_interfaces' build argument 'cmake_args' from command line to 'None'
[0.578s] Level 5:colcon.colcon_core.verb:set package 'frs_interfaces' build argument 'cmake_target' from command line to 'None'
[0.578s] Level 5:colcon.colcon_core.verb:set package 'frs_interfaces' build argument 'cmake_target_skip_unavailable' from command line to 'False'
[0.578s] Level 5:colcon.colcon_core.verb:set package 'frs_interfaces' build argument 'cmake_clean_cache' from command line to 'False'
[0.578s] Level 5:colcon.colcon_core.verb:set package 'frs_interfaces' build argument 'cmake_clean_first' from command line to 'False'
[0.578s] Level 5:colcon.colcon_core.verb:set package 'frs_interfaces' build argument 'cmake_force_configure' from command line to 'False'
[0.578s] Level 5:colcon.colcon_core.verb:set package 'frs_interfaces' build argument 'ament_cmake_args' from command line to 'None'
[0.578s] Level 5:colcon.colcon_core.verb:set package 'frs_interfaces' build argument 'catkin_cmake_args' from command line to 'None'
[0.578s] Level 5:colcon.colcon_core.verb:set package 'frs_interfaces' build argument 'catkin_skip_building_tests' from command line to 'False'
[0.578s] DEBUG:colcon.colcon_core.verb:Building package 'frs_interfaces' with the following arguments: {'ament_cmake_args': None, 'build_base': '/home/student/Vision/robot_arm_b2/build/frs_interfaces', 'catkin_cmake_args': None, 'catkin_skip_building_tests': False, 'cmake_args': None, 'cmake_clean_cache': False, 'cmake_clean_first': False, 'cmake_force_configure': False, 'cmake_target': None, 'cmake_target_skip_unavailable': False, 'install_base': '/home/student/Vision/robot_arm_b2/install/frs_interfaces', 'merge_install': False, 'path': '/home/student/Vision/robot_arm_b2/frs_interfaces', 'symlink_install': False, 'test_result_base': None}
[0.578s] Level 5:colcon.colcon_core.verb:set package 'vision_node' build argument 'cmake_args' from command line to 'None'
[0.578s] Level 5:colcon.colcon_core.verb:set package 'vision_node' build argument 'cmake_target' from command line to 'None'
[0.579s] Level 5:colcon.colcon_core.verb:set package 'vision_node' build argument 'cmake_target_skip_unavailable' from command line to 'False'
[0.579s] Level 5:colcon.colcon_core.verb:set package 'vision_node' build argument 'cmake_clean_cache' from command line to 'False'
[0.579s] Level 5:colcon.colcon_core.verb:set package 'vision_node' build argument 'cmake_clean_first' from command line to 'False'
[0.579s] Level 5:colcon.colcon_core.verb:set package 'vision_node' build argument 'cmake_force_configure' from command line to 'False'
[0.579s] Level 5:colcon.colcon_core.verb:set package 'vision_node' build argument 'ament_cmake_args' from command line to 'None'
[0.579s] Level 5:colcon.colcon_core.verb:set package 'vision_node' build argument 'catkin_cmake_args' from command line to 'None'
[0.579s] Level 5:colcon.colcon_core.verb:set package 'vision_node' build argument 'catkin_skip_building_tests' from command line to 'False'
[0.579s] DEBUG:colcon.colcon_core.verb:Building package 'vision_node' with the following arguments: {'ament_cmake_args': None, 'build_base': '/home/student/Vision/robot_arm_b2/build/vision_node', 'catkin_cmake_args': None, 'catkin_skip_building_tests': False, 'cmake_args': None, 'cmake_clean_cache': False, 'cmake_clean_first': False, 'cmake_force_configure': False, 'cmake_target': None, 'cmake_target_skip_unavailable': False, 'install_base': '/home/student/Vision/robot_arm_b2/install/vision_node', 'merge_install': False, 'path': '/home/student/Vision/robot_arm_b2/vision_node', 'symlink_install': False, 'test_result_base': None}
[0.579s] INFO:colcon.colcon_core.executor:Executing jobs using 'parallel' executor
[0.584s] DEBUG:colcon.colcon_parallel_executor.executor.parallel:run_until_complete
[0.584s] INFO:colcon.colcon_ros.task.ament_cmake.build:Building ROS package in '/home/student/Vision/robot_arm_b2/frs_interfaces' with build type 'ament_cmake'
[0.584s] INFO:colcon.colcon_cmake.task.cmake.build:Building CMake package in '/home/student/Vision/robot_arm_b2/frs_interfaces'
[0.594s] INFO:colcon.colcon_core.plugin_system:Skipping extension 'colcon_core.shell.bat': Not used on non-Windows systems
[0.594s] INFO:colcon.colcon_core.shell:Skip shell extension 'powershell' for command environment: Not usable outside of PowerShell
[0.594s] DEBUG:colcon.colcon_core.shell:Skip shell extension 'dsv' for command environment
[0.600s] INFO:colcon.colcon_ros.task.ament_python.build:Building ROS package in '/home/student/Vision/robot_arm_b2/vision_node' with build type 'ament_python'
[0.600s] Level 1:colcon.colcon_core.shell:create_environment_hook('vision_node', 'ament_prefix_path')
[0.600s] INFO:colcon.colcon_core.shell:Creating environment hook '/home/student/Vision/robot_arm_b2/install/vision_node/share/vision_node/hook/ament_prefix_path.ps1'
[0.602s] INFO:colcon.colcon_core.shell:Creating environment descriptor '/home/student/Vision/robot_arm_b2/install/vision_node/share/vision_node/hook/ament_prefix_path.dsv'
[0.603s] INFO:colcon.colcon_core.shell:Creating environment hook '/home/student/Vision/robot_arm_b2/install/vision_node/share/vision_node/hook/ament_prefix_path.sh'
[0.604s] INFO:colcon.colcon_core.shell:Skip shell extension 'powershell' for command environment: Not usable outside of PowerShell
[0.604s] DEBUG:colcon.colcon_core.shell:Skip shell extension 'dsv' for command environment
[0.613s] DEBUG:colcon.colcon_core.event_handler.log_command:Invoking command in '/home/student/Vision/robot_arm_b2/build/frs_interfaces': CMAKE_PREFIX_PATH=${CMAKE_PREFIX_PATH}:/opt/ros/jazzy DEBUGINFOD_URLS=https://debuginfod.ubuntu.com /usr/bin/cmake --build /home/student/Vision/robot_arm_b2/build/frs_interfaces -- -j4 -l4
[0.785s] INFO:colcon.colcon_core.task.python.build:Building Python package in '/home/student/Vision/robot_arm_b2/vision_node'
[0.785s] INFO:colcon.colcon_core.shell:Skip shell extension 'powershell' for command environment: Not usable outside of PowerShell
[0.785s] DEBUG:colcon.colcon_core.shell:Skip shell extension 'dsv' for command environment
[1.335s] DEBUG:colcon.colcon_core.event_handler.log_command:Invoked command in '/home/student/Vision/robot_arm_b2/build/frs_interfaces' returned '0': CMAKE_PREFIX_PATH=${CMAKE_PREFIX_PATH}:/opt/ros/jazzy DEBUGINFOD_URLS=https://debuginfod.ubuntu.com /usr/bin/cmake --build /home/student/Vision/robot_arm_b2/build/frs_interfaces -- -j4 -l4
[1.359s] DEBUG:colcon.colcon_core.event_handler.log_command:Invoking command in '/home/student/Vision/robot_arm_b2/build/frs_interfaces': CMAKE_PREFIX_PATH=${CMAKE_PREFIX_PATH}:/opt/ros/jazzy DEBUGINFOD_URLS=https://debuginfod.ubuntu.com /usr/bin/cmake --install /home/student/Vision/robot_arm_b2/build/frs_interfaces
[1.520s] Level 1:colcon.colcon_core.environment:create_environment_scripts_only(frs_interfaces)
[1.520s] DEBUG:colcon.colcon_core.event_handler.log_command:Invoked command in '/home/student/Vision/robot_arm_b2/build/frs_interfaces' returned '0': CMAKE_PREFIX_PATH=${CMAKE_PREFIX_PATH}:/opt/ros/jazzy DEBUGINFOD_URLS=https://debuginfod.ubuntu.com /usr/bin/cmake --install /home/student/Vision/robot_arm_b2/build/frs_interfaces
[1.535s] Level 1:colcon.colcon_core.environment:checking '/home/student/Vision/robot_arm_b2/install/frs_interfaces' for CMake module files
[1.540s] Level 1:colcon.colcon_core.environment:checking '/home/student/Vision/robot_arm_b2/install/frs_interfaces' for CMake config files
[1.541s] Level 1:colcon.colcon_core.shell:create_environment_hook('frs_interfaces', 'cmake_prefix_path')
[1.541s] INFO:colcon.colcon_core.shell:Creating environment hook '/home/student/Vision/robot_arm_b2/install/frs_interfaces/share/frs_interfaces/hook/cmake_prefix_path.ps1'
[1.541s] INFO:colcon.colcon_core.shell:Creating environment descriptor '/home/student/Vision/robot_arm_b2/install/frs_interfaces/share/frs_interfaces/hook/cmake_prefix_path.dsv'
[1.542s] INFO:colcon.colcon_core.shell:Creating environment hook '/home/student/Vision/robot_arm_b2/install/frs_interfaces/share/frs_interfaces/hook/cmake_prefix_path.sh'
[1.546s] Level 1:colcon.colcon_core.environment:checking '/home/student/Vision/robot_arm_b2/install/frs_interfaces/lib'
[1.547s] Level 1:colcon.colcon_core.shell:create_environment_hook('frs_interfaces', 'ld_library_path_lib')
[1.547s] INFO:colcon.colcon_core.shell:Creating environment hook '/home/student/Vision/robot_arm_b2/install/frs_interfaces/share/frs_interfaces/hook/ld_library_path_lib.ps1'
[1.548s] INFO:colcon.colcon_core.shell:Creating environment descriptor '/home/student/Vision/robot_arm_b2/install/frs_interfaces/share/frs_interfaces/hook/ld_library_path_lib.dsv'
[1.549s] INFO:colcon.colcon_core.shell:Creating environment hook '/home/student/Vision/robot_arm_b2/install/frs_interfaces/share/frs_interfaces/hook/ld_library_path_lib.sh'
[1.552s] Level 1:colcon.colcon_core.environment:checking '/home/student/Vision/robot_arm_b2/install/frs_interfaces/bin'
[1.552s] Level 1:colcon.colcon_core.environment:checking '/home/student/Vision/robot_arm_b2/install/frs_interfaces/lib/pkgconfig/frs_interfaces.pc'
[1.553s] Level 1:colcon.colcon_core.environment:checking '/home/student/Vision/robot_arm_b2/install/frs_interfaces/lib/python3.12/site-packages'
[1.553s] Level 1:colcon.colcon_core.shell:create_environment_hook('frs_interfaces', 'pythonpath')
[1.553s] INFO:colcon.colcon_core.shell:Creating environment hook '/home/student/Vision/robot_arm_b2/install/frs_interfaces/share/frs_interfaces/hook/pythonpath.ps1'
[1.553s] INFO:colcon.colcon_core.shell:Creating environment descriptor '/home/student/Vision/robot_arm_b2/install/frs_interfaces/share/frs_interfaces/hook/pythonpath.dsv'
[1.555s] INFO:colcon.colcon_core.shell:Creating environment hook '/home/student/Vision/robot_arm_b2/install/frs_interfaces/share/frs_interfaces/hook/pythonpath.sh'
[1.556s] Level 1:colcon.colcon_core.environment:checking '/home/student/Vision/robot_arm_b2/install/frs_interfaces/bin'
[1.556s] INFO:colcon.colcon_core.shell:Creating package script '/home/student/Vision/robot_arm_b2/install/frs_interfaces/share/frs_interfaces/package.ps1'
[1.561s] INFO:colcon.colcon_core.shell:Creating package descriptor '/home/student/Vision/robot_arm_b2/install/frs_interfaces/share/frs_interfaces/package.dsv'
[1.564s] INFO:colcon.colcon_core.shell:Creating package script '/home/student/Vision/robot_arm_b2/install/frs_interfaces/share/frs_interfaces/package.sh'
[1.567s] INFO:colcon.colcon_core.shell:Creating package script '/home/student/Vision/robot_arm_b2/install/frs_interfaces/share/frs_interfaces/package.bash'
[1.570s] INFO:colcon.colcon_core.shell:Creating package script '/home/student/Vision/robot_arm_b2/install/frs_interfaces/share/frs_interfaces/package.zsh'
[1.574s] Level 1:colcon.colcon_core.environment:create_file_with_runtime_dependencies(/home/student/Vision/robot_arm_b2/install/frs_interfaces/share/colcon-core/packages/frs_interfaces)
[1.576s] Level 1:colcon.colcon_core.environment:create_environment_scripts_only(frs_interfaces)
[1.576s] Level 1:colcon.colcon_core.environment:checking '/home/student/Vision/robot_arm_b2/install/frs_interfaces' for CMake module files
[1.577s] Level 1:colcon.colcon_core.environment:checking '/home/student/Vision/robot_arm_b2/install/frs_interfaces' for CMake config files
[1.577s] Level 1:colcon.colcon_core.shell:create_environment_hook('frs_interfaces', 'cmake_prefix_path')
[1.577s] INFO:colcon.colcon_core.shell:Creating environment hook '/home/student/Vision/robot_arm_b2/install/frs_interfaces/share/frs_interfaces/hook/cmake_prefix_path.ps1'
[1.579s] INFO:colcon.colcon_core.shell:Creating environment descriptor '/home/student/Vision/robot_arm_b2/install/frs_interfaces/share/frs_interfaces/hook/cmake_prefix_path.dsv'
[1.580s] INFO:colcon.colcon_core.shell:Creating environment hook '/home/student/Vision/robot_arm_b2/install/frs_interfaces/share/frs_interfaces/hook/cmake_prefix_path.sh'
[1.582s] Level 1:colcon.colcon_core.environment:checking '/home/student/Vision/robot_arm_b2/install/frs_interfaces/lib'
[1.582s] Level 1:colcon.colcon_core.shell:create_environment_hook('frs_interfaces', 'ld_library_path_lib')
[1.583s] INFO:colcon.colcon_core.shell:Creating environment hook '/home/student/Vision/robot_arm_b2/install/frs_interfaces/share/frs_interfaces/hook/ld_library_path_lib.ps1'
[1.584s] INFO:colcon.colcon_core.shell:Creating environment descriptor '/home/student/Vision/robot_arm_b2/install/frs_interfaces/share/frs_interfaces/hook/ld_library_path_lib.dsv'
[1.587s] INFO:colcon.colcon_core.shell:Creating environment hook '/home/student/Vision/robot_arm_b2/install/frs_interfaces/share/frs_interfaces/hook/ld_library_path_lib.sh'
[1.588s] Level 1:colcon.colcon_core.environment:checking '/home/student/Vision/robot_arm_b2/install/frs_interfaces/bin'
[1.588s] Level 1:colcon.colcon_core.environment:checking '/home/student/Vision/robot_arm_b2/install/frs_interfaces/lib/pkgconfig/frs_interfaces.pc'
[1.588s] Level 1:colcon.colcon_core.environment:checking '/home/student/Vision/robot_arm_b2/install/frs_interfaces/lib/python3.12/site-packages'
[1.588s] Level 1:colcon.colcon_core.shell:create_environment_hook('frs_interfaces', 'pythonpath')
[1.589s] INFO:colcon.colcon_core.shell:Creating environment hook '/home/student/Vision/robot_arm_b2/install/frs_interfaces/share/frs_interfaces/hook/pythonpath.ps1'
[1.589s] INFO:colcon.colcon_core.shell:Creating environment descriptor '/home/student/Vision/robot_arm_b2/install/frs_interfaces/share/frs_interfaces/hook/pythonpath.dsv'
[1.592s] INFO:colcon.colcon_core.shell:Creating environment hook '/home/student/Vision/robot_arm_b2/install/frs_interfaces/share/frs_interfaces/hook/pythonpath.sh'
[1.594s] Level 1:colcon.colcon_core.environment:checking '/home/student/Vision/robot_arm_b2/install/frs_interfaces/bin'
[1.595s] INFO:colcon.colcon_core.shell:Creating package script '/home/student/Vision/robot_arm_b2/install/frs_interfaces/share/frs_interfaces/package.ps1'
[1.598s] INFO:colcon.colcon_core.shell:Creating package descriptor '/home/student/Vision/robot_arm_b2/install/frs_interfaces/share/frs_interfaces/package.dsv'
[1.599s] INFO:colcon.colcon_core.shell:Creating package script '/home/student/Vision/robot_arm_b2/install/frs_interfaces/share/frs_interfaces/package.sh'
[1.602s] INFO:colcon.colcon_core.shell:Creating package script '/home/student/Vision/robot_arm_b2/install/frs_interfaces/share/frs_interfaces/package.bash'
[1.603s] INFO:colcon.colcon_core.shell:Creating package script '/home/student/Vision/robot_arm_b2/install/frs_interfaces/share/frs_interfaces/package.zsh'
[1.603s] Level 1:colcon.colcon_core.environment:create_file_with_runtime_dependencies(/home/student/Vision/robot_arm_b2/install/frs_interfaces/share/colcon-core/packages/frs_interfaces)
[1.924s] DEBUG:colcon.colcon_core.event_handler.log_command:Invoking command in '/home/student/Vision/robot_arm_b2/vision_node': DEBUGINFOD_URLS=https://debuginfod.ubuntu.com PYTHONPATH=/home/student/Vision/robot_arm_b2/build/vision_node/prefix_override:/usr/lib/python3/dist-packages/colcon_core/task/python/colcon_distutils_commands:/home/student/Vision/robot_arm_b2/install/vision_node/lib/python3.12/site-packages:${PYTHONPATH} /usr/bin/python3 -W ignore:setup.py install is deprecated -W ignore:easy_install command is deprecated setup.py egg_info --egg-base ../build/vision_node build --build-base /home/student/Vision/robot_arm_b2/build/vision_node/build install --record /home/student/Vision/robot_arm_b2/build/vision_node/install.log --single-version-externally-managed install_data
[2.333s] Level 1:colcon.colcon_core.environment:checking '/home/student/Vision/robot_arm_b2/install/vision_node' for CMake module files
[2.334s] DEBUG:colcon.colcon_core.event_handler.log_command:Invoked command in '/home/student/Vision/robot_arm_b2/vision_node' returned '0': DEBUGINFOD_URLS=https://debuginfod.ubuntu.com PYTHONPATH=/home/student/Vision/robot_arm_b2/build/vision_node/prefix_override:/usr/lib/python3/dist-packages/colcon_core/task/python/colcon_distutils_commands:/home/student/Vision/robot_arm_b2/install/vision_node/lib/python3.12/site-packages:${PYTHONPATH} /usr/bin/python3 -W ignore:setup.py install is deprecated -W ignore:easy_install command is deprecated setup.py egg_info --egg-base ../build/vision_node build --build-base /home/student/Vision/robot_arm_b2/build/vision_node/build install --record /home/student/Vision/robot_arm_b2/build/vision_node/install.log --single-version-externally-managed install_data
[2.339s] Level 1:colcon.colcon_core.environment:checking '/home/student/Vision/robot_arm_b2/install/vision_node' for CMake config files
[2.348s] Level 1:colcon.colcon_core.environment:checking '/home/student/Vision/robot_arm_b2/install/vision_node/lib'
[2.348s] Level 1:colcon.colcon_core.environment:checking '/home/student/Vision/robot_arm_b2/install/vision_node/bin'
[2.348s] Level 1:colcon.colcon_core.environment:checking '/home/student/Vision/robot_arm_b2/install/vision_node/lib/pkgconfig/vision_node.pc'
[2.348s] Level 1:colcon.colcon_core.environment:checking '/home/student/Vision/robot_arm_b2/install/vision_node/lib/python3.12/site-packages'
[2.348s] Level 1:colcon.colcon_core.shell:create_environment_hook('vision_node', 'pythonpath')
[2.349s] INFO:colcon.colcon_core.shell:Creating environment hook '/home/student/Vision/robot_arm_b2/install/vision_node/share/vision_node/hook/pythonpath.ps1'
[2.352s] INFO:colcon.colcon_core.shell:Creating environment descriptor '/home/student/Vision/robot_arm_b2/install/vision_node/share/vision_node/hook/pythonpath.dsv'
[2.352s] INFO:colcon.colcon_core.shell:Creating environment hook '/home/student/Vision/robot_arm_b2/install/vision_node/share/vision_node/hook/pythonpath.sh'
[2.353s] Level 1:colcon.colcon_core.environment:checking '/home/student/Vision/robot_arm_b2/install/vision_node/bin'
[2.354s] Level 1:colcon.colcon_core.environment:create_environment_scripts_only(vision_node)
[2.356s] INFO:colcon.colcon_core.shell:Creating package script '/home/student/Vision/robot_arm_b2/install/vision_node/share/vision_node/package.ps1'
[2.357s] INFO:colcon.colcon_core.shell:Creating package descriptor '/home/student/Vision/robot_arm_b2/install/vision_node/share/vision_node/package.dsv'
[2.357s] INFO:colcon.colcon_core.shell:Creating package script '/home/student/Vision/robot_arm_b2/install/vision_node/share/vision_node/package.sh'
[2.358s] INFO:colcon.colcon_core.shell:Creating package script '/home/student/Vision/robot_arm_b2/install/vision_node/share/vision_node/package.bash'
[2.358s] INFO:colcon.colcon_core.shell:Creating package script '/home/student/Vision/robot_arm_b2/install/vision_node/share/vision_node/package.zsh'
[2.361s] Level 1:colcon.colcon_core.environment:create_file_with_runtime_dependencies(/home/student/Vision/robot_arm_b2/install/vision_node/share/colcon-core/packages/vision_node)
[2.362s] DEBUG:colcon.colcon_parallel_executor.executor.parallel:closing loop
[2.362s] DEBUG:colcon.colcon_parallel_executor.executor.parallel:loop closed
[2.362s] DEBUG:colcon.colcon_parallel_executor.executor.parallel:run_until_complete finished with '0'
[2.362s] DEBUG:colcon.colcon_core.event_reactor:joining thread
[2.413s] INFO:colcon.colcon_core.plugin_system:Skipping extension 'colcon_notification.desktop_notification.terminal_notifier': Not used on non-Darwin systems
[2.413s] INFO:colcon.colcon_core.plugin_system:Skipping extension 'colcon_notification.desktop_notification.win32': Not used on non-Windows systems
[2.413s] INFO:colcon.colcon_notification.desktop_notification:Sending desktop notification using 'notify2'
[2.437s] DEBUG:colcon.colcon_core.event_reactor:joined thread
[2.437s] INFO:colcon.colcon_core.shell:Creating prefix script '/home/student/Vision/robot_arm_b2/install/local_setup.ps1'
[2.439s] INFO:colcon.colcon_core.shell:Creating prefix util module '/home/student/Vision/robot_arm_b2/install/_local_setup_util_ps1.py'
[2.445s] INFO:colcon.colcon_core.shell:Creating prefix chain script '/home/student/Vision/robot_arm_b2/install/setup.ps1'
[2.448s] INFO:colcon.colcon_core.shell:Creating prefix script '/home/student/Vision/robot_arm_b2/install/local_setup.sh'
[2.449s] INFO:colcon.colcon_core.shell:Creating prefix util module '/home/student/Vision/robot_arm_b2/install/_local_setup_util_sh.py'
[2.450s] INFO:colcon.colcon_core.shell:Creating prefix chain script '/home/student/Vision/robot_arm_b2/install/setup.sh'
[2.455s] INFO:colcon.colcon_core.shell:Creating prefix script '/home/student/Vision/robot_arm_b2/install/local_setup.bash'
[2.457s] INFO:colcon.colcon_core.shell:Creating prefix chain script '/home/student/Vision/robot_arm_b2/install/setup.bash'
[2.461s] INFO:colcon.colcon_core.shell:Creating prefix script '/home/student/Vision/robot_arm_b2/install/local_setup.zsh'
[2.467s] INFO:colcon.colcon_core.shell:Creating prefix chain script '/home/student/Vision/robot_arm_b2/install/setup.zsh'
