[0.884s] Invoking command in '/home/student/Vision/robot_arm_b2/vision_node': DEBUGINFOD_URLS=https://debuginfod.ubuntu.com PYTHONPATH=/home/student/Vision/robot_arm_b2/build/vision_node/prefix_override:/usr/lib/python3/dist-packages/colcon_core/task/python/colcon_distutils_commands:/home/student/Vision/robot_arm_b2/install/vision_node/lib/python3.12/site-packages:${PYTHONPATH} /usr/bin/python3 -W ignore:setup.py install is deprecated -W ignore:easy_install command is deprecated setup.py egg_info --egg-base ../build/vision_node build --build-base /home/student/Vision/robot_arm_b2/build/vision_node/build install --record /home/student/Vision/robot_arm_b2/build/vision_node/install.log --single-version-externally-managed install_data
[1.056s] running egg_info
[1.068s] writing ../build/vision_node/vision_node.egg-info/PKG-INFO
[1.069s] writing dependency_links to ../build/vision_node/vision_node.egg-info/dependency_links.txt
[1.071s] writing entry points to ../build/vision_node/vision_node.egg-info/entry_points.txt
[1.072s] writing requirements to ../build/vision_node/vision_node.egg-info/requires.txt
[1.072s] writing top-level names to ../build/vision_node/vision_node.egg-info/top_level.txt
[1.095s] reading manifest file '../build/vision_node/vision_node.egg-info/SOURCES.txt'
[1.096s] writing manifest file '../build/vision_node/vision_node.egg-info/SOURCES.txt'
[1.096s] running build
[1.096s] running build_py
[1.098s] running install
[1.101s] running install_lib
[1.117s] running install_data
[1.118s] copying model/frs_model.pt -> /home/student/Vision/robot_arm_b2/install/vision_node/share/vision_node/model
[1.122s] running install_egg_info
[1.135s] removing '/home/student/Vision/robot_arm_b2/install/vision_node/lib/python3.12/site-packages/vision_node-0.0.0-py3.12.egg-info' (and everything under it)
[1.136s] Copying ../build/vision_node/vision_node.egg-info to /home/student/Vision/robot_arm_b2/install/vision_node/lib/python3.12/site-packages/vision_node-0.0.0-py3.12.egg-info
[1.138s] running install_scripts
[1.225s] Installing vision_node script to /home/student/Vision/robot_arm_b2/install/vision_node/lib/vision_node
[1.225s] writing list of installed files to '/home/student/Vision/robot_arm_b2/build/vision_node/install.log'
[1.246s] Invoked command in '/home/student/Vision/robot_arm_b2/vision_node' returned '0': DEBUGINFOD_URLS=https://debuginfod.ubuntu.com PYTHONPATH=/home/student/Vision/robot_arm_b2/build/vision_node/prefix_override:/usr/lib/python3/dist-packages/colcon_core/task/python/colcon_distutils_commands:/home/student/Vision/robot_arm_b2/install/vision_node/lib/python3.12/site-packages:${PYTHONPATH} /usr/bin/python3 -W ignore:setup.py install is deprecated -W ignore:easy_install command is deprecated setup.py egg_info --egg-base ../build/vision_node build --build-base /home/student/Vision/robot_arm_b2/build/vision_node/build install --record /home/student/Vision/robot_arm_b2/build/vision_node/install.log --single-version-externally-managed install_data
