[0.931s] Invoking command in '/home/student/Vision/robot_arm_b2/vision_node': DEBUGINFOD_URLS=https://debuginfod.ubuntu.com PYTHONPATH=/home/student/Vision/robot_arm_b2/build/vision_node/prefix_override:/usr/lib/python3/dist-packages/colcon_core/task/python/colcon_distutils_commands:/home/student/Vision/robot_arm_b2/install/vision_node/lib/python3.12/site-packages:${PYTHONPATH} /usr/bin/python3 -W ignore:setup.py install is deprecated -W ignore:easy_install command is deprecated setup.py egg_info --egg-base ../build/vision_node build --build-base /home/student/Vision/robot_arm_b2/build/vision_node/build install --record /home/student/Vision/robot_arm_b2/build/vision_node/install.log --single-version-externally-managed install_data
[1.085s] running egg_info
[1.085s] creating ../build/vision_node/vision_node.egg-info
[1.094s] writing ../build/vision_node/vision_node.egg-info/PKG-INFO
[1.094s] writing dependency_links to ../build/vision_node/vision_node.egg-info/dependency_links.txt
[1.094s] writing entry points to ../build/vision_node/vision_node.egg-info/entry_points.txt
[1.094s] writing requirements to ../build/vision_node/vision_node.egg-info/requires.txt
[1.094s] writing top-level names to ../build/vision_node/vision_node.egg-info/top_level.txt
[1.094s] writing manifest file '../build/vision_node/vision_node.egg-info/SOURCES.txt'
[1.117s] reading manifest file '../build/vision_node/vision_node.egg-info/SOURCES.txt'
[1.118s] writing manifest file '../build/vision_node/vision_node.egg-info/SOURCES.txt'
[1.118s] running build
[1.118s] running build_py
[1.118s] creating /home/student/Vision/robot_arm_b2/build/vision_node/build
[1.118s] creating /home/student/Vision/robot_arm_b2/build/vision_node/build/lib
[1.118s] creating /home/student/Vision/robot_arm_b2/build/vision_node/build/lib/vision_node
[1.119s] copying vision_node/vision_node.py -> /home/student/Vision/robot_arm_b2/build/vision_node/build/lib/vision_node
[1.119s] copying vision_node/__init__.py -> /home/student/Vision/robot_arm_b2/build/vision_node/build/lib/vision_node
[1.119s] running install
[1.122s] running install_lib
[1.133s] creating /home/student/Vision/robot_arm_b2/install/vision_node/lib/python3.12/site-packages/vision_node
[1.134s] copying /home/student/Vision/robot_arm_b2/build/vision_node/build/lib/vision_node/vision_node.py -> /home/student/Vision/robot_arm_b2/install/vision_node/lib/python3.12/site-packages/vision_node
[1.134s] copying /home/student/Vision/robot_arm_b2/build/vision_node/build/lib/vision_node/__init__.py -> /home/student/Vision/robot_arm_b2/install/vision_node/lib/python3.12/site-packages/vision_node
[1.134s] byte-compiling /home/student/Vision/robot_arm_b2/install/vision_node/lib/python3.12/site-packages/vision_node/vision_node.py to vision_node.cpython-312.pyc
[1.135s] byte-compiling /home/student/Vision/robot_arm_b2/install/vision_node/lib/python3.12/site-packages/vision_node/__init__.py to __init__.cpython-312.pyc
[1.135s] running install_data
[1.135s] creating /home/student/Vision/robot_arm_b2/install/vision_node/share/ament_index
[1.135s] creating /home/student/Vision/robot_arm_b2/install/vision_node/share/ament_index/resource_index
[1.136s] creating /home/student/Vision/robot_arm_b2/install/vision_node/share/ament_index/resource_index/packages
[1.136s] copying resource/vision_node -> /home/student/Vision/robot_arm_b2/install/vision_node/share/ament_index/resource_index/packages
[1.136s] copying package.xml -> /home/student/Vision/robot_arm_b2/install/vision_node/share/vision_node
[1.136s] running install_egg_info
[1.147s] Copying ../build/vision_node/vision_node.egg-info to /home/student/Vision/robot_arm_b2/install/vision_node/lib/python3.12/site-packages/vision_node-0.0.0-py3.12.egg-info
[1.150s] running install_scripts
[1.231s] Installing vision_node script to /home/student/Vision/robot_arm_b2/install/vision_node/lib/vision_node
[1.231s] writing list of installed files to '/home/student/Vision/robot_arm_b2/build/vision_node/install.log'
[1.249s] Invoked command in '/home/student/Vision/robot_arm_b2/vision_node' returned '0': DEBUGINFOD_URLS=https://debuginfod.ubuntu.com PYTHONPATH=/home/student/Vision/robot_arm_b2/build/vision_node/prefix_override:/usr/lib/python3/dist-packages/colcon_core/task/python/colcon_distutils_commands:/home/student/Vision/robot_arm_b2/install/vision_node/lib/python3.12/site-packages:${PYTHONPATH} /usr/bin/python3 -W ignore:setup.py install is deprecated -W ignore:easy_install command is deprecated setup.py egg_info --egg-base ../build/vision_node build --build-base /home/student/Vision/robot_arm_b2/build/vision_node/build install --record /home/student/Vision/robot_arm_b2/build/vision_node/install.log --single-version-externally-managed install_data
