[1.553s] Invoking command in '/home/student/Vision/robot_arm_b2/vision_node': DEBUGINFOD_URLS=https://debuginfod.ubuntu.com PYTHONPATH=/home/student/Vision/robot_arm_b2/build/vision_node/prefix_override:/usr/lib/python3/dist-packages/colcon_core/task/python/colcon_distutils_commands:/home/student/Vision/robot_arm_b2/install/vision_node/lib/python3.12/site-packages:${PYTHONPATH} /usr/bin/python3 -W ignore:setup.py install is deprecated -W ignore:easy_install command is deprecated setup.py egg_info --egg-base ../build/vision_node build --build-base /home/student/Vision/robot_arm_b2/build/vision_node/build install --record /home/student/Vision/robot_arm_b2/build/vision_node/install.log --single-version-externally-managed install_data
[2.043s] running egg_info
[2.079s] writing ../build/vision_node/vision_node.egg-info/PKG-INFO
[2.080s] writing dependency_links to ../build/vision_node/vision_node.egg-info/dependency_links.txt
[2.080s] writing entry points to ../build/vision_node/vision_node.egg-info/entry_points.txt
[2.081s] writing requirements to ../build/vision_node/vision_node.egg-info/requires.txt
[2.081s] writing top-level names to ../build/vision_node/vision_node.egg-info/top_level.txt
[2.155s] reading manifest file '../build/vision_node/vision_node.egg-info/SOURCES.txt'
[2.156s] writing manifest file '../build/vision_node/vision_node.egg-info/SOURCES.txt'
[2.157s] running build
[2.157s] running build_py
[2.158s] running install
[2.164s] running install_lib
[2.203s] running install_data
[2.203s] running install_egg_info
[2.244s] removing '/home/student/Vision/robot_arm_b2/install/vision_node/lib/python3.12/site-packages/vision_node-0.0.0-py3.12.egg-info' (and everything under it)
[2.245s] Copying ../build/vision_node/vision_node.egg-info to /home/student/Vision/robot_arm_b2/install/vision_node/lib/python3.12/site-packages/vision_node-0.0.0-py3.12.egg-info
[2.248s] running install_scripts
[2.560s] Installing vision_node script to /home/student/Vision/robot_arm_b2/install/vision_node/lib/vision_node
[2.560s] writing list of installed files to '/home/student/Vision/robot_arm_b2/build/vision_node/install.log'
[2.582s] Invoked command in '/home/student/Vision/robot_arm_b2/vision_node' returned '0': DEBUGINFOD_URLS=https://debuginfod.ubuntu.com PYTHONPATH=/home/student/Vision/robot_arm_b2/build/vision_node/prefix_override:/usr/lib/python3/dist-packages/colcon_core/task/python/colcon_distutils_commands:/home/student/Vision/robot_arm_b2/install/vision_node/lib/python3.12/site-packages:${PYTHONPATH} /usr/bin/python3 -W ignore:setup.py install is deprecated -W ignore:easy_install command is deprecated setup.py egg_info --egg-base ../build/vision_node build --build-base /home/student/Vision/robot_arm_b2/build/vision_node/build install --record /home/student/Vision/robot_arm_b2/build/vision_node/install.log --single-version-externally-managed install_data
