[0.132s] DEBUG:colcon:Command line arguments: ['/usr/bin/colcon', 'build', '--packages-select', 'vision_node']
[0.132s] DEBUG:colcon:Parsed command line arguments: Namespace(log_base=None, log_level=None, verb_name='build', build_base='build', install_base='install', merge_install=False, symlink_install=False, test_result_base=None, continue_on_error=False, executor='parallel', parallel_workers=4, event_handlers=None, ignore_user_meta=False, metas=['./colcon.meta'], base_paths=['.'], packages_ignore=None, packages_ignore_regex=None, paths=None, packages_up_to=None, packages_up_to_regex=None, packages_above=None, packages_above_and_dependencies=None, packages_above_depth=None, packages_select_by_dep=None, packages_skip_by_dep=None, packages_skip_up_to=None, packages_select_build_failed=False, packages_skip_build_finished=False, packages_select_test_failures=False, packages_skip_test_passed=False, packages_select=['vision_node'], packages_skip=None, packages_select_regex=None, packages_skip_regex=None, packages_start=None, packages_end=None, allow_overriding=[], cmake_args=None, cmake_target=None, cmake_target_skip_unavailable=False, cmake_clean_cache=False, cmake_clean_first=False, cmake_force_configure=False, ament_cmake_args=None, catkin_cmake_args=None, catkin_skip_building_tests=False, mixin_files=None, mixin=None, verb_parser=<colcon_mixin.mixin.mixin_argument.MixinArgumentDecorator object at 0x73ffef387530>, verb_extension=<colcon_core.verb.build.BuildVerb object at 0x73fff002e570>, main=<bound method BuildVerb.main of <colcon_core.verb.build.BuildVerb object at 0x73fff002e570>>, mixin_verb=('build',))
[0.200s] Level 1:colcon.colcon_core.package_discovery:discover_packages(colcon_meta) check parameters
[0.200s] Level 1:colcon.colcon_core.package_discovery:discover_packages(recursive) check parameters
[0.200s] Level 1:colcon.colcon_core.package_discovery:discover_packages(ignore) check parameters
[0.200s] Level 1:colcon.colcon_core.package_discovery:discover_packages(path) check parameters
[0.200s] Level 1:colcon.colcon_core.package_discovery:discover_packages(colcon_meta) discover
[0.200s] Level 1:colcon.colcon_core.package_discovery:discover_packages(recursive) discover
[0.200s] INFO:colcon.colcon_core.package_discovery:Crawling recursively for packages in '/home/student/Vision/robot_arm_b2'
[0.201s] Level 1:colcon.colcon_core.package_identification:_identify(.) by extensions ['ignore', 'ignore_ament_install']
[0.201s] Level 1:colcon.colcon_core.package_identification:_identify(.) by extension 'ignore'
[0.201s] Level 1:colcon.colcon_core.package_identification:_identify(.) by extension 'ignore_ament_install'
[0.201s] Level 1:colcon.colcon_core.package_identification:_identify(.) by extensions ['colcon_pkg']
[0.201s] Level 1:colcon.colcon_core.package_identification:_identify(.) by extension 'colcon_pkg'
[0.201s] Level 1:colcon.colcon_core.package_identification:_identify(.) by extensions ['colcon_meta']
[0.201s] Level 1:colcon.colcon_core.package_identification:_identify(.) by extension 'colcon_meta'
[0.201s] Level 1:colcon.colcon_core.package_identification:_identify(.) by extensions ['ros']
[0.201s] Level 1:colcon.colcon_core.package_identification:_identify(.) by extension 'ros'
[0.233s] Level 1:colcon.colcon_core.package_identification:_identify(.) by extensions ['cmake', 'python']
[0.233s] Level 1:colcon.colcon_core.package_identification:_identify(.) by extension 'cmake'
[0.233s] Level 1:colcon.colcon_core.package_identification:_identify(.) by extension 'python'
[0.233s] Level 1:colcon.colcon_core.package_identification:_identify(.) by extensions ['python_setup_py']
[0.233s] Level 1:colcon.colcon_core.package_identification:_identify(.) by extension 'python_setup_py'
[0.233s] Level 1:colcon.colcon_core.package_identification:_identify(build) by extensions ['ignore', 'ignore_ament_install']
[0.234s] Level 1:colcon.colcon_core.package_identification:_identify(build) by extension 'ignore'
[0.234s] Level 1:colcon.colcon_core.package_identification:_identify(build) ignored
[0.234s] Level 1:colcon.colcon_core.package_identification:_identify(controller_code_niks.py) by extensions ['ignore', 'ignore_ament_install']
[0.234s] Level 1:colcon.colcon_core.package_identification:_identify(controller_code_niks.py) by extension 'ignore'
[0.234s] Level 1:colcon.colcon_core.package_identification:_identify(controller_code_niks.py) by extension 'ignore_ament_install'
[0.234s] Level 1:colcon.colcon_core.package_identification:_identify(controller_code_niks.py) by extensions ['colcon_pkg']
[0.234s] Level 1:colcon.colcon_core.package_identification:_identify(controller_code_niks.py) by extension 'colcon_pkg'
[0.234s] Level 1:colcon.colcon_core.package_identification:_identify(controller_code_niks.py) by extensions ['colcon_meta']
[0.234s] Level 1:colcon.colcon_core.package_identification:_identify(controller_code_niks.py) by extension 'colcon_meta'
[0.234s] Level 1:colcon.colcon_core.package_identification:_identify(controller_code_niks.py) by extensions ['ros']
[0.234s] Level 1:colcon.colcon_core.package_identification:_identify(controller_code_niks.py) by extension 'ros'
[0.234s] Level 1:colcon.colcon_core.package_identification:_identify(controller_code_niks.py) by extensions ['cmake', 'python']
[0.234s] Level 1:colcon.colcon_core.package_identification:_identify(controller_code_niks.py) by extension 'cmake'
[0.234s] Level 1:colcon.colcon_core.package_identification:_identify(controller_code_niks.py) by extension 'python'
[0.234s] Level 1:colcon.colcon_core.package_identification:_identify(controller_code_niks.py) by extensions ['python_setup_py']
[0.234s] Level 1:colcon.colcon_core.package_identification:_identify(controller_code_niks.py) by extension 'python_setup_py'
[0.234s] Level 1:colcon.colcon_core.package_identification:_identify(controller_code_niks.py/vb_pub) by extensions ['ignore', 'ignore_ament_install']
[0.234s] Level 1:colcon.colcon_core.package_identification:_identify(controller_code_niks.py/vb_pub) by extension 'ignore'
[0.234s] Level 1:colcon.colcon_core.package_identification:_identify(controller_code_niks.py/vb_pub) by extension 'ignore_ament_install'
[0.234s] Level 1:colcon.colcon_core.package_identification:_identify(controller_code_niks.py/vb_pub) by extensions ['colcon_pkg']
[0.234s] Level 1:colcon.colcon_core.package_identification:_identify(controller_code_niks.py/vb_pub) by extension 'colcon_pkg'
[0.234s] Level 1:colcon.colcon_core.package_identification:_identify(controller_code_niks.py/vb_pub) by extensions ['colcon_meta']
[0.234s] Level 1:colcon.colcon_core.package_identification:_identify(controller_code_niks.py/vb_pub) by extension 'colcon_meta'
[0.234s] Level 1:colcon.colcon_core.package_identification:_identify(controller_code_niks.py/vb_pub) by extensions ['ros']
[0.234s] Level 1:colcon.colcon_core.package_identification:_identify(controller_code_niks.py/vb_pub) by extension 'ros'
[0.234s] Level 1:colcon.colcon_core.package_identification:_identify(controller_code_niks.py/vb_pub) by extensions ['cmake', 'python']
[0.234s] Level 1:colcon.colcon_core.package_identification:_identify(controller_code_niks.py/vb_pub) by extension 'cmake'
[0.234s] Level 1:colcon.colcon_core.package_identification:_identify(controller_code_niks.py/vb_pub) by extension 'python'
[0.234s] Level 1:colcon.colcon_core.package_identification:_identify(controller_code_niks.py/vb_pub) by extensions ['python_setup_py']
[0.234s] Level 1:colcon.colcon_core.package_identification:_identify(controller_code_niks.py/vb_pub) by extension 'python_setup_py'
[0.234s] Level 1:colcon.colcon_core.package_identification:_identify(install) by extensions ['ignore', 'ignore_ament_install']
[0.234s] Level 1:colcon.colcon_core.package_identification:_identify(install) by extension 'ignore'
[0.234s] Level 1:colcon.colcon_core.package_identification:_identify(install) ignored
[0.234s] Level 1:colcon.colcon_core.package_identification:_identify(log) by extensions ['ignore', 'ignore_ament_install']
[0.235s] Level 1:colcon.colcon_core.package_identification:_identify(log) by extension 'ignore'
[0.235s] Level 1:colcon.colcon_core.package_identification:_identify(log) ignored
[0.235s] Level 1:colcon.colcon_core.package_identification:_identify(src) by extensions ['ignore', 'ignore_ament_install']
[0.235s] Level 1:colcon.colcon_core.package_identification:_identify(src) by extension 'ignore'
[0.235s] Level 1:colcon.colcon_core.package_identification:_identify(src) by extension 'ignore_ament_install'
[0.235s] Level 1:colcon.colcon_core.package_identification:_identify(src) by extensions ['colcon_pkg']
[0.235s] Level 1:colcon.colcon_core.package_identification:_identify(src) by extension 'colcon_pkg'
[0.235s] Level 1:colcon.colcon_core.package_identification:_identify(src) by extensions ['colcon_meta']
[0.235s] Level 1:colcon.colcon_core.package_identification:_identify(src) by extension 'colcon_meta'
[0.235s] Level 1:colcon.colcon_core.package_identification:_identify(src) by extensions ['ros']
[0.235s] Level 1:colcon.colcon_core.package_identification:_identify(src) by extension 'ros'
[0.235s] Level 1:colcon.colcon_core.package_identification:_identify(src) by extensions ['cmake', 'python']
[0.235s] Level 1:colcon.colcon_core.package_identification:_identify(src) by extension 'cmake'
[0.235s] Level 1:colcon.colcon_core.package_identification:_identify(src) by extension 'python'
[0.235s] Level 1:colcon.colcon_core.package_identification:_identify(src) by extensions ['python_setup_py']
[0.235s] Level 1:colcon.colcon_core.package_identification:_identify(src) by extension 'python_setup_py'
[0.235s] Level 1:colcon.colcon_core.package_identification:_identify(src/vision_node) by extensions ['ignore', 'ignore_ament_install']
[0.235s] Level 1:colcon.colcon_core.package_identification:_identify(src/vision_node) by extension 'ignore'
[0.235s] Level 1:colcon.colcon_core.package_identification:_identify(src/vision_node) by extension 'ignore_ament_install'
[0.235s] Level 1:colcon.colcon_core.package_identification:_identify(src/vision_node) by extensions ['colcon_pkg']
[0.235s] Level 1:colcon.colcon_core.package_identification:_identify(src/vision_node) by extension 'colcon_pkg'
[0.235s] Level 1:colcon.colcon_core.package_identification:_identify(src/vision_node) by extensions ['colcon_meta']
[0.235s] Level 1:colcon.colcon_core.package_identification:_identify(src/vision_node) by extension 'colcon_meta'
[0.235s] Level 1:colcon.colcon_core.package_identification:_identify(src/vision_node) by extensions ['ros']
[0.235s] Level 1:colcon.colcon_core.package_identification:_identify(src/vision_node) by extension 'ros'
[0.235s] Level 1:colcon.colcon_core.package_identification:_identify(src/vision_node) by extensions ['cmake', 'python']
[0.235s] Level 1:colcon.colcon_core.package_identification:_identify(src/vision_node) by extension 'cmake'
[0.235s] Level 1:colcon.colcon_core.package_identification:_identify(src/vision_node) by extension 'python'
[0.235s] Level 1:colcon.colcon_core.package_identification:_identify(src/vision_node) by extensions ['python_setup_py']
[0.235s] Level 1:colcon.colcon_core.package_identification:_identify(src/vision_node) by extension 'python_setup_py'
[0.235s] Level 1:colcon.colcon_core.package_identification:_identify(src/vision_node/model) by extensions ['ignore', 'ignore_ament_install']
[0.235s] Level 1:colcon.colcon_core.package_identification:_identify(src/vision_node/model) by extension 'ignore'
[0.235s] Level 1:colcon.colcon_core.package_identification:_identify(src/vision_node/model) by extension 'ignore_ament_install'
[0.235s] Level 1:colcon.colcon_core.package_identification:_identify(src/vision_node/model) by extensions ['colcon_pkg']
[0.235s] Level 1:colcon.colcon_core.package_identification:_identify(src/vision_node/model) by extension 'colcon_pkg'
[0.235s] Level 1:colcon.colcon_core.package_identification:_identify(src/vision_node/model) by extensions ['colcon_meta']
[0.236s] Level 1:colcon.colcon_core.package_identification:_identify(src/vision_node/model) by extension 'colcon_meta'
[0.236s] Level 1:colcon.colcon_core.package_identification:_identify(src/vision_node/model) by extensions ['ros']
[0.236s] Level 1:colcon.colcon_core.package_identification:_identify(src/vision_node/model) by extension 'ros'
[0.236s] Level 1:colcon.colcon_core.package_identification:_identify(src/vision_node/model) by extensions ['cmake', 'python']
[0.236s] Level 1:colcon.colcon_core.package_identification:_identify(src/vision_node/model) by extension 'cmake'
[0.236s] Level 1:colcon.colcon_core.package_identification:_identify(src/vision_node/model) by extension 'python'
[0.236s] Level 1:colcon.colcon_core.package_identification:_identify(src/vision_node/model) by extensions ['python_setup_py']
[0.236s] Level 1:colcon.colcon_core.package_identification:_identify(src/vision_node/model) by extension 'python_setup_py'
[0.236s] Level 1:colcon.colcon_core.package_identification:_identify(src/vision_node/model/best) by extensions ['ignore', 'ignore_ament_install']
[0.236s] Level 1:colcon.colcon_core.package_identification:_identify(src/vision_node/model/best) by extension 'ignore'
[0.236s] Level 1:colcon.colcon_core.package_identification:_identify(src/vision_node/model/best) by extension 'ignore_ament_install'
[0.236s] Level 1:colcon.colcon_core.package_identification:_identify(src/vision_node/model/best) by extensions ['colcon_pkg']
[0.236s] Level 1:colcon.colcon_core.package_identification:_identify(src/vision_node/model/best) by extension 'colcon_pkg'
[0.236s] Level 1:colcon.colcon_core.package_identification:_identify(src/vision_node/model/best) by extensions ['colcon_meta']
[0.236s] Level 1:colcon.colcon_core.package_identification:_identify(src/vision_node/model/best) by extension 'colcon_meta'
[0.236s] Level 1:colcon.colcon_core.package_identification:_identify(src/vision_node/model/best) by extensions ['ros']
[0.236s] Level 1:colcon.colcon_core.package_identification:_identify(src/vision_node/model/best) by extension 'ros'
[0.236s] Level 1:colcon.colcon_core.package_identification:_identify(src/vision_node/model/best) by extensions ['cmake', 'python']
[0.236s] Level 1:colcon.colcon_core.package_identification:_identify(src/vision_node/model/best) by extension 'cmake'
[0.236s] Level 1:colcon.colcon_core.package_identification:_identify(src/vision_node/model/best) by extension 'python'
[0.236s] Level 1:colcon.colcon_core.package_identification:_identify(src/vision_node/model/best) by extensions ['python_setup_py']
[0.236s] Level 1:colcon.colcon_core.package_identification:_identify(src/vision_node/model/best) by extension 'python_setup_py'
[0.236s] Level 1:colcon.colcon_core.package_identification:_identify(src/vision_node/model/best/data) by extensions ['ignore', 'ignore_ament_install']
[0.236s] Level 1:colcon.colcon_core.package_identification:_identify(src/vision_node/model/best/data) by extension 'ignore'
[0.236s] Level 1:colcon.colcon_core.package_identification:_identify(src/vision_node/model/best/data) by extension 'ignore_ament_install'
[0.236s] Level 1:colcon.colcon_core.package_identification:_identify(src/vision_node/model/best/data) by extensions ['colcon_pkg']
[0.236s] Level 1:colcon.colcon_core.package_identification:_identify(src/vision_node/model/best/data) by extension 'colcon_pkg'
[0.236s] Level 1:colcon.colcon_core.package_identification:_identify(src/vision_node/model/best/data) by extensions ['colcon_meta']
[0.236s] Level 1:colcon.colcon_core.package_identification:_identify(src/vision_node/model/best/data) by extension 'colcon_meta'
[0.236s] Level 1:colcon.colcon_core.package_identification:_identify(src/vision_node/model/best/data) by extensions ['ros']
[0.236s] Level 1:colcon.colcon_core.package_identification:_identify(src/vision_node/model/best/data) by extension 'ros'
[0.237s] Level 1:colcon.colcon_core.package_identification:_identify(src/vision_node/model/best/data) by extensions ['cmake', 'python']
[0.237s] Level 1:colcon.colcon_core.package_identification:_identify(src/vision_node/model/best/data) by extension 'cmake'
[0.237s] Level 1:colcon.colcon_core.package_identification:_identify(src/vision_node/model/best/data) by extension 'python'
[0.237s] Level 1:colcon.colcon_core.package_identification:_identify(src/vision_node/model/best/data) by extensions ['python_setup_py']
[0.237s] Level 1:colcon.colcon_core.package_identification:_identify(src/vision_node/model/best/data) by extension 'python_setup_py'
[0.237s] Level 1:colcon.colcon_core.package_identification:_identify(src/vision_node/model/frs_model) by extensions ['ignore', 'ignore_ament_install']
[0.237s] Level 1:colcon.colcon_core.package_identification:_identify(src/vision_node/model/frs_model) by extension 'ignore'
[0.237s] Level 1:colcon.colcon_core.package_identification:_identify(src/vision_node/model/frs_model) by extension 'ignore_ament_install'
[0.237s] Level 1:colcon.colcon_core.package_identification:_identify(src/vision_node/model/frs_model) by extensions ['colcon_pkg']
[0.237s] Level 1:colcon.colcon_core.package_identification:_identify(src/vision_node/model/frs_model) by extension 'colcon_pkg'
[0.237s] Level 1:colcon.colcon_core.package_identification:_identify(src/vision_node/model/frs_model) by extensions ['colcon_meta']
[0.237s] Level 1:colcon.colcon_core.package_identification:_identify(src/vision_node/model/frs_model) by extension 'colcon_meta'
[0.237s] Level 1:colcon.colcon_core.package_identification:_identify(src/vision_node/model/frs_model) by extensions ['ros']
[0.237s] Level 1:colcon.colcon_core.package_identification:_identify(src/vision_node/model/frs_model) by extension 'ros'
[0.237s] Level 1:colcon.colcon_core.package_identification:_identify(src/vision_node/model/frs_model) by extensions ['cmake', 'python']
[0.237s] Level 1:colcon.colcon_core.package_identification:_identify(src/vision_node/model/frs_model) by extension 'cmake'
[0.237s] Level 1:colcon.colcon_core.package_identification:_identify(src/vision_node/model/frs_model) by extension 'python'
[0.237s] Level 1:colcon.colcon_core.package_identification:_identify(src/vision_node/model/frs_model) by extensions ['python_setup_py']
[0.237s] Level 1:colcon.colcon_core.package_identification:_identify(src/vision_node/model/frs_model) by extension 'python_setup_py'
[0.237s] Level 1:colcon.colcon_core.package_identification:_identify(src/vision_node/model/frs_model/best) by extensions ['ignore', 'ignore_ament_install']
[0.237s] Level 1:colcon.colcon_core.package_identification:_identify(src/vision_node/model/frs_model/best) by extension 'ignore'
[0.237s] Level 1:colcon.colcon_core.package_identification:_identify(src/vision_node/model/frs_model/best) by extension 'ignore_ament_install'
[0.237s] Level 1:colcon.colcon_core.package_identification:_identify(src/vision_node/model/frs_model/best) by extensions ['colcon_pkg']
[0.237s] Level 1:colcon.colcon_core.package_identification:_identify(src/vision_node/model/frs_model/best) by extension 'colcon_pkg'
[0.237s] Level 1:colcon.colcon_core.package_identification:_identify(src/vision_node/model/frs_model/best) by extensions ['colcon_meta']
[0.237s] Level 1:colcon.colcon_core.package_identification:_identify(src/vision_node/model/frs_model/best) by extension 'colcon_meta'
[0.237s] Level 1:colcon.colcon_core.package_identification:_identify(src/vision_node/model/frs_model/best) by extensions ['ros']
[0.237s] Level 1:colcon.colcon_core.package_identification:_identify(src/vision_node/model/frs_model/best) by extension 'ros'
[0.237s] Level 1:colcon.colcon_core.package_identification:_identify(src/vision_node/model/frs_model/best) by extensions ['cmake', 'python']
[0.237s] Level 1:colcon.colcon_core.package_identification:_identify(src/vision_node/model/frs_model/best) by extension 'cmake'
[0.237s] Level 1:colcon.colcon_core.package_identification:_identify(src/vision_node/model/frs_model/best) by extension 'python'
[0.237s] Level 1:colcon.colcon_core.package_identification:_identify(src/vision_node/model/frs_model/best) by extensions ['python_setup_py']
[0.237s] Level 1:colcon.colcon_core.package_identification:_identify(src/vision_node/model/frs_model/best) by extension 'python_setup_py'
[0.238s] Level 1:colcon.colcon_core.package_identification:_identify(src/vision_node/model/frs_model/best/data) by extensions ['ignore', 'ignore_ament_install']
[0.238s] Level 1:colcon.colcon_core.package_identification:_identify(src/vision_node/model/frs_model/best/data) by extension 'ignore'
[0.238s] Level 1:colcon.colcon_core.package_identification:_identify(src/vision_node/model/frs_model/best/data) by extension 'ignore_ament_install'
[0.238s] Level 1:colcon.colcon_core.package_identification:_identify(src/vision_node/model/frs_model/best/data) by extensions ['colcon_pkg']
[0.238s] Level 1:colcon.colcon_core.package_identification:_identify(src/vision_node/model/frs_model/best/data) by extension 'colcon_pkg'
[0.238s] Level 1:colcon.colcon_core.package_identification:_identify(src/vision_node/model/frs_model/best/data) by extensions ['colcon_meta']
[0.238s] Level 1:colcon.colcon_core.package_identification:_identify(src/vision_node/model/frs_model/best/data) by extension 'colcon_meta'
[0.238s] Level 1:colcon.colcon_core.package_identification:_identify(src/vision_node/model/frs_model/best/data) by extensions ['ros']
[0.238s] Level 1:colcon.colcon_core.package_identification:_identify(src/vision_node/model/frs_model/best/data) by extension 'ros'
[0.238s] Level 1:colcon.colcon_core.package_identification:_identify(src/vision_node/model/frs_model/best/data) by extensions ['cmake', 'python']
[0.238s] Level 1:colcon.colcon_core.package_identification:_identify(src/vision_node/model/frs_model/best/data) by extension 'cmake'
[0.238s] Level 1:colcon.colcon_core.package_identification:_identify(src/vision_node/model/frs_model/best/data) by extension 'python'
[0.238s] Level 1:colcon.colcon_core.package_identification:_identify(src/vision_node/model/frs_model/best/data) by extensions ['python_setup_py']
[0.238s] Level 1:colcon.colcon_core.package_identification:_identify(src/vision_node/model/frs_model/best/data) by extension 'python_setup_py'
[0.238s] Level 1:colcon.colcon_core.package_identification:_identify(vision_node) by extensions ['ignore', 'ignore_ament_install']
[0.238s] Level 1:colcon.colcon_core.package_identification:_identify(vision_node) by extension 'ignore'
[0.238s] Level 1:colcon.colcon_core.package_identification:_identify(vision_node) by extension 'ignore_ament_install'
[0.238s] Level 1:colcon.colcon_core.package_identification:_identify(vision_node) by extensions ['colcon_pkg']
[0.238s] Level 1:colcon.colcon_core.package_identification:_identify(vision_node) by extension 'colcon_pkg'
[0.238s] Level 1:colcon.colcon_core.package_identification:_identify(vision_node) by extensions ['colcon_meta']
[0.238s] Level 1:colcon.colcon_core.package_identification:_identify(vision_node) by extension 'colcon_meta'
[0.238s] Level 1:colcon.colcon_core.package_identification:_identify(vision_node) by extensions ['ros']
[0.238s] Level 1:colcon.colcon_core.package_identification:_identify(vision_node) by extension 'ros'
[0.241s] DEBUG:colcon.colcon_core.package_identification:Package 'vision_node' with type 'ros.ament_python' and name 'vision_node'
[0.241s] Level 1:colcon.colcon_core.package_discovery:discover_packages(recursive) using defaults
[0.241s] Level 1:colcon.colcon_core.package_discovery:discover_packages(ignore) discover
[0.241s] Level 1:colcon.colcon_core.package_discovery:discover_packages(ignore) using defaults
[0.241s] Level 1:colcon.colcon_core.package_discovery:discover_packages(path) discover
[0.241s] Level 1:colcon.colcon_core.package_discovery:discover_packages(path) using defaults
[0.262s] Level 1:colcon.colcon_core.package_discovery:discover_packages(prefix_path) check parameters
[0.262s] Level 1:colcon.colcon_core.package_discovery:discover_packages(prefix_path) discover
[0.266s] DEBUG:colcon.colcon_installed_package_information.package_discovery:Found 321 installed packages in /opt/ros/jazzy
[0.266s] Level 1:colcon.colcon_core.package_discovery:discover_packages(prefix_path) using defaults
[0.298s] Level 5:colcon.colcon_core.verb:set package 'vision_node' build argument 'cmake_args' from command line to 'None'
[0.298s] Level 5:colcon.colcon_core.verb:set package 'vision_node' build argument 'cmake_target' from command line to 'None'
[0.298s] Level 5:colcon.colcon_core.verb:set package 'vision_node' build argument 'cmake_target_skip_unavailable' from command line to 'False'
[0.298s] Level 5:colcon.colcon_core.verb:set package 'vision_node' build argument 'cmake_clean_cache' from command line to 'False'
[0.298s] Level 5:colcon.colcon_core.verb:set package 'vision_node' build argument 'cmake_clean_first' from command line to 'False'
[0.298s] Level 5:colcon.colcon_core.verb:set package 'vision_node' build argument 'cmake_force_configure' from command line to 'False'
[0.298s] Level 5:colcon.colcon_core.verb:set package 'vision_node' build argument 'ament_cmake_args' from command line to 'None'
[0.298s] Level 5:colcon.colcon_core.verb:set package 'vision_node' build argument 'catkin_cmake_args' from command line to 'None'
[0.298s] Level 5:colcon.colcon_core.verb:set package 'vision_node' build argument 'catkin_skip_building_tests' from command line to 'False'
[0.298s] DEBUG:colcon.colcon_core.verb:Building package 'vision_node' with the following arguments: {'ament_cmake_args': None, 'build_base': '/home/student/Vision/robot_arm_b2/build/vision_node', 'catkin_cmake_args': None, 'catkin_skip_building_tests': False, 'cmake_args': None, 'cmake_clean_cache': False, 'cmake_clean_first': False, 'cmake_force_configure': False, 'cmake_target': None, 'cmake_target_skip_unavailable': False, 'install_base': '/home/student/Vision/robot_arm_b2/install/vision_node', 'merge_install': False, 'path': '/home/student/Vision/robot_arm_b2/vision_node', 'symlink_install': False, 'test_result_base': None}
[0.298s] INFO:colcon.colcon_core.executor:Executing jobs using 'parallel' executor
[0.300s] DEBUG:colcon.colcon_parallel_executor.executor.parallel:run_until_complete
[0.300s] INFO:colcon.colcon_ros.task.ament_python.build:Building ROS package in '/home/student/Vision/robot_arm_b2/vision_node' with build type 'ament_python'
[0.300s] Level 1:colcon.colcon_core.shell:create_environment_hook('vision_node', 'ament_prefix_path')
[0.306s] INFO:colcon.colcon_core.plugin_system:Skipping extension 'colcon_core.shell.bat': Not used on non-Windows systems
[0.306s] INFO:colcon.colcon_core.shell:Creating environment hook '/home/student/Vision/robot_arm_b2/install/vision_node/share/vision_node/hook/ament_prefix_path.ps1'
[0.308s] INFO:colcon.colcon_core.shell:Creating environment descriptor '/home/student/Vision/robot_arm_b2/install/vision_node/share/vision_node/hook/ament_prefix_path.dsv'
[0.309s] INFO:colcon.colcon_core.shell:Creating environment hook '/home/student/Vision/robot_arm_b2/install/vision_node/share/vision_node/hook/ament_prefix_path.sh'
[0.310s] INFO:colcon.colcon_core.shell:Skip shell extension 'powershell' for command environment: Not usable outside of PowerShell
[0.310s] DEBUG:colcon.colcon_core.shell:Skip shell extension 'dsv' for command environment
[0.473s] INFO:colcon.colcon_core.task.python.build:Building Python package in '/home/student/Vision/robot_arm_b2/vision_node'
[0.473s] INFO:colcon.colcon_core.shell:Skip shell extension 'powershell' for command environment: Not usable outside of PowerShell
[0.473s] DEBUG:colcon.colcon_core.shell:Skip shell extension 'dsv' for command environment
[1.085s] DEBUG:colcon.colcon_core.event_handler.log_command:Invoking command in '/home/student/Vision/robot_arm_b2/vision_node': DEBUGINFOD_URLS=https://debuginfod.ubuntu.com PYTHONPATH=/home/student/Vision/robot_arm_b2/build/vision_node/prefix_override:/usr/lib/python3/dist-packages/colcon_core/task/python/colcon_distutils_commands:/home/student/Vision/robot_arm_b2/install/vision_node/lib/python3.12/site-packages:${PYTHONPATH} /usr/bin/python3 -W ignore:setup.py install is deprecated -W ignore:easy_install command is deprecated setup.py egg_info --egg-base ../build/vision_node build --build-base /home/student/Vision/robot_arm_b2/build/vision_node/build install --record /home/student/Vision/robot_arm_b2/build/vision_node/install.log --single-version-externally-managed install_data
[1.285s] DEBUG:colcon.colcon_core.event_handler.log_command:Invoked command in '/home/student/Vision/robot_arm_b2/vision_node' returned '1': DEBUGINFOD_URLS=https://debuginfod.ubuntu.com PYTHONPATH=/home/student/Vision/robot_arm_b2/build/vision_node/prefix_override:/usr/lib/python3/dist-packages/colcon_core/task/python/colcon_distutils_commands:/home/student/Vision/robot_arm_b2/install/vision_node/lib/python3.12/site-packages:${PYTHONPATH} /usr/bin/python3 -W ignore:setup.py install is deprecated -W ignore:easy_install command is deprecated setup.py egg_info --egg-base ../build/vision_node build --build-base /home/student/Vision/robot_arm_b2/build/vision_node/build install --record /home/student/Vision/robot_arm_b2/build/vision_node/install.log --single-version-externally-managed install_data
[1.296s] DEBUG:colcon.colcon_parallel_executor.executor.parallel:closing loop
[1.296s] DEBUG:colcon.colcon_parallel_executor.executor.parallel:loop closed
[1.296s] DEBUG:colcon.colcon_parallel_executor.executor.parallel:run_until_complete finished with '1'
[1.296s] DEBUG:colcon.colcon_core.event_reactor:joining thread
[1.306s] INFO:colcon.colcon_core.plugin_system:Skipping extension 'colcon_notification.desktop_notification.terminal_notifier': Not used on non-Darwin systems
[1.306s] INFO:colcon.colcon_core.plugin_system:Skipping extension 'colcon_notification.desktop_notification.win32': Not used on non-Windows systems
[1.306s] INFO:colcon.colcon_notification.desktop_notification:Sending desktop notification using 'notify2'
[1.325s] DEBUG:colcon.colcon_core.event_reactor:joined thread
[1.325s] INFO:colcon.colcon_core.shell:Creating prefix script '/home/student/Vision/robot_arm_b2/install/local_setup.ps1'
[1.326s] INFO:colcon.colcon_core.shell:Creating prefix util module '/home/student/Vision/robot_arm_b2/install/_local_setup_util_ps1.py'
[1.327s] INFO:colcon.colcon_core.shell:Creating prefix chain script '/home/student/Vision/robot_arm_b2/install/setup.ps1'
[1.329s] INFO:colcon.colcon_core.shell:Creating prefix script '/home/student/Vision/robot_arm_b2/install/local_setup.sh'
[1.329s] INFO:colcon.colcon_core.shell:Creating prefix util module '/home/student/Vision/robot_arm_b2/install/_local_setup_util_sh.py'
[1.330s] INFO:colcon.colcon_core.shell:Creating prefix chain script '/home/student/Vision/robot_arm_b2/install/setup.sh'
[1.331s] INFO:colcon.colcon_core.shell:Creating prefix script '/home/student/Vision/robot_arm_b2/install/local_setup.bash'
[1.332s] INFO:colcon.colcon_core.shell:Creating prefix chain script '/home/student/Vision/robot_arm_b2/install/setup.bash'
[1.333s] INFO:colcon.colcon_core.shell:Creating prefix script '/home/student/Vision/robot_arm_b2/install/local_setup.zsh'
[1.334s] INFO:colcon.colcon_core.shell:Creating prefix chain script '/home/student/Vision/robot_arm_b2/install/setup.zsh'
