[0.019s] Invoking command in '/home/student/Vision/robot_arm_b2/build/frs_interfaces': CMAKE_PREFIX_PATH=${CMAKE_PREFIX_PATH}:/home/student/Vision/robot_arm_b2/install/vision_node:/opt/ros/jazzy DEBUGINFOD_URLS=https://debuginfod.ubuntu.com /usr/bin/cmake /home/student/Vision/robot_arm_b2/frs_interfaces -DCMAKE_INSTALL_PREFIX=/home/student/Vision/robot_arm_b2/install/frs_interfaces
[0.246s] -- The C compiler identification is GNU 13.3.0
[0.363s] -- The CXX compiler identification is GNU 13.3.0
[0.396s] -- Detecting C compiler ABI info
[0.499s] -- Detecting C compiler ABI info - done
[0.505s] -- Check for working C compiler: /usr/bin/cc - skipped
[0.507s] -- Detecting C compile features
[0.507s] -- Detecting C compile features - done
[0.519s] -- Detecting CXX compiler ABI info
[0.614s] -- Detecting CXX compiler ABI info - done
[0.620s] -- Check for working CXX compiler: /usr/bin/c++ - skipped
[0.620s] -- Detecting CXX compile features
[0.620s] -- Detecting CXX compile features - done
[0.658s] -- Found ament_cmake: 2.5.4 (/opt/ros/jazzy/share/ament_cmake/cmake)
[0.791s] -- Found Python3: /usr/bin/python3 (found version "3.12.3") found components: Interpreter 
[0.942s] -- Found rosidl_default_generators: 1.6.0 (/opt/ros/jazzy/share/rosidl_default_generators/cmake)
[0.956s] -- Using all available rosidl_typesupport_c: rosidl_typesupport_fastrtps_c;rosidl_typesupport_introspection_c
[1.054s] -- Using all available rosidl_typesupport_cpp: rosidl_typesupport_fastrtps_cpp;rosidl_typesupport_introspection_cpp
[1.128s] -- Found rosidl_adapter: 4.6.6 (/opt/ros/jazzy/share/rosidl_adapter/cmake)
[1.575s] -- Found ament_cmake_ros: 0.12.0 (/opt/ros/jazzy/share/ament_cmake_ros/cmake)
[1.916s] -- Using all available rosidl_typesupport_c: rosidl_typesupport_fastrtps_c;rosidl_typesupport_introspection_c
[2.342s] -- Using all available rosidl_typesupport_cpp: rosidl_typesupport_fastrtps_cpp;rosidl_typesupport_introspection_cpp
[2.350s] -- Found python_cmake_module: 0.11.1 (/opt/ros/jazzy/share/python_cmake_module/cmake)
[2.457s] -- Found PythonExtra: /usr/bin/python3  
[2.791s] -- Found Python3: /usr/bin/python3 (found version "3.12.3") found components: Interpreter Development NumPy Development.Module Development.Embed 
[2.834s] -- Configuring done (2.8s)
[2.860s] -- Generating done (0.0s)
[2.869s] -- Build files have been written to: /home/student/Vision/robot_arm_b2/build/frs_interfaces
[2.878s] Invoked command in '/home/student/Vision/robot_arm_b2/build/frs_interfaces' returned '0': CMAKE_PREFIX_PATH=${CMAKE_PREFIX_PATH}:/home/student/Vision/robot_arm_b2/install/vision_node:/opt/ros/jazzy DEBUGINFOD_URLS=https://debuginfod.ubuntu.com /usr/bin/cmake /home/student/Vision/robot_arm_b2/frs_interfaces -DCMAKE_INSTALL_PREFIX=/home/student/Vision/robot_arm_b2/install/frs_interfaces
[2.879s] Invoking command in '/home/student/Vision/robot_arm_b2/build/frs_interfaces': CMAKE_PREFIX_PATH=${CMAKE_PREFIX_PATH}:/home/student/Vision/robot_arm_b2/install/vision_node:/opt/ros/jazzy DEBUGINFOD_URLS=https://debuginfod.ubuntu.com /usr/bin/cmake --build /home/student/Vision/robot_arm_b2/build/frs_interfaces -- -j4 -l4
[2.937s] [  2%] [34m[1mGenerating type hashes for ROS interfaces[0m
[2.945s] [  2%] Built target ament_cmake_python_copy_frs_interfaces
[3.081s] [  2%] Built target frs_interfaces__rosidl_generator_type_description
[3.094s] running egg_info
[3.094s] [  5%] [34m[1mGenerating C code for ROS interfaces[0m
[3.094s] creating frs_interfaces.egg-info
[3.105s] [  8%] [34m[1mGenerating C++ code for ROS interfaces[0m
[3.105s] writing frs_interfaces.egg-info/PKG-INFO
[3.105s] writing dependency_links to frs_interfaces.egg-info/dependency_links.txt
[3.106s] writing top-level names to frs_interfaces.egg-info/top_level.txt
[3.106s] writing manifest file 'frs_interfaces.egg-info/SOURCES.txt'
[3.142s] reading manifest file 'frs_interfaces.egg-info/SOURCES.txt'
[3.142s] writing manifest file 'frs_interfaces.egg-info/SOURCES.txt'
[3.169s] [  8%] Built target ament_cmake_python_build_frs_interfaces_egg
[3.286s] [  8%] Built target frs_interfaces__cpp
[3.291s] [ 11%] [32mBuilding C object CMakeFiles/frs_interfaces__rosidl_generator_c.dir/rosidl_generator_c/frs_interfaces/msg/detail/detectie_resultaat__description.c.o[0m
[3.291s] [ 14%] [32mBuilding C object CMakeFiles/frs_interfaces__rosidl_generator_c.dir/rosidl_generator_c/frs_interfaces/msg/detail/detectie_resultaat__functions.c.o[0m
[3.291s] [ 17%] [32mBuilding C object CMakeFiles/frs_interfaces__rosidl_generator_c.dir/rosidl_generator_c/frs_interfaces/msg/detail/detectie_resultaat__type_support.c.o[0m
[3.359s] [ 20%] [32m[1mLinking C shared library libfrs_interfaces__rosidl_generator_c.so[0m
[3.400s] [ 20%] Built target frs_interfaces__rosidl_generator_c
[3.412s] [ 32%] [34m[1mGenerating C++ type support dispatch for ROS interfaces[0m
[3.412s] [ 32%] [34m[1mGenerating C++ introspection for ROS interfaces[0m
[3.414s] [ 32%] [34m[1mGenerating C++ type support for eProsima Fast-RTPS[0m
[3.414s] [ 32%] [34m[1mGenerating C type support dispatch for ROS interfaces[0m
[3.562s] [ 35%] [32mBuilding CXX object CMakeFiles/frs_interfaces__rosidl_typesupport_cpp.dir/rosidl_typesupport_cpp/frs_interfaces/msg/detectie_resultaat__type_support.cpp.o[0m
[3.566s] [ 38%] [32mBuilding CXX object CMakeFiles/frs_interfaces__rosidl_typesupport_c.dir/rosidl_typesupport_c/frs_interfaces/msg/detectie_resultaat__type_support.cpp.o[0m
[3.580s] [ 41%] [32mBuilding CXX object CMakeFiles/frs_interfaces__rosidl_typesupport_introspection_cpp.dir/rosidl_typesupport_introspection_cpp/frs_interfaces/msg/detail/detectie_resultaat__type_support.cpp.o[0m
[3.608s] [ 44%] [32mBuilding CXX object CMakeFiles/frs_interfaces__rosidl_typesupport_fastrtps_cpp.dir/rosidl_typesupport_fastrtps_cpp/frs_interfaces/msg/detail/dds_fastrtps/detectie_resultaat__type_support.cpp.o[0m
[3.616s] [ 47%] [32m[1mLinking CXX shared library libfrs_interfaces__rosidl_typesupport_c.so[0m
[3.659s] [ 47%] Built target frs_interfaces__rosidl_typesupport_c
[3.672s] [ 50%] [34m[1mGenerating C type support for eProsima Fast-RTPS[0m
[3.836s] [ 52%] [32m[1mLinking CXX shared library libfrs_interfaces__rosidl_typesupport_introspection_cpp.so[0m
[3.845s] [ 55%] [32m[1mLinking CXX shared library libfrs_interfaces__rosidl_typesupport_cpp.so[0m
[3.857s] [ 58%] [32mBuilding CXX object CMakeFiles/frs_interfaces__rosidl_typesupport_fastrtps_c.dir/rosidl_typesupport_fastrtps_c/frs_interfaces/msg/detail/detectie_resultaat__type_support_c.cpp.o[0m
[3.888s] [ 58%] Built target frs_interfaces__rosidl_typesupport_cpp
[3.896s] [ 58%] Built target frs_interfaces__rosidl_typesupport_introspection_cpp
[3.897s] [ 61%] [34m[1mGenerating C introspection for ROS interfaces[0m
[3.980s] [ 64%] [32m[1mLinking CXX shared library libfrs_interfaces__rosidl_typesupport_fastrtps_cpp.so[0m
[4.050s] [ 64%] Built target frs_interfaces__rosidl_typesupport_fastrtps_cpp
[4.074s] [ 67%] [32mBuilding C object CMakeFiles/frs_interfaces__rosidl_typesupport_introspection_c.dir/rosidl_typesupport_introspection_c/frs_interfaces/msg/detail/detectie_resultaat__type_support.c.o[0m
[4.113s] [ 70%] [32m[1mLinking C shared library libfrs_interfaces__rosidl_typesupport_introspection_c.so[0m
[4.152s] [ 70%] Built target frs_interfaces__rosidl_typesupport_introspection_c
[4.168s] [ 73%] [32m[1mLinking CXX shared library libfrs_interfaces__rosidl_typesupport_fastrtps_c.so[0m
[4.233s] [ 73%] Built target frs_interfaces__rosidl_typesupport_fastrtps_c
[4.256s] [ 73%] Built target frs_interfaces
[4.280s] [ 76%] [34m[1mGenerating Python code for ROS interfaces[0m
[4.474s] [ 76%] Built target frs_interfaces__py
[4.497s] [ 79%] [32mBuilding C object CMakeFiles/frs_interfaces__rosidl_generator_py.dir/rosidl_generator_py/frs_interfaces/msg/_detectie_resultaat_s.c.o[0m
[4.652s] [ 82%] [32m[1mLinking C shared library libfrs_interfaces__rosidl_generator_py.so[0m
[4.694s] [ 82%] Built target frs_interfaces__rosidl_generator_py
[4.717s] [ 85%] [32mBuilding C object CMakeFiles/frs_interfaces_s__rosidl_typesupport_introspection_c.dir/rosidl_generator_py/frs_interfaces/_frs_interfaces_s.ep.rosidl_typesupport_introspection_c.c.o[0m
[4.718s] [ 88%] [32mBuilding C object CMakeFiles/frs_interfaces_s__rosidl_typesupport_c.dir/rosidl_generator_py/frs_interfaces/_frs_interfaces_s.ep.rosidl_typesupport_c.c.o[0m
[4.719s] [ 91%] [32mBuilding C object CMakeFiles/frs_interfaces_s__rosidl_typesupport_fastrtps_c.dir/rosidl_generator_py/frs_interfaces/_frs_interfaces_s.ep.rosidl_typesupport_fastrtps_c.c.o[0m
[4.798s] [ 94%] [32m[1mLinking C shared module rosidl_generator_py/frs_interfaces/frs_interfaces_s__rosidl_typesupport_c.so[0m
[4.800s] [100%] [32m[1mLinking C shared module rosidl_generator_py/frs_interfaces/frs_interfaces_s__rosidl_typesupport_fastrtps_c.so[0m
[4.800s] [100%] [32m[1mLinking C shared module rosidl_generator_py/frs_interfaces/frs_interfaces_s__rosidl_typesupport_introspection_c.so[0m
[4.832s] [100%] Built target frs_interfaces_s__rosidl_typesupport_introspection_c
[4.833s] [100%] Built target frs_interfaces_s__rosidl_typesupport_c
[4.833s] [100%] Built target frs_interfaces_s__rosidl_typesupport_fastrtps_c
[4.845s] Invoked command in '/home/student/Vision/robot_arm_b2/build/frs_interfaces' returned '0': CMAKE_PREFIX_PATH=${CMAKE_PREFIX_PATH}:/home/student/Vision/robot_arm_b2/install/vision_node:/opt/ros/jazzy DEBUGINFOD_URLS=https://debuginfod.ubuntu.com /usr/bin/cmake --build /home/student/Vision/robot_arm_b2/build/frs_interfaces -- -j4 -l4
[4.854s] Invoking command in '/home/student/Vision/robot_arm_b2/build/frs_interfaces': CMAKE_PREFIX_PATH=${CMAKE_PREFIX_PATH}:/home/student/Vision/robot_arm_b2/install/vision_node:/opt/ros/jazzy DEBUGINFOD_URLS=https://debuginfod.ubuntu.com /usr/bin/cmake --install /home/student/Vision/robot_arm_b2/build/frs_interfaces
[4.862s] -- Install configuration: ""
[4.863s] -- Installing: /home/student/Vision/robot_arm_b2/install/frs_interfaces/share/ament_index/resource_index/rosidl_interfaces/frs_interfaces
[4.863s] -- Installing: /home/student/Vision/robot_arm_b2/install/frs_interfaces/share/frs_interfaces/msg/DetectieResultaat.json
[4.863s] -- Up-to-date: /home/student/Vision/robot_arm_b2/install/frs_interfaces/include/frs_interfaces/frs_interfaces
[4.863s] -- Up-to-date: /home/student/Vision/robot_arm_b2/install/frs_interfaces/include/frs_interfaces/frs_interfaces/msg
[4.863s] -- Up-to-date: /home/student/Vision/robot_arm_b2/install/frs_interfaces/include/frs_interfaces/frs_interfaces/msg/detail
[4.863s] -- Installing: /home/student/Vision/robot_arm_b2/install/frs_interfaces/include/frs_interfaces/frs_interfaces/msg/detail/detectie_resultaat__type_support.h
[4.863s] -- Installing: /home/student/Vision/robot_arm_b2/install/frs_interfaces/include/frs_interfaces/frs_interfaces/msg/detail/detectie_resultaat__struct.h
[4.863s] -- Installing: /home/student/Vision/robot_arm_b2/install/frs_interfaces/include/frs_interfaces/frs_interfaces/msg/detail/detectie_resultaat__functions.h
[4.863s] -- Installing: /home/student/Vision/robot_arm_b2/install/frs_interfaces/include/frs_interfaces/frs_interfaces/msg/detail/detectie_resultaat__functions.c
[4.863s] -- Installing: /home/student/Vision/robot_arm_b2/install/frs_interfaces/include/frs_interfaces/frs_interfaces/msg/detail/detectie_resultaat__description.c
[4.864s] -- Installing: /home/student/Vision/robot_arm_b2/install/frs_interfaces/include/frs_interfaces/frs_interfaces/msg/detail/detectie_resultaat__type_support.c
[4.864s] -- Installing: /home/student/Vision/robot_arm_b2/install/frs_interfaces/include/frs_interfaces/frs_interfaces/msg/detectie_resultaat.h
[4.864s] -- Installing: /home/student/Vision/robot_arm_b2/install/frs_interfaces/include/frs_interfaces/frs_interfaces/msg/rosidl_generator_c__visibility_control.h
[4.864s] -- Installing: /home/student/Vision/robot_arm_b2/install/frs_interfaces/share/frs_interfaces/environment/library_path.sh
[4.864s] -- Installing: /home/student/Vision/robot_arm_b2/install/frs_interfaces/share/frs_interfaces/environment/library_path.dsv
[4.864s] -- Installing: /home/student/Vision/robot_arm_b2/install/frs_interfaces/lib/libfrs_interfaces__rosidl_generator_c.so
[4.865s] -- Set non-toolchain portion of runtime path of "/home/student/Vision/robot_arm_b2/install/frs_interfaces/lib/libfrs_interfaces__rosidl_generator_c.so" to ""
[4.865s] -- Up-to-date: /home/student/Vision/robot_arm_b2/install/frs_interfaces/include/frs_interfaces/frs_interfaces
[4.865s] -- Up-to-date: /home/student/Vision/robot_arm_b2/install/frs_interfaces/include/frs_interfaces/frs_interfaces/msg
[4.865s] -- Up-to-date: /home/student/Vision/robot_arm_b2/install/frs_interfaces/include/frs_interfaces/frs_interfaces/msg/detail
[4.865s] -- Installing: /home/student/Vision/robot_arm_b2/install/frs_interfaces/include/frs_interfaces/frs_interfaces/msg/detail/detectie_resultaat__rosidl_typesupport_fastrtps_c.h
[4.865s] -- Installing: /home/student/Vision/robot_arm_b2/install/frs_interfaces/include/frs_interfaces/frs_interfaces/msg/rosidl_typesupport_fastrtps_c__visibility_control.h
[4.865s] -- Installing: /home/student/Vision/robot_arm_b2/install/frs_interfaces/lib/libfrs_interfaces__rosidl_typesupport_fastrtps_c.so
[4.866s] -- Set non-toolchain portion of runtime path of "/home/student/Vision/robot_arm_b2/install/frs_interfaces/lib/libfrs_interfaces__rosidl_typesupport_fastrtps_c.so" to ""
[4.866s] -- Up-to-date: /home/student/Vision/robot_arm_b2/install/frs_interfaces/include/frs_interfaces/frs_interfaces
[4.866s] -- Up-to-date: /home/student/Vision/robot_arm_b2/install/frs_interfaces/include/frs_interfaces/frs_interfaces/msg
[4.866s] -- Up-to-date: /home/student/Vision/robot_arm_b2/install/frs_interfaces/include/frs_interfaces/frs_interfaces/msg/detail
[4.866s] -- Installing: /home/student/Vision/robot_arm_b2/install/frs_interfaces/include/frs_interfaces/frs_interfaces/msg/detail/detectie_resultaat__rosidl_typesupport_introspection_c.h
[4.866s] -- Installing: /home/student/Vision/robot_arm_b2/install/frs_interfaces/include/frs_interfaces/frs_interfaces/msg/detail/detectie_resultaat__type_support.c
[4.866s] -- Installing: /home/student/Vision/robot_arm_b2/install/frs_interfaces/include/frs_interfaces/frs_interfaces/msg/rosidl_typesupport_introspection_c__visibility_control.h
[4.866s] -- Installing: /home/student/Vision/robot_arm_b2/install/frs_interfaces/lib/libfrs_interfaces__rosidl_typesupport_introspection_c.so
[4.867s] -- Set non-toolchain portion of runtime path of "/home/student/Vision/robot_arm_b2/install/frs_interfaces/lib/libfrs_interfaces__rosidl_typesupport_introspection_c.so" to ""
[4.867s] -- Installing: /home/student/Vision/robot_arm_b2/install/frs_interfaces/lib/libfrs_interfaces__rosidl_typesupport_c.so
[4.867s] -- Set non-toolchain portion of runtime path of "/home/student/Vision/robot_arm_b2/install/frs_interfaces/lib/libfrs_interfaces__rosidl_typesupport_c.so" to ""
[4.867s] -- Up-to-date: /home/student/Vision/robot_arm_b2/install/frs_interfaces/include/frs_interfaces/frs_interfaces
[4.867s] -- Up-to-date: /home/student/Vision/robot_arm_b2/install/frs_interfaces/include/frs_interfaces/frs_interfaces/msg
[4.868s] -- Up-to-date: /home/student/Vision/robot_arm_b2/install/frs_interfaces/include/frs_interfaces/frs_interfaces/msg/detail
[4.868s] -- Installing: /home/student/Vision/robot_arm_b2/install/frs_interfaces/include/frs_interfaces/frs_interfaces/msg/detail/detectie_resultaat__builder.hpp
[4.868s] -- Installing: /home/student/Vision/robot_arm_b2/install/frs_interfaces/include/frs_interfaces/frs_interfaces/msg/detail/detectie_resultaat__type_support.hpp
[4.868s] -- Installing: /home/student/Vision/robot_arm_b2/install/frs_interfaces/include/frs_interfaces/frs_interfaces/msg/detail/detectie_resultaat__traits.hpp
[4.868s] -- Installing: /home/student/Vision/robot_arm_b2/install/frs_interfaces/include/frs_interfaces/frs_interfaces/msg/detail/detectie_resultaat__struct.hpp
[4.868s] -- Installing: /home/student/Vision/robot_arm_b2/install/frs_interfaces/include/frs_interfaces/frs_interfaces/msg/rosidl_generator_cpp__visibility_control.hpp
[4.868s] -- Installing: /home/student/Vision/robot_arm_b2/install/frs_interfaces/include/frs_interfaces/frs_interfaces/msg/detectie_resultaat.hpp
[4.868s] -- Up-to-date: /home/student/Vision/robot_arm_b2/install/frs_interfaces/include/frs_interfaces/frs_interfaces
[4.870s] -- Up-to-date: /home/student/Vision/robot_arm_b2/install/frs_interfaces/include/frs_interfaces/frs_interfaces/msg
[4.870s] -- Up-to-date: /home/student/Vision/robot_arm_b2/install/frs_interfaces/include/frs_interfaces/frs_interfaces/msg/detail
[4.870s] -- Up-to-date: /home/student/Vision/robot_arm_b2/install/frs_interfaces/include/frs_interfaces/frs_interfaces/msg/detail/dds_fastrtps
[4.870s] -- Installing: /home/student/Vision/robot_arm_b2/install/frs_interfaces/include/frs_interfaces/frs_interfaces/msg/detail/detectie_resultaat__rosidl_typesupport_fastrtps_cpp.hpp
[4.871s] -- Installing: /home/student/Vision/robot_arm_b2/install/frs_interfaces/include/frs_interfaces/frs_interfaces/msg/rosidl_typesupport_fastrtps_cpp__visibility_control.h
[4.871s] -- Installing: /home/student/Vision/robot_arm_b2/install/frs_interfaces/lib/libfrs_interfaces__rosidl_typesupport_fastrtps_cpp.so
[4.871s] -- Set non-toolchain portion of runtime path of "/home/student/Vision/robot_arm_b2/install/frs_interfaces/lib/libfrs_interfaces__rosidl_typesupport_fastrtps_cpp.so" to ""
[4.871s] -- Up-to-date: /home/student/Vision/robot_arm_b2/install/frs_interfaces/include/frs_interfaces/frs_interfaces
[4.871s] -- Up-to-date: /home/student/Vision/robot_arm_b2/install/frs_interfaces/include/frs_interfaces/frs_interfaces/msg
[4.871s] -- Up-to-date: /home/student/Vision/robot_arm_b2/install/frs_interfaces/include/frs_interfaces/frs_interfaces/msg/detail
[4.871s] -- Installing: /home/student/Vision/robot_arm_b2/install/frs_interfaces/include/frs_interfaces/frs_interfaces/msg/detail/detectie_resultaat__rosidl_typesupport_introspection_cpp.hpp
[4.871s] -- Installing: /home/student/Vision/robot_arm_b2/install/frs_interfaces/include/frs_interfaces/frs_interfaces/msg/detail/detectie_resultaat__type_support.cpp
[4.871s] -- Installing: /home/student/Vision/robot_arm_b2/install/frs_interfaces/lib/libfrs_interfaces__rosidl_typesupport_introspection_cpp.so
[4.871s] -- Set non-toolchain portion of runtime path of "/home/student/Vision/robot_arm_b2/install/frs_interfaces/lib/libfrs_interfaces__rosidl_typesupport_introspection_cpp.so" to ""
[4.871s] -- Installing: /home/student/Vision/robot_arm_b2/install/frs_interfaces/lib/libfrs_interfaces__rosidl_typesupport_cpp.so
[4.871s] -- Set non-toolchain portion of runtime path of "/home/student/Vision/robot_arm_b2/install/frs_interfaces/lib/libfrs_interfaces__rosidl_typesupport_cpp.so" to ""
[4.871s] -- Installing: /home/student/Vision/robot_arm_b2/install/frs_interfaces/share/frs_interfaces/environment/pythonpath.sh
[4.871s] -- Installing: /home/student/Vision/robot_arm_b2/install/frs_interfaces/share/frs_interfaces/environment/pythonpath.dsv
[4.871s] -- Installing: /home/student/Vision/robot_arm_b2/install/frs_interfaces/lib/python3.12/site-packages/frs_interfaces-0.0.0-py3.12.egg-info
[4.871s] -- Installing: /home/student/Vision/robot_arm_b2/install/frs_interfaces/lib/python3.12/site-packages/frs_interfaces-0.0.0-py3.12.egg-info/dependency_links.txt
[4.871s] -- Installing: /home/student/Vision/robot_arm_b2/install/frs_interfaces/lib/python3.12/site-packages/frs_interfaces-0.0.0-py3.12.egg-info/top_level.txt
[4.871s] -- Installing: /home/student/Vision/robot_arm_b2/install/frs_interfaces/lib/python3.12/site-packages/frs_interfaces-0.0.0-py3.12.egg-info/SOURCES.txt
[4.871s] -- Installing: /home/student/Vision/robot_arm_b2/install/frs_interfaces/lib/python3.12/site-packages/frs_interfaces-0.0.0-py3.12.egg-info/PKG-INFO
[4.871s] -- Installing: /home/student/Vision/robot_arm_b2/install/frs_interfaces/lib/python3.12/site-packages/frs_interfaces
[4.872s] -- Installing: /home/student/Vision/robot_arm_b2/install/frs_interfaces/lib/python3.12/site-packages/frs_interfaces/frs_interfaces_s__rosidl_typesupport_fastrtps_c.so
[4.872s] -- Installing: /home/student/Vision/robot_arm_b2/install/frs_interfaces/lib/python3.12/site-packages/frs_interfaces/_frs_interfaces_s.ep.rosidl_typesupport_c.c
[4.872s] -- Installing: /home/student/Vision/robot_arm_b2/install/frs_interfaces/lib/python3.12/site-packages/frs_interfaces/frs_interfaces_s__rosidl_typesupport_c.so
[4.872s] -- Installing: /home/student/Vision/robot_arm_b2/install/frs_interfaces/lib/python3.12/site-packages/frs_interfaces/frs_interfaces_s__rosidl_typesupport_introspection_c.so
[4.872s] -- Installing: /home/student/Vision/robot_arm_b2/install/frs_interfaces/lib/python3.12/site-packages/frs_interfaces/__init__.py
[4.872s] -- Installing: /home/student/Vision/robot_arm_b2/install/frs_interfaces/lib/python3.12/site-packages/frs_interfaces/_frs_interfaces_s.ep.rosidl_typesupport_fastrtps_c.c
[4.872s] -- Installing: /home/student/Vision/robot_arm_b2/install/frs_interfaces/lib/python3.12/site-packages/frs_interfaces/_frs_interfaces_s.ep.rosidl_typesupport_introspection_c.c
[4.872s] -- Installing: /home/student/Vision/robot_arm_b2/install/frs_interfaces/lib/python3.12/site-packages/frs_interfaces/msg
[4.872s] -- Installing: /home/student/Vision/robot_arm_b2/install/frs_interfaces/lib/python3.12/site-packages/frs_interfaces/msg/_detectie_resultaat.py
[4.872s] -- Installing: /home/student/Vision/robot_arm_b2/install/frs_interfaces/lib/python3.12/site-packages/frs_interfaces/msg/_detectie_resultaat_s.c
[4.872s] -- Installing: /home/student/Vision/robot_arm_b2/install/frs_interfaces/lib/python3.12/site-packages/frs_interfaces/msg/__init__.py
[4.904s] Listing '/home/student/Vision/robot_arm_b2/install/frs_interfaces/lib/python3.12/site-packages/frs_interfaces'...
[4.904s] Compiling '/home/student/Vision/robot_arm_b2/install/frs_interfaces/lib/python3.12/site-packages/frs_interfaces/__init__.py'...
[4.904s] Listing '/home/student/Vision/robot_arm_b2/install/frs_interfaces/lib/python3.12/site-packages/frs_interfaces/msg'...
[4.904s] Compiling '/home/student/Vision/robot_arm_b2/install/frs_interfaces/lib/python3.12/site-packages/frs_interfaces/msg/__init__.py'...
[4.904s] Compiling '/home/student/Vision/robot_arm_b2/install/frs_interfaces/lib/python3.12/site-packages/frs_interfaces/msg/_detectie_resultaat.py'...
[4.908s] -- Installing: /home/student/Vision/robot_arm_b2/install/frs_interfaces/lib/python3.12/site-packages/frs_interfaces/frs_interfaces_s__rosidl_typesupport_fastrtps_c.so
[4.908s] -- Set non-toolchain portion of runtime path of "/home/student/Vision/robot_arm_b2/install/frs_interfaces/lib/python3.12/site-packages/frs_interfaces/frs_interfaces_s__rosidl_typesupport_fastrtps_c.so" to ""
[4.908s] -- Installing: /home/student/Vision/robot_arm_b2/install/frs_interfaces/lib/python3.12/site-packages/frs_interfaces/frs_interfaces_s__rosidl_typesupport_introspection_c.so
[4.909s] -- Set non-toolchain portion of runtime path of "/home/student/Vision/robot_arm_b2/install/frs_interfaces/lib/python3.12/site-packages/frs_interfaces/frs_interfaces_s__rosidl_typesupport_introspection_c.so" to ""
[4.909s] -- Installing: /home/student/Vision/robot_arm_b2/install/frs_interfaces/lib/python3.12/site-packages/frs_interfaces/frs_interfaces_s__rosidl_typesupport_c.so
[4.909s] -- Set non-toolchain portion of runtime path of "/home/student/Vision/robot_arm_b2/install/frs_interfaces/lib/python3.12/site-packages/frs_interfaces/frs_interfaces_s__rosidl_typesupport_c.so" to ""
[4.909s] -- Installing: /home/student/Vision/robot_arm_b2/install/frs_interfaces/lib/libfrs_interfaces__rosidl_generator_py.so
[4.910s] -- Set non-toolchain portion of runtime path of "/home/student/Vision/robot_arm_b2/install/frs_interfaces/lib/libfrs_interfaces__rosidl_generator_py.so" to ""
[4.910s] -- Installing: /home/student/Vision/robot_arm_b2/install/frs_interfaces/share/frs_interfaces/msg/DetectieResultaat.idl
[4.910s] -- Installing: /home/student/Vision/robot_arm_b2/install/frs_interfaces/share/frs_interfaces/msg/DetectieResultaat.msg
[4.910s] -- Installing: /home/student/Vision/robot_arm_b2/install/frs_interfaces/share/ament_index/resource_index/package_run_dependencies/frs_interfaces
[4.910s] -- Installing: /home/student/Vision/robot_arm_b2/install/frs_interfaces/share/ament_index/resource_index/parent_prefix_path/frs_interfaces
[4.911s] -- Installing: /home/student/Vision/robot_arm_b2/install/frs_interfaces/share/frs_interfaces/environment/ament_prefix_path.sh
[4.911s] -- Installing: /home/student/Vision/robot_arm_b2/install/frs_interfaces/share/frs_interfaces/environment/ament_prefix_path.dsv
[4.911s] -- Installing: /home/student/Vision/robot_arm_b2/install/frs_interfaces/share/frs_interfaces/environment/path.sh
[4.911s] -- Installing: /home/student/Vision/robot_arm_b2/install/frs_interfaces/share/frs_interfaces/environment/path.dsv
[4.911s] -- Installing: /home/student/Vision/robot_arm_b2/install/frs_interfaces/share/frs_interfaces/local_setup.bash
[4.911s] -- Installing: /home/student/Vision/robot_arm_b2/install/frs_interfaces/share/frs_interfaces/local_setup.sh
[4.912s] -- Installing: /home/student/Vision/robot_arm_b2/install/frs_interfaces/share/frs_interfaces/local_setup.zsh
[4.912s] -- Installing: /home/student/Vision/robot_arm_b2/install/frs_interfaces/share/frs_interfaces/local_setup.dsv
[4.912s] -- Installing: /home/student/Vision/robot_arm_b2/install/frs_interfaces/share/frs_interfaces/package.dsv
[4.912s] -- Installing: /home/student/Vision/robot_arm_b2/install/frs_interfaces/share/ament_index/resource_index/packages/frs_interfaces
[4.912s] -- Installing: /home/student/Vision/robot_arm_b2/install/frs_interfaces/share/frs_interfaces/cmake/export_frs_interfaces__rosidl_generator_cExport.cmake
[4.913s] -- Installing: /home/student/Vision/robot_arm_b2/install/frs_interfaces/share/frs_interfaces/cmake/export_frs_interfaces__rosidl_generator_cExport-noconfig.cmake
[4.913s] -- Installing: /home/student/Vision/robot_arm_b2/install/frs_interfaces/share/frs_interfaces/cmake/export_frs_interfaces__rosidl_typesupport_fastrtps_cExport.cmake
[4.913s] -- Installing: /home/student/Vision/robot_arm_b2/install/frs_interfaces/share/frs_interfaces/cmake/export_frs_interfaces__rosidl_typesupport_fastrtps_cExport-noconfig.cmake
[4.913s] -- Installing: /home/student/Vision/robot_arm_b2/install/frs_interfaces/share/frs_interfaces/cmake/frs_interfaces__rosidl_typesupport_introspection_cExport.cmake
[4.913s] -- Installing: /home/student/Vision/robot_arm_b2/install/frs_interfaces/share/frs_interfaces/cmake/frs_interfaces__rosidl_typesupport_introspection_cExport-noconfig.cmake
[4.913s] -- Installing: /home/student/Vision/robot_arm_b2/install/frs_interfaces/share/frs_interfaces/cmake/frs_interfaces__rosidl_typesupport_cExport.cmake
[4.914s] -- Installing: /home/student/Vision/robot_arm_b2/install/frs_interfaces/share/frs_interfaces/cmake/frs_interfaces__rosidl_typesupport_cExport-noconfig.cmake
[4.914s] -- Installing: /home/student/Vision/robot_arm_b2/install/frs_interfaces/share/frs_interfaces/cmake/export_frs_interfaces__rosidl_generator_cppExport.cmake
[4.914s] -- Installing: /home/student/Vision/robot_arm_b2/install/frs_interfaces/share/frs_interfaces/cmake/export_frs_interfaces__rosidl_typesupport_fastrtps_cppExport.cmake
[4.914s] -- Installing: /home/student/Vision/robot_arm_b2/install/frs_interfaces/share/frs_interfaces/cmake/export_frs_interfaces__rosidl_typesupport_fastrtps_cppExport-noconfig.cmake
[4.914s] -- Installing: /home/student/Vision/robot_arm_b2/install/frs_interfaces/share/frs_interfaces/cmake/frs_interfaces__rosidl_typesupport_introspection_cppExport.cmake
[4.915s] -- Installing: /home/student/Vision/robot_arm_b2/install/frs_interfaces/share/frs_interfaces/cmake/frs_interfaces__rosidl_typesupport_introspection_cppExport-noconfig.cmake
[4.915s] -- Installing: /home/student/Vision/robot_arm_b2/install/frs_interfaces/share/frs_interfaces/cmake/frs_interfaces__rosidl_typesupport_cppExport.cmake
[4.915s] -- Installing: /home/student/Vision/robot_arm_b2/install/frs_interfaces/share/frs_interfaces/cmake/frs_interfaces__rosidl_typesupport_cppExport-noconfig.cmake
[4.915s] -- Installing: /home/student/Vision/robot_arm_b2/install/frs_interfaces/share/frs_interfaces/cmake/export_frs_interfaces__rosidl_generator_pyExport.cmake
[4.915s] -- Installing: /home/student/Vision/robot_arm_b2/install/frs_interfaces/share/frs_interfaces/cmake/export_frs_interfaces__rosidl_generator_pyExport-noconfig.cmake
[4.915s] -- Installing: /home/student/Vision/robot_arm_b2/install/frs_interfaces/share/frs_interfaces/cmake/rosidl_cmake-extras.cmake
[4.916s] -- Installing: /home/student/Vision/robot_arm_b2/install/frs_interfaces/share/frs_interfaces/cmake/ament_cmake_export_include_directories-extras.cmake
[4.916s] -- Installing: /home/student/Vision/robot_arm_b2/install/frs_interfaces/share/frs_interfaces/cmake/ament_cmake_export_libraries-extras.cmake
[4.916s] -- Installing: /home/student/Vision/robot_arm_b2/install/frs_interfaces/share/frs_interfaces/cmake/ament_cmake_export_targets-extras.cmake
[4.916s] -- Installing: /home/student/Vision/robot_arm_b2/install/frs_interfaces/share/frs_interfaces/cmake/rosidl_cmake_export_typesupport_targets-extras.cmake
[4.916s] -- Installing: /home/student/Vision/robot_arm_b2/install/frs_interfaces/share/frs_interfaces/cmake/ament_cmake_export_dependencies-extras.cmake
[4.916s] -- Installing: /home/student/Vision/robot_arm_b2/install/frs_interfaces/share/frs_interfaces/cmake/rosidl_cmake_export_typesupport_libraries-extras.cmake
[4.917s] -- Installing: /home/student/Vision/robot_arm_b2/install/frs_interfaces/share/frs_interfaces/cmake/frs_interfacesConfig.cmake
[4.917s] -- Installing: /home/student/Vision/robot_arm_b2/install/frs_interfaces/share/frs_interfaces/cmake/frs_interfacesConfig-version.cmake
[4.917s] -- Installing: /home/student/Vision/robot_arm_b2/install/frs_interfaces/share/frs_interfaces/package.xml
[4.920s] Invoked command in '/home/student/Vision/robot_arm_b2/build/frs_interfaces' returned '0': CMAKE_PREFIX_PATH=${CMAKE_PREFIX_PATH}:/home/student/Vision/robot_arm_b2/install/vision_node:/opt/ros/jazzy DEBUGINFOD_URLS=https://debuginfod.ubuntu.com /usr/bin/cmake --install /home/student/Vision/robot_arm_b2/build/frs_interfaces
