[0.988s] Invoking command in '/home/student/Vision/robot_arm_b2/vision_node': DEBUGINFOD_URLS=https://debuginfod.ubuntu.com PYTHONPATH=/home/student/Vision/robot_arm_b2/build/vision_node/prefix_override:/usr/lib/python3/dist-packages/colcon_core/task/python/colcon_distutils_commands:/home/student/Vision/robot_arm_b2/install/vision_node/lib/python3.12/site-packages:${PYTHONPATH} /usr/bin/python3 -W ignore:setup.py install is deprecated -W ignore:easy_install command is deprecated setup.py egg_info --egg-base ../build/vision_node build --build-base /home/student/Vision/robot_arm_b2/build/vision_node/build install --record /home/student/Vision/robot_arm_b2/build/vision_node/install.log --single-version-externally-managed install_data
[1.155s] running egg_info
[1.166s] writing ../build/vision_node/vision_node.egg-info/PKG-INFO
[1.168s] writing dependency_links to ../build/vision_node/vision_node.egg-info/dependency_links.txt
[1.168s] writing entry points to ../build/vision_node/vision_node.egg-info/entry_points.txt
[1.168s] writing requirements to ../build/vision_node/vision_node.egg-info/requires.txt
[1.170s] writing top-level names to ../build/vision_node/vision_node.egg-info/top_level.txt
[1.191s] reading manifest file '../build/vision_node/vision_node.egg-info/SOURCES.txt'
[1.192s] writing manifest file '../build/vision_node/vision_node.egg-info/SOURCES.txt'
[1.192s] running build
[1.192s] running build_py
[1.195s] running install
[1.198s] running install_lib
[1.210s] running install_data
[1.211s] running install_egg_info
[1.224s] removing '/home/student/Vision/robot_arm_b2/install/vision_node/lib/python3.12/site-packages/vision_node-0.0.0-py3.12.egg-info' (and everything under it)
[1.224s] Copying ../build/vision_node/vision_node.egg-info to /home/student/Vision/robot_arm_b2/install/vision_node/lib/python3.12/site-packages/vision_node-0.0.0-py3.12.egg-info
[1.225s] running install_scripts
[1.306s] Installing vision_node script to /home/student/Vision/robot_arm_b2/install/vision_node/lib/vision_node
[1.308s] writing list of installed files to '/home/student/Vision/robot_arm_b2/build/vision_node/install.log'
[1.328s] Invoked command in '/home/student/Vision/robot_arm_b2/vision_node' returned '0': DEBUGINFOD_URLS=https://debuginfod.ubuntu.com PYTHONPATH=/home/student/Vision/robot_arm_b2/build/vision_node/prefix_override:/usr/lib/python3/dist-packages/colcon_core/task/python/colcon_distutils_commands:/home/student/Vision/robot_arm_b2/install/vision_node/lib/python3.12/site-packages:${PYTHONPATH} /usr/bin/python3 -W ignore:setup.py install is deprecated -W ignore:easy_install command is deprecated setup.py egg_info --egg-base ../build/vision_node build --build-base /home/student/Vision/robot_arm_b2/build/vision_node/build install --record /home/student/Vision/robot_arm_b2/build/vision_node/install.log --single-version-externally-managed install_data
