[0.479s] Invoking command in '/home/student/Vision/robot_arm_b2/vision_node': DEBUGINFOD_URLS=https://debuginfod.ubuntu.com PYTHONPATH=/home/student/Vision/robot_arm_b2/build/vision_node/prefix_override:/usr/lib/python3/dist-packages/colcon_core/task/python/colcon_distutils_commands:/home/student/Vision/robot_arm_b2/install/vision_node/lib/python3.12/site-packages:${PYTHONPATH} /usr/bin/python3 -W ignore:setup.py install is deprecated -W ignore:easy_install command is deprecated setup.py egg_info --egg-base ../build/vision_node build --build-base /home/student/Vision/robot_arm_b2/build/vision_node/build install --record /home/student/Vision/robot_arm_b2/build/vision_node/install.log --single-version-externally-managed install_data
[0.631s] running egg_info
[0.640s] writing ../build/vision_node/vision_node.egg-info/PKG-INFO
[0.640s] writing dependency_links to ../build/vision_node/vision_node.egg-info/dependency_links.txt
[0.640s] writing entry points to ../build/vision_node/vision_node.egg-info/entry_points.txt
[0.641s] writing requirements to ../build/vision_node/vision_node.egg-info/requires.txt
[0.641s] writing top-level names to ../build/vision_node/vision_node.egg-info/top_level.txt
[0.661s] reading manifest file '../build/vision_node/vision_node.egg-info/SOURCES.txt'
[0.661s] writing manifest file '../build/vision_node/vision_node.egg-info/SOURCES.txt'
[0.662s] running build
[0.662s] running build_py
[0.662s] creating /home/student/Vision/robot_arm_b2/build/vision_node/build
[0.662s] creating /home/student/Vision/robot_arm_b2/build/vision_node/build/lib
[0.662s] creating /home/student/Vision/robot_arm_b2/build/vision_node/build/lib/vision_node
[0.662s] copying vision_node/vision_node.py -> /home/student/Vision/robot_arm_b2/build/vision_node/build/lib/vision_node
[0.663s] copying vision_node/__init__.py -> /home/student/Vision/robot_arm_b2/build/vision_node/build/lib/vision_node
[0.663s] running install
[0.666s] running install_lib
[0.676s] creating /home/student/Vision/robot_arm_b2/install/vision_node/lib/python3.12/site-packages/vision_node
[0.676s] copying /home/student/Vision/robot_arm_b2/build/vision_node/build/lib/vision_node/vision_node.py -> /home/student/Vision/robot_arm_b2/install/vision_node/lib/python3.12/site-packages/vision_node
[0.676s] copying /home/student/Vision/robot_arm_b2/build/vision_node/build/lib/vision_node/__init__.py -> /home/student/Vision/robot_arm_b2/install/vision_node/lib/python3.12/site-packages/vision_node
[0.676s] byte-compiling /home/student/Vision/robot_arm_b2/install/vision_node/lib/python3.12/site-packages/vision_node/vision_node.py to vision_node.cpython-312.pyc
[0.677s] byte-compiling /home/student/Vision/robot_arm_b2/install/vision_node/lib/python3.12/site-packages/vision_node/__init__.py to __init__.cpython-312.pyc
[0.679s] running install_data
[0.679s] running install_egg_info
[0.688s] removing '/home/student/Vision/robot_arm_b2/install/vision_node/lib/python3.12/site-packages/vision_node-0.0.0-py3.12.egg-info' (and everything under it)
[0.688s] Copying ../build/vision_node/vision_node.egg-info to /home/student/Vision/robot_arm_b2/install/vision_node/lib/python3.12/site-packages/vision_node-0.0.0-py3.12.egg-info
[0.689s] running install_scripts
[0.765s] Installing vision_node script to /home/student/Vision/robot_arm_b2/install/vision_node/lib/vision_node
[0.766s] writing list of installed files to '/home/student/Vision/robot_arm_b2/build/vision_node/install.log'
[0.782s] Invoked command in '/home/student/Vision/robot_arm_b2/vision_node' returned '0': DEBUGINFOD_URLS=https://debuginfod.ubuntu.com PYTHONPATH=/home/student/Vision/robot_arm_b2/build/vision_node/prefix_override:/usr/lib/python3/dist-packages/colcon_core/task/python/colcon_distutils_commands:/home/student/Vision/robot_arm_b2/install/vision_node/lib/python3.12/site-packages:${PYTHONPATH} /usr/bin/python3 -W ignore:setup.py install is deprecated -W ignore:easy_install command is deprecated setup.py egg_info --egg-base ../build/vision_node build --build-base /home/student/Vision/robot_arm_b2/build/vision_node/build install --record /home/student/Vision/robot_arm_b2/build/vision_node/install.log --single-version-externally-managed install_data
