[0.855s] Invoking command in '/home/student/Vision/robot_arm_b2/vision_node': DEBUGINFOD_URLS=https://debuginfod.ubuntu.com PYTHONPATH=/home/student/Vision/robot_arm_b2/build/vision_node/prefix_override:/usr/lib/python3/dist-packages/colcon_core/task/python/colcon_distutils_commands:/home/student/Vision/robot_arm_b2/install/vision_node/lib/python3.12/site-packages:${PYTHONPATH} /usr/bin/python3 -W ignore:setup.py install is deprecated -W ignore:easy_install command is deprecated setup.py egg_info --egg-base ../build/vision_node build --build-base /home/student/Vision/robot_arm_b2/build/vision_node/build install --record /home/student/Vision/robot_arm_b2/build/vision_node/install.log --single-version-externally-managed install_data
[1.012s] running egg_info
[1.023s] writing ../build/vision_node/vision_node.egg-info/PKG-INFO
[1.025s] writing dependency_links to ../build/vision_node/vision_node.egg-info/dependency_links.txt
[1.025s] writing entry points to ../build/vision_node/vision_node.egg-info/entry_points.txt
[1.025s] writing requirements to ../build/vision_node/vision_node.egg-info/requires.txt
[1.025s] writing top-level names to ../build/vision_node/vision_node.egg-info/top_level.txt
[1.046s] reading manifest file '../build/vision_node/vision_node.egg-info/SOURCES.txt'
[1.047s] writing manifest file '../build/vision_node/vision_node.egg-info/SOURCES.txt'
[1.047s] running build
[1.047s] running build_py
[1.050s] running install
[1.053s] running install_lib
[1.063s] running install_data
[1.064s] copying vision_node/model/best.pt -> /home/student/Vision/robot_arm_b2/install/vision_node/share/vision_node/model
[1.068s] running install_egg_info
[1.079s] removing '/home/student/Vision/robot_arm_b2/install/vision_node/lib/python3.12/site-packages/vision_node-0.0.0-py3.12.egg-info' (and everything under it)
[1.079s] Copying ../build/vision_node/vision_node.egg-info to /home/student/Vision/robot_arm_b2/install/vision_node/lib/python3.12/site-packages/vision_node-0.0.0-py3.12.egg-info
[1.081s] running install_scripts
[1.156s] Installing vision_node script to /home/student/Vision/robot_arm_b2/install/vision_node/lib/vision_node
[1.158s] writing list of installed files to '/home/student/Vision/robot_arm_b2/build/vision_node/install.log'
[1.174s] Invoked command in '/home/student/Vision/robot_arm_b2/vision_node' returned '0': DEBUGINFOD_URLS=https://debuginfod.ubuntu.com PYTHONPATH=/home/student/Vision/robot_arm_b2/build/vision_node/prefix_override:/usr/lib/python3/dist-packages/colcon_core/task/python/colcon_distutils_commands:/home/student/Vision/robot_arm_b2/install/vision_node/lib/python3.12/site-packages:${PYTHONPATH} /usr/bin/python3 -W ignore:setup.py install is deprecated -W ignore:easy_install command is deprecated setup.py egg_info --egg-base ../build/vision_node build --build-base /home/student/Vision/robot_arm_b2/build/vision_node/build install --record /home/student/Vision/robot_arm_b2/build/vision_node/install.log --single-version-externally-managed install_data
