[0.286s] DEBUG:colcon:Command line arguments: ['/usr/bin/colcon', 'build', '--packages-select', 'frs_interfaces']
[0.286s] DEBUG:colcon:Parsed command line arguments: Namespace(log_base=None, log_level=None, verb_name='build', build_base='build', install_base='install', merge_install=False, symlink_install=False, test_result_base=None, continue_on_error=False, executor='parallel', parallel_workers=4, event_handlers=None, ignore_user_meta=False, metas=['./colcon.meta'], base_paths=['.'], packages_ignore=None, packages_ignore_regex=None, paths=None, packages_up_to=None, packages_up_to_regex=None, packages_above=None, packages_above_and_dependencies=None, packages_above_depth=None, packages_select_by_dep=None, packages_skip_by_dep=None, packages_skip_up_to=None, packages_select_build_failed=False, packages_skip_build_finished=False, packages_select_test_failures=False, packages_skip_test_passed=False, packages_select=['frs_interfaces'], packages_skip=None, packages_select_regex=None, packages_skip_regex=None, packages_start=None, packages_end=None, allow_overriding=[], cmake_args=None, cmake_target=None, cmake_target_skip_unavailable=False, cmake_clean_cache=False, cmake_clean_first=False, cmake_force_configure=False, ament_cmake_args=None, catkin_cmake_args=None, catkin_skip_building_tests=False, mixin_files=None, mixin=None, verb_parser=<colcon_mixin.mixin.mixin_argument.MixinArgumentDecorator object at 0x7ade1527ed20>, verb_extension=<colcon_core.verb.build.BuildVerb object at 0x7ade1517b710>, main=<bound method BuildVerb.main of <colcon_core.verb.build.BuildVerb object at 0x7ade1517b710>>, mixin_verb=('build',))
[0.369s] Level 1:colcon.colcon_core.package_discovery:discover_packages(colcon_meta) check parameters
[0.369s] Level 1:colcon.colcon_core.package_discovery:discover_packages(recursive) check parameters
[0.369s] Level 1:colcon.colcon_core.package_discovery:discover_packages(ignore) check parameters
[0.369s] Level 1:colcon.colcon_core.package_discovery:discover_packages(path) check parameters
[0.369s] Level 1:colcon.colcon_core.package_discovery:discover_packages(colcon_meta) discover
[0.369s] Level 1:colcon.colcon_core.package_discovery:discover_packages(recursive) discover
[0.369s] INFO:colcon.colcon_core.package_discovery:Crawling recursively for packages in '/home/student/Vision/robot_arm_b2'
[0.369s] Level 1:colcon.colcon_core.package_identification:_identify(.) by extensions ['ignore', 'ignore_ament_install']
[0.369s] Level 1:colcon.colcon_core.package_identification:_identify(.) by extension 'ignore'
[0.369s] Level 1:colcon.colcon_core.package_identification:_identify(.) by extension 'ignore_ament_install'
[0.370s] Level 1:colcon.colcon_core.package_identification:_identify(.) by extensions ['colcon_pkg']
[0.370s] Level 1:colcon.colcon_core.package_identification:_identify(.) by extension 'colcon_pkg'
[0.370s] Level 1:colcon.colcon_core.package_identification:_identify(.) by extensions ['colcon_meta']
[0.370s] Level 1:colcon.colcon_core.package_identification:_identify(.) by extension 'colcon_meta'
[0.370s] Level 1:colcon.colcon_core.package_identification:_identify(.) by extensions ['ros']
[0.370s] Level 1:colcon.colcon_core.package_identification:_identify(.) by extension 'ros'
[0.402s] Level 1:colcon.colcon_core.package_identification:_identify(.) by extensions ['cmake', 'python']
[0.402s] Level 1:colcon.colcon_core.package_identification:_identify(.) by extension 'cmake'
[0.402s] Level 1:colcon.colcon_core.package_identification:_identify(.) by extension 'python'
[0.402s] Level 1:colcon.colcon_core.package_identification:_identify(.) by extensions ['python_setup_py']
[0.402s] Level 1:colcon.colcon_core.package_identification:_identify(.) by extension 'python_setup_py'
[0.402s] Level 1:colcon.colcon_core.package_identification:_identify(ElechouseVoiceRecognition) by extensions ['ignore', 'ignore_ament_install']
[0.402s] Level 1:colcon.colcon_core.package_identification:_identify(ElechouseVoiceRecognition) by extension 'ignore'
[0.402s] Level 1:colcon.colcon_core.package_identification:_identify(ElechouseVoiceRecognition) by extension 'ignore_ament_install'
[0.402s] Level 1:colcon.colcon_core.package_identification:_identify(ElechouseVoiceRecognition) by extensions ['colcon_pkg']
[0.402s] Level 1:colcon.colcon_core.package_identification:_identify(ElechouseVoiceRecognition) by extension 'colcon_pkg'
[0.402s] Level 1:colcon.colcon_core.package_identification:_identify(ElechouseVoiceRecognition) by extensions ['colcon_meta']
[0.402s] Level 1:colcon.colcon_core.package_identification:_identify(ElechouseVoiceRecognition) by extension 'colcon_meta'
[0.403s] Level 1:colcon.colcon_core.package_identification:_identify(ElechouseVoiceRecognition) by extensions ['ros']
[0.403s] Level 1:colcon.colcon_core.package_identification:_identify(ElechouseVoiceRecognition) by extension 'ros'
[0.403s] Level 1:colcon.colcon_core.package_identification:_identify(ElechouseVoiceRecognition) by extensions ['cmake', 'python']
[0.403s] Level 1:colcon.colcon_core.package_identification:_identify(ElechouseVoiceRecognition) by extension 'cmake'
[0.403s] Level 1:colcon.colcon_core.package_identification:_identify(ElechouseVoiceRecognition) by extension 'python'
[0.403s] Level 1:colcon.colcon_core.package_identification:_identify(ElechouseVoiceRecognition) by extensions ['python_setup_py']
[0.403s] Level 1:colcon.colcon_core.package_identification:_identify(ElechouseVoiceRecognition) by extension 'python_setup_py'
[0.403s] Level 1:colcon.colcon_core.package_identification:_identify(build) by extensions ['ignore', 'ignore_ament_install']
[0.403s] Level 1:colcon.colcon_core.package_identification:_identify(build) by extension 'ignore'
[0.403s] Level 1:colcon.colcon_core.package_identification:_identify(build) ignored
[0.403s] Level 1:colcon.colcon_core.package_identification:_identify(controller_code) by extensions ['ignore', 'ignore_ament_install']
[0.403s] Level 1:colcon.colcon_core.package_identification:_identify(controller_code) by extension 'ignore'
[0.403s] Level 1:colcon.colcon_core.package_identification:_identify(controller_code) by extension 'ignore_ament_install'
[0.403s] Level 1:colcon.colcon_core.package_identification:_identify(controller_code) by extensions ['colcon_pkg']
[0.403s] Level 1:colcon.colcon_core.package_identification:_identify(controller_code) by extension 'colcon_pkg'
[0.403s] Level 1:colcon.colcon_core.package_identification:_identify(controller_code) by extensions ['colcon_meta']
[0.403s] Level 1:colcon.colcon_core.package_identification:_identify(controller_code) by extension 'colcon_meta'
[0.403s] Level 1:colcon.colcon_core.package_identification:_identify(controller_code) by extensions ['ros']
[0.403s] Level 1:colcon.colcon_core.package_identification:_identify(controller_code) by extension 'ros'
[0.403s] Level 1:colcon.colcon_core.package_identification:_identify(controller_code) by extensions ['cmake', 'python']
[0.403s] Level 1:colcon.colcon_core.package_identification:_identify(controller_code) by extension 'cmake'
[0.403s] Level 1:colcon.colcon_core.package_identification:_identify(controller_code) by extension 'python'
[0.403s] Level 1:colcon.colcon_core.package_identification:_identify(controller_code) by extensions ['python_setup_py']
[0.403s] Level 1:colcon.colcon_core.package_identification:_identify(controller_code) by extension 'python_setup_py'
[0.403s] Level 1:colcon.colcon_core.package_identification:_identify(controller_code/__pycache__) by extensions ['ignore', 'ignore_ament_install']
[0.403s] Level 1:colcon.colcon_core.package_identification:_identify(controller_code/__pycache__) by extension 'ignore'
[0.403s] Level 1:colcon.colcon_core.package_identification:_identify(controller_code/__pycache__) by extension 'ignore_ament_install'
[0.403s] Level 1:colcon.colcon_core.package_identification:_identify(controller_code/__pycache__) by extensions ['colcon_pkg']
[0.403s] Level 1:colcon.colcon_core.package_identification:_identify(controller_code/__pycache__) by extension 'colcon_pkg'
[0.403s] Level 1:colcon.colcon_core.package_identification:_identify(controller_code/__pycache__) by extensions ['colcon_meta']
[0.403s] Level 1:colcon.colcon_core.package_identification:_identify(controller_code/__pycache__) by extension 'colcon_meta'
[0.403s] Level 1:colcon.colcon_core.package_identification:_identify(controller_code/__pycache__) by extensions ['ros']
[0.403s] Level 1:colcon.colcon_core.package_identification:_identify(controller_code/__pycache__) by extension 'ros'
[0.403s] Level 1:colcon.colcon_core.package_identification:_identify(controller_code/__pycache__) by extensions ['cmake', 'python']
[0.404s] Level 1:colcon.colcon_core.package_identification:_identify(controller_code/__pycache__) by extension 'cmake'
[0.404s] Level 1:colcon.colcon_core.package_identification:_identify(controller_code/__pycache__) by extension 'python'
[0.404s] Level 1:colcon.colcon_core.package_identification:_identify(controller_code/__pycache__) by extensions ['python_setup_py']
[0.404s] Level 1:colcon.colcon_core.package_identification:_identify(controller_code/__pycache__) by extension 'python_setup_py'
[0.404s] Level 1:colcon.colcon_core.package_identification:_identify(controller_code/msg) by extensions ['ignore', 'ignore_ament_install']
[0.404s] Level 1:colcon.colcon_core.package_identification:_identify(controller_code/msg) by extension 'ignore'
[0.404s] Level 1:colcon.colcon_core.package_identification:_identify(controller_code/msg) by extension 'ignore_ament_install'
[0.404s] Level 1:colcon.colcon_core.package_identification:_identify(controller_code/msg) by extensions ['colcon_pkg']
[0.404s] Level 1:colcon.colcon_core.package_identification:_identify(controller_code/msg) by extension 'colcon_pkg'
[0.404s] Level 1:colcon.colcon_core.package_identification:_identify(controller_code/msg) by extensions ['colcon_meta']
[0.404s] Level 1:colcon.colcon_core.package_identification:_identify(controller_code/msg) by extension 'colcon_meta'
[0.404s] Level 1:colcon.colcon_core.package_identification:_identify(controller_code/msg) by extensions ['ros']
[0.404s] Level 1:colcon.colcon_core.package_identification:_identify(controller_code/msg) by extension 'ros'
[0.404s] Level 1:colcon.colcon_core.package_identification:_identify(controller_code/msg) by extensions ['cmake', 'python']
[0.404s] Level 1:colcon.colcon_core.package_identification:_identify(controller_code/msg) by extension 'cmake'
[0.404s] Level 1:colcon.colcon_core.package_identification:_identify(controller_code/msg) by extension 'python'
[0.404s] Level 1:colcon.colcon_core.package_identification:_identify(controller_code/msg) by extensions ['python_setup_py']
[0.404s] Level 1:colcon.colcon_core.package_identification:_identify(controller_code/msg) by extension 'python_setup_py'
[0.404s] Level 1:colcon.colcon_core.package_identification:_identify(controller_code/test) by extensions ['ignore', 'ignore_ament_install']
[0.404s] Level 1:colcon.colcon_core.package_identification:_identify(controller_code/test) by extension 'ignore'
[0.404s] Level 1:colcon.colcon_core.package_identification:_identify(controller_code/test) by extension 'ignore_ament_install'
[0.404s] Level 1:colcon.colcon_core.package_identification:_identify(controller_code/test) by extensions ['colcon_pkg']
[0.404s] Level 1:colcon.colcon_core.package_identification:_identify(controller_code/test) by extension 'colcon_pkg'
[0.404s] Level 1:colcon.colcon_core.package_identification:_identify(controller_code/test) by extensions ['colcon_meta']
[0.404s] Level 1:colcon.colcon_core.package_identification:_identify(controller_code/test) by extension 'colcon_meta'
[0.404s] Level 1:colcon.colcon_core.package_identification:_identify(controller_code/test) by extensions ['ros']
[0.404s] Level 1:colcon.colcon_core.package_identification:_identify(controller_code/test) by extension 'ros'
[0.404s] Level 1:colcon.colcon_core.package_identification:_identify(controller_code/test) by extensions ['cmake', 'python']
[0.404s] Level 1:colcon.colcon_core.package_identification:_identify(controller_code/test) by extension 'cmake'
[0.404s] Level 1:colcon.colcon_core.package_identification:_identify(controller_code/test) by extension 'python'
[0.404s] Level 1:colcon.colcon_core.package_identification:_identify(controller_code/test) by extensions ['python_setup_py']
[0.404s] Level 1:colcon.colcon_core.package_identification:_identify(controller_code/test) by extension 'python_setup_py'
[0.404s] Level 1:colcon.colcon_core.package_identification:_identify(controller_code/vb_pub) by extensions ['ignore', 'ignore_ament_install']
[0.405s] Level 1:colcon.colcon_core.package_identification:_identify(controller_code/vb_pub) by extension 'ignore'
[0.405s] Level 1:colcon.colcon_core.package_identification:_identify(controller_code/vb_pub) by extension 'ignore_ament_install'
[0.405s] Level 1:colcon.colcon_core.package_identification:_identify(controller_code/vb_pub) by extensions ['colcon_pkg']
[0.405s] Level 1:colcon.colcon_core.package_identification:_identify(controller_code/vb_pub) by extension 'colcon_pkg'
[0.405s] Level 1:colcon.colcon_core.package_identification:_identify(controller_code/vb_pub) by extensions ['colcon_meta']
[0.405s] Level 1:colcon.colcon_core.package_identification:_identify(controller_code/vb_pub) by extension 'colcon_meta'
[0.405s] Level 1:colcon.colcon_core.package_identification:_identify(controller_code/vb_pub) by extensions ['ros']
[0.405s] Level 1:colcon.colcon_core.package_identification:_identify(controller_code/vb_pub) by extension 'ros'
[0.405s] Level 1:colcon.colcon_core.package_identification:_identify(controller_code/vb_pub) by extensions ['cmake', 'python']
[0.405s] Level 1:colcon.colcon_core.package_identification:_identify(controller_code/vb_pub) by extension 'cmake'
[0.405s] Level 1:colcon.colcon_core.package_identification:_identify(controller_code/vb_pub) by extension 'python'
[0.405s] Level 1:colcon.colcon_core.package_identification:_identify(controller_code/vb_pub) by extensions ['python_setup_py']
[0.405s] Level 1:colcon.colcon_core.package_identification:_identify(controller_code/vb_pub) by extension 'python_setup_py'
[0.405s] Level 1:colcon.colcon_core.package_identification:_identify(controller_code_niks.py) by extensions ['ignore', 'ignore_ament_install']
[0.405s] Level 1:colcon.colcon_core.package_identification:_identify(controller_code_niks.py) by extension 'ignore'
[0.405s] Level 1:colcon.colcon_core.package_identification:_identify(controller_code_niks.py) by extension 'ignore_ament_install'
[0.405s] Level 1:colcon.colcon_core.package_identification:_identify(controller_code_niks.py) by extensions ['colcon_pkg']
[0.405s] Level 1:colcon.colcon_core.package_identification:_identify(controller_code_niks.py) by extension 'colcon_pkg'
[0.405s] Level 1:colcon.colcon_core.package_identification:_identify(controller_code_niks.py) by extensions ['colcon_meta']
[0.405s] Level 1:colcon.colcon_core.package_identification:_identify(controller_code_niks.py) by extension 'colcon_meta'
[0.405s] Level 1:colcon.colcon_core.package_identification:_identify(controller_code_niks.py) by extensions ['ros']
[0.405s] Level 1:colcon.colcon_core.package_identification:_identify(controller_code_niks.py) by extension 'ros'
[0.405s] Level 1:colcon.colcon_core.package_identification:_identify(controller_code_niks.py) by extensions ['cmake', 'python']
[0.405s] Level 1:colcon.colcon_core.package_identification:_identify(controller_code_niks.py) by extension 'cmake'
[0.405s] Level 1:colcon.colcon_core.package_identification:_identify(controller_code_niks.py) by extension 'python'
[0.405s] Level 1:colcon.colcon_core.package_identification:_identify(controller_code_niks.py) by extensions ['python_setup_py']
[0.405s] Level 1:colcon.colcon_core.package_identification:_identify(controller_code_niks.py) by extension 'python_setup_py'
[0.405s] Level 1:colcon.colcon_core.package_identification:_identify(controller_code_niks.py/vb_pub) by extensions ['ignore', 'ignore_ament_install']
[0.405s] Level 1:colcon.colcon_core.package_identification:_identify(controller_code_niks.py/vb_pub) by extension 'ignore'
[0.405s] Level 1:colcon.colcon_core.package_identification:_identify(controller_code_niks.py/vb_pub) by extension 'ignore_ament_install'
[0.405s] Level 1:colcon.colcon_core.package_identification:_identify(controller_code_niks.py/vb_pub) by extensions ['colcon_pkg']
[0.405s] Level 1:colcon.colcon_core.package_identification:_identify(controller_code_niks.py/vb_pub) by extension 'colcon_pkg'
[0.405s] Level 1:colcon.colcon_core.package_identification:_identify(controller_code_niks.py/vb_pub) by extensions ['colcon_meta']
[0.405s] Level 1:colcon.colcon_core.package_identification:_identify(controller_code_niks.py/vb_pub) by extension 'colcon_meta'
[0.405s] Level 1:colcon.colcon_core.package_identification:_identify(controller_code_niks.py/vb_pub) by extensions ['ros']
[0.405s] Level 1:colcon.colcon_core.package_identification:_identify(controller_code_niks.py/vb_pub) by extension 'ros'
[0.405s] Level 1:colcon.colcon_core.package_identification:_identify(controller_code_niks.py/vb_pub) by extensions ['cmake', 'python']
[0.405s] Level 1:colcon.colcon_core.package_identification:_identify(controller_code_niks.py/vb_pub) by extension 'cmake'
[0.405s] Level 1:colcon.colcon_core.package_identification:_identify(controller_code_niks.py/vb_pub) by extension 'python'
[0.405s] Level 1:colcon.colcon_core.package_identification:_identify(controller_code_niks.py/vb_pub) by extensions ['python_setup_py']
[0.405s] Level 1:colcon.colcon_core.package_identification:_identify(controller_code_niks.py/vb_pub) by extension 'python_setup_py'
[0.406s] Level 1:colcon.colcon_core.package_identification:_identify(frs_interfaces) by extensions ['ignore', 'ignore_ament_install']
[0.406s] Level 1:colcon.colcon_core.package_identification:_identify(frs_interfaces) by extension 'ignore'
[0.406s] Level 1:colcon.colcon_core.package_identification:_identify(frs_interfaces) by extension 'ignore_ament_install'
[0.406s] Level 1:colcon.colcon_core.package_identification:_identify(frs_interfaces) by extensions ['colcon_pkg']
[0.406s] Level 1:colcon.colcon_core.package_identification:_identify(frs_interfaces) by extension 'colcon_pkg'
[0.406s] Level 1:colcon.colcon_core.package_identification:_identify(frs_interfaces) by extensions ['colcon_meta']
[0.406s] Level 1:colcon.colcon_core.package_identification:_identify(frs_interfaces) by extension 'colcon_meta'
[0.406s] Level 1:colcon.colcon_core.package_identification:_identify(frs_interfaces) by extensions ['ros']
[0.406s] Level 1:colcon.colcon_core.package_identification:_identify(frs_interfaces) by extension 'ros'
[0.410s] DEBUG:colcon.colcon_core.package_identification:Package 'frs_interfaces' with type 'ros.ament_cmake' and name 'frs_interfaces'
[0.410s] Level 1:colcon.colcon_core.package_identification:_identify(install) by extensions ['ignore', 'ignore_ament_install']
[0.410s] Level 1:colcon.colcon_core.package_identification:_identify(install) by extension 'ignore'
[0.410s] Level 1:colcon.colcon_core.package_identification:_identify(install) ignored
[0.410s] Level 1:colcon.colcon_core.package_identification:_identify(log) by extensions ['ignore', 'ignore_ament_install']
[0.410s] Level 1:colcon.colcon_core.package_identification:_identify(log) by extension 'ignore'
[0.410s] Level 1:colcon.colcon_core.package_identification:_identify(log) ignored
[0.410s] Level 1:colcon.colcon_core.package_identification:_identify(vision_node) by extensions ['ignore', 'ignore_ament_install']
[0.410s] Level 1:colcon.colcon_core.package_identification:_identify(vision_node) by extension 'ignore'
[0.410s] Level 1:colcon.colcon_core.package_identification:_identify(vision_node) by extension 'ignore_ament_install'
[0.410s] Level 1:colcon.colcon_core.package_identification:_identify(vision_node) by extensions ['colcon_pkg']
[0.410s] Level 1:colcon.colcon_core.package_identification:_identify(vision_node) by extension 'colcon_pkg'
[0.410s] Level 1:colcon.colcon_core.package_identification:_identify(vision_node) by extensions ['colcon_meta']
[0.411s] Level 1:colcon.colcon_core.package_identification:_identify(vision_node) by extension 'colcon_meta'
[0.411s] Level 1:colcon.colcon_core.package_identification:_identify(vision_node) by extensions ['ros']
[0.411s] Level 1:colcon.colcon_core.package_identification:_identify(vision_node) by extension 'ros'
[0.411s] DEBUG:colcon.colcon_core.package_identification:Package 'vision_node' with type 'ros.ament_python' and name 'vision_node'
[0.411s] Level 1:colcon.colcon_core.package_identification:_identify(voice) by extensions ['ignore', 'ignore_ament_install']
[0.411s] Level 1:colcon.colcon_core.package_identification:_identify(voice) by extension 'ignore'
[0.411s] Level 1:colcon.colcon_core.package_identification:_identify(voice) by extension 'ignore_ament_install'
[0.411s] Level 1:colcon.colcon_core.package_identification:_identify(voice) by extensions ['colcon_pkg']
[0.411s] Level 1:colcon.colcon_core.package_identification:_identify(voice) by extension 'colcon_pkg'
[0.411s] Level 1:colcon.colcon_core.package_identification:_identify(voice) by extensions ['colcon_meta']
[0.411s] Level 1:colcon.colcon_core.package_identification:_identify(voice) by extension 'colcon_meta'
[0.411s] Level 1:colcon.colcon_core.package_identification:_identify(voice) by extensions ['ros']
[0.411s] Level 1:colcon.colcon_core.package_identification:_identify(voice) by extension 'ros'
[0.411s] Level 1:colcon.colcon_core.package_identification:_identify(voice) by extensions ['cmake', 'python']
[0.411s] Level 1:colcon.colcon_core.package_identification:_identify(voice) by extension 'cmake'
[0.411s] Level 1:colcon.colcon_core.package_identification:_identify(voice) by extension 'python'
[0.411s] Level 1:colcon.colcon_core.package_identification:_identify(voice) by extensions ['python_setup_py']
[0.411s] Level 1:colcon.colcon_core.package_identification:_identify(voice) by extension 'python_setup_py'
[0.411s] Level 1:colcon.colcon_core.package_identification:_identify(voice/bednodigdebestanden) by extensions ['ignore', 'ignore_ament_install']
[0.411s] Level 1:colcon.colcon_core.package_identification:_identify(voice/bednodigdebestanden) by extension 'ignore'
[0.411s] Level 1:colcon.colcon_core.package_identification:_identify(voice/bednodigdebestanden) by extension 'ignore_ament_install'
[0.411s] Level 1:colcon.colcon_core.package_identification:_identify(voice/bednodigdebestanden) by extensions ['colcon_pkg']
[0.411s] Level 1:colcon.colcon_core.package_identification:_identify(voice/bednodigdebestanden) by extension 'colcon_pkg'
[0.411s] Level 1:colcon.colcon_core.package_identification:_identify(voice/bednodigdebestanden) by extensions ['colcon_meta']
[0.411s] Level 1:colcon.colcon_core.package_identification:_identify(voice/bednodigdebestanden) by extension 'colcon_meta'
[0.411s] Level 1:colcon.colcon_core.package_identification:_identify(voice/bednodigdebestanden) by extensions ['ros']
[0.411s] Level 1:colcon.colcon_core.package_identification:_identify(voice/bednodigdebestanden) by extension 'ros'
[0.411s] Level 1:colcon.colcon_core.package_identification:_identify(voice/bednodigdebestanden) by extensions ['cmake', 'python']
[0.411s] Level 1:colcon.colcon_core.package_identification:_identify(voice/bednodigdebestanden) by extension 'cmake'
[0.411s] Level 1:colcon.colcon_core.package_identification:_identify(voice/bednodigdebestanden) by extension 'python'
[0.411s] Level 1:colcon.colcon_core.package_identification:_identify(voice/bednodigdebestanden) by extensions ['python_setup_py']
[0.412s] Level 1:colcon.colcon_core.package_identification:_identify(voice/bednodigdebestanden) by extension 'python_setup_py'
[0.412s] Level 1:colcon.colcon_core.package_identification:_identify(voice/bednodigdebestanden/vr_sample_bridge) by extensions ['ignore', 'ignore_ament_install']
[0.412s] Level 1:colcon.colcon_core.package_identification:_identify(voice/bednodigdebestanden/vr_sample_bridge) by extension 'ignore'
[0.412s] Level 1:colcon.colcon_core.package_identification:_identify(voice/bednodigdebestanden/vr_sample_bridge) by extension 'ignore_ament_install'
[0.412s] Level 1:colcon.colcon_core.package_identification:_identify(voice/bednodigdebestanden/vr_sample_bridge) by extensions ['colcon_pkg']
[0.412s] Level 1:colcon.colcon_core.package_identification:_identify(voice/bednodigdebestanden/vr_sample_bridge) by extension 'colcon_pkg'
[0.412s] Level 1:colcon.colcon_core.package_identification:_identify(voice/bednodigdebestanden/vr_sample_bridge) by extensions ['colcon_meta']
[0.412s] Level 1:colcon.colcon_core.package_identification:_identify(voice/bednodigdebestanden/vr_sample_bridge) by extension 'colcon_meta'
[0.412s] Level 1:colcon.colcon_core.package_identification:_identify(voice/bednodigdebestanden/vr_sample_bridge) by extensions ['ros']
[0.412s] Level 1:colcon.colcon_core.package_identification:_identify(voice/bednodigdebestanden/vr_sample_bridge) by extension 'ros'
[0.412s] Level 1:colcon.colcon_core.package_identification:_identify(voice/bednodigdebestanden/vr_sample_bridge) by extensions ['cmake', 'python']
[0.412s] Level 1:colcon.colcon_core.package_identification:_identify(voice/bednodigdebestanden/vr_sample_bridge) by extension 'cmake'
[0.412s] Level 1:colcon.colcon_core.package_identification:_identify(voice/bednodigdebestanden/vr_sample_bridge) by extension 'python'
[0.412s] Level 1:colcon.colcon_core.package_identification:_identify(voice/bednodigdebestanden/vr_sample_bridge) by extensions ['python_setup_py']
[0.412s] Level 1:colcon.colcon_core.package_identification:_identify(voice/bednodigdebestanden/vr_sample_bridge) by extension 'python_setup_py'
[0.412s] Level 1:colcon.colcon_core.package_identification:_identify(voice/bednodigdebestanden/vr_sample_train) by extensions ['ignore', 'ignore_ament_install']
[0.412s] Level 1:colcon.colcon_core.package_identification:_identify(voice/bednodigdebestanden/vr_sample_train) by extension 'ignore'
[0.412s] Level 1:colcon.colcon_core.package_identification:_identify(voice/bednodigdebestanden/vr_sample_train) by extension 'ignore_ament_install'
[0.412s] Level 1:colcon.colcon_core.package_identification:_identify(voice/bednodigdebestanden/vr_sample_train) by extensions ['colcon_pkg']
[0.412s] Level 1:colcon.colcon_core.package_identification:_identify(voice/bednodigdebestanden/vr_sample_train) by extension 'colcon_pkg'
[0.412s] Level 1:colcon.colcon_core.package_identification:_identify(voice/bednodigdebestanden/vr_sample_train) by extensions ['colcon_meta']
[0.412s] Level 1:colcon.colcon_core.package_identification:_identify(voice/bednodigdebestanden/vr_sample_train) by extension 'colcon_meta'
[0.412s] Level 1:colcon.colcon_core.package_identification:_identify(voice/bednodigdebestanden/vr_sample_train) by extensions ['ros']
[0.412s] Level 1:colcon.colcon_core.package_identification:_identify(voice/bednodigdebestanden/vr_sample_train) by extension 'ros'
[0.412s] Level 1:colcon.colcon_core.package_identification:_identify(voice/bednodigdebestanden/vr_sample_train) by extensions ['cmake', 'python']
[0.412s] Level 1:colcon.colcon_core.package_identification:_identify(voice/bednodigdebestanden/vr_sample_train) by extension 'cmake'
[0.412s] Level 1:colcon.colcon_core.package_identification:_identify(voice/bednodigdebestanden/vr_sample_train) by extension 'python'
[0.412s] Level 1:colcon.colcon_core.package_identification:_identify(voice/bednodigdebestanden/vr_sample_train) by extensions ['python_setup_py']
[0.412s] Level 1:colcon.colcon_core.package_identification:_identify(voice/bednodigdebestanden/vr_sample_train) by extension 'python_setup_py'
[0.412s] Level 1:colcon.colcon_core.package_discovery:discover_packages(recursive) using defaults
[0.412s] Level 1:colcon.colcon_core.package_discovery:discover_packages(ignore) discover
[0.412s] Level 1:colcon.colcon_core.package_discovery:discover_packages(ignore) using defaults
[0.412s] Level 1:colcon.colcon_core.package_discovery:discover_packages(path) discover
[0.412s] Level 1:colcon.colcon_core.package_discovery:discover_packages(path) using defaults
[0.439s] INFO:colcon.colcon_core.package_selection:Skipping not selected package 'vision_node' in 'vision_node'
[0.439s] Level 1:colcon.colcon_core.package_discovery:discover_packages(prefix_path) check parameters
[0.439s] Level 1:colcon.colcon_core.package_discovery:discover_packages(prefix_path) discover
[0.448s] DEBUG:colcon.colcon_installed_package_information.package_discovery:Found 1 installed packages in /home/student/Vision/robot_arm_b2/install
[0.449s] DEBUG:colcon.colcon_installed_package_information.package_discovery:Found 322 installed packages in /opt/ros/jazzy
[0.449s] Level 1:colcon.colcon_core.package_discovery:discover_packages(prefix_path) using defaults
[0.479s] Level 5:colcon.colcon_core.verb:set package 'frs_interfaces' build argument 'cmake_args' from command line to 'None'
[0.479s] Level 5:colcon.colcon_core.verb:set package 'frs_interfaces' build argument 'cmake_target' from command line to 'None'
[0.479s] Level 5:colcon.colcon_core.verb:set package 'frs_interfaces' build argument 'cmake_target_skip_unavailable' from command line to 'False'
[0.479s] Level 5:colcon.colcon_core.verb:set package 'frs_interfaces' build argument 'cmake_clean_cache' from command line to 'False'
[0.479s] Level 5:colcon.colcon_core.verb:set package 'frs_interfaces' build argument 'cmake_clean_first' from command line to 'False'
[0.479s] Level 5:colcon.colcon_core.verb:set package 'frs_interfaces' build argument 'cmake_force_configure' from command line to 'False'
[0.479s] Level 5:colcon.colcon_core.verb:set package 'frs_interfaces' build argument 'ament_cmake_args' from command line to 'None'
[0.479s] Level 5:colcon.colcon_core.verb:set package 'frs_interfaces' build argument 'catkin_cmake_args' from command line to 'None'
[0.479s] Level 5:colcon.colcon_core.verb:set package 'frs_interfaces' build argument 'catkin_skip_building_tests' from command line to 'False'
[0.479s] DEBUG:colcon.colcon_core.verb:Building package 'frs_interfaces' with the following arguments: {'ament_cmake_args': None, 'build_base': '/home/student/Vision/robot_arm_b2/build/frs_interfaces', 'catkin_cmake_args': None, 'catkin_skip_building_tests': False, 'cmake_args': None, 'cmake_clean_cache': False, 'cmake_clean_first': False, 'cmake_force_configure': False, 'cmake_target': None, 'cmake_target_skip_unavailable': False, 'install_base': '/home/student/Vision/robot_arm_b2/install/frs_interfaces', 'merge_install': False, 'path': '/home/student/Vision/robot_arm_b2/frs_interfaces', 'symlink_install': False, 'test_result_base': None}
[0.479s] INFO:colcon.colcon_core.executor:Executing jobs using 'parallel' executor
[0.480s] DEBUG:colcon.colcon_parallel_executor.executor.parallel:run_until_complete
[0.481s] INFO:colcon.colcon_ros.task.ament_cmake.build:Building ROS package in '/home/student/Vision/robot_arm_b2/frs_interfaces' with build type 'ament_cmake'
[0.481s] INFO:colcon.colcon_cmake.task.cmake.build:Building CMake package in '/home/student/Vision/robot_arm_b2/frs_interfaces'
[0.489s] INFO:colcon.colcon_core.plugin_system:Skipping extension 'colcon_core.shell.bat': Not used on non-Windows systems
[0.489s] INFO:colcon.colcon_core.shell:Skip shell extension 'powershell' for command environment: Not usable outside of PowerShell
[0.489s] DEBUG:colcon.colcon_core.shell:Skip shell extension 'dsv' for command environment
[0.500s] DEBUG:colcon.colcon_core.event_handler.log_command:Invoking command in '/home/student/Vision/robot_arm_b2/build/frs_interfaces': CMAKE_PREFIX_PATH=${CMAKE_PREFIX_PATH}:/home/student/Vision/robot_arm_b2/install/vision_node:/opt/ros/jazzy DEBUGINFOD_URLS=https://debuginfod.ubuntu.com /usr/bin/cmake /home/student/Vision/robot_arm_b2/frs_interfaces -DCMAKE_INSTALL_PREFIX=/home/student/Vision/robot_arm_b2/install/frs_interfaces
[3.359s] DEBUG:colcon.colcon_core.event_handler.log_command:Invoked command in '/home/student/Vision/robot_arm_b2/build/frs_interfaces' returned '0': CMAKE_PREFIX_PATH=${CMAKE_PREFIX_PATH}:/home/student/Vision/robot_arm_b2/install/vision_node:/opt/ros/jazzy DEBUGINFOD_URLS=https://debuginfod.ubuntu.com /usr/bin/cmake /home/student/Vision/robot_arm_b2/frs_interfaces -DCMAKE_INSTALL_PREFIX=/home/student/Vision/robot_arm_b2/install/frs_interfaces
[3.360s] DEBUG:colcon.colcon_core.event_handler.log_command:Invoking command in '/home/student/Vision/robot_arm_b2/build/frs_interfaces': CMAKE_PREFIX_PATH=${CMAKE_PREFIX_PATH}:/home/student/Vision/robot_arm_b2/install/vision_node:/opt/ros/jazzy DEBUGINFOD_URLS=https://debuginfod.ubuntu.com /usr/bin/cmake --build /home/student/Vision/robot_arm_b2/build/frs_interfaces -- -j4 -l4
[5.327s] DEBUG:colcon.colcon_core.event_handler.log_command:Invoked command in '/home/student/Vision/robot_arm_b2/build/frs_interfaces' returned '0': CMAKE_PREFIX_PATH=${CMAKE_PREFIX_PATH}:/home/student/Vision/robot_arm_b2/install/vision_node:/opt/ros/jazzy DEBUGINFOD_URLS=https://debuginfod.ubuntu.com /usr/bin/cmake --build /home/student/Vision/robot_arm_b2/build/frs_interfaces -- -j4 -l4
[5.335s] DEBUG:colcon.colcon_core.event_handler.log_command:Invoking command in '/home/student/Vision/robot_arm_b2/build/frs_interfaces': CMAKE_PREFIX_PATH=${CMAKE_PREFIX_PATH}:/home/student/Vision/robot_arm_b2/install/vision_node:/opt/ros/jazzy DEBUGINFOD_URLS=https://debuginfod.ubuntu.com /usr/bin/cmake --install /home/student/Vision/robot_arm_b2/build/frs_interfaces
[5.401s] Level 1:colcon.colcon_core.environment:create_environment_scripts_only(frs_interfaces)
[5.402s] DEBUG:colcon.colcon_core.event_handler.log_command:Invoked command in '/home/student/Vision/robot_arm_b2/build/frs_interfaces' returned '0': CMAKE_PREFIX_PATH=${CMAKE_PREFIX_PATH}:/home/student/Vision/robot_arm_b2/install/vision_node:/opt/ros/jazzy DEBUGINFOD_URLS=https://debuginfod.ubuntu.com /usr/bin/cmake --install /home/student/Vision/robot_arm_b2/build/frs_interfaces
[5.411s] Level 1:colcon.colcon_core.environment:checking '/home/student/Vision/robot_arm_b2/install/frs_interfaces' for CMake module files
[5.412s] Level 1:colcon.colcon_core.environment:checking '/home/student/Vision/robot_arm_b2/install/frs_interfaces' for CMake config files
[5.412s] Level 1:colcon.colcon_core.shell:create_environment_hook('frs_interfaces', 'cmake_prefix_path')
[5.412s] INFO:colcon.colcon_core.shell:Creating environment hook '/home/student/Vision/robot_arm_b2/install/frs_interfaces/share/frs_interfaces/hook/cmake_prefix_path.ps1'
[5.413s] INFO:colcon.colcon_core.shell:Creating environment descriptor '/home/student/Vision/robot_arm_b2/install/frs_interfaces/share/frs_interfaces/hook/cmake_prefix_path.dsv'
[5.414s] INFO:colcon.colcon_core.shell:Creating environment hook '/home/student/Vision/robot_arm_b2/install/frs_interfaces/share/frs_interfaces/hook/cmake_prefix_path.sh'
[5.415s] Level 1:colcon.colcon_core.environment:checking '/home/student/Vision/robot_arm_b2/install/frs_interfaces/lib'
[5.415s] Level 1:colcon.colcon_core.shell:create_environment_hook('frs_interfaces', 'ld_library_path_lib')
[5.415s] INFO:colcon.colcon_core.shell:Creating environment hook '/home/student/Vision/robot_arm_b2/install/frs_interfaces/share/frs_interfaces/hook/ld_library_path_lib.ps1'
[5.415s] INFO:colcon.colcon_core.shell:Creating environment descriptor '/home/student/Vision/robot_arm_b2/install/frs_interfaces/share/frs_interfaces/hook/ld_library_path_lib.dsv'
[5.416s] INFO:colcon.colcon_core.shell:Creating environment hook '/home/student/Vision/robot_arm_b2/install/frs_interfaces/share/frs_interfaces/hook/ld_library_path_lib.sh'
[5.416s] Level 1:colcon.colcon_core.environment:checking '/home/student/Vision/robot_arm_b2/install/frs_interfaces/bin'
[5.416s] Level 1:colcon.colcon_core.environment:checking '/home/student/Vision/robot_arm_b2/install/frs_interfaces/lib/pkgconfig/frs_interfaces.pc'
[5.416s] Level 1:colcon.colcon_core.environment:checking '/home/student/Vision/robot_arm_b2/install/frs_interfaces/lib/python3.12/site-packages'
[5.416s] Level 1:colcon.colcon_core.shell:create_environment_hook('frs_interfaces', 'pythonpath')
[5.416s] INFO:colcon.colcon_core.shell:Creating environment hook '/home/student/Vision/robot_arm_b2/install/frs_interfaces/share/frs_interfaces/hook/pythonpath.ps1'
[5.417s] INFO:colcon.colcon_core.shell:Creating environment descriptor '/home/student/Vision/robot_arm_b2/install/frs_interfaces/share/frs_interfaces/hook/pythonpath.dsv'
[5.417s] INFO:colcon.colcon_core.shell:Creating environment hook '/home/student/Vision/robot_arm_b2/install/frs_interfaces/share/frs_interfaces/hook/pythonpath.sh'
[5.417s] Level 1:colcon.colcon_core.environment:checking '/home/student/Vision/robot_arm_b2/install/frs_interfaces/bin'
[5.417s] INFO:colcon.colcon_core.shell:Creating package script '/home/student/Vision/robot_arm_b2/install/frs_interfaces/share/frs_interfaces/package.ps1'
[5.418s] INFO:colcon.colcon_core.shell:Creating package descriptor '/home/student/Vision/robot_arm_b2/install/frs_interfaces/share/frs_interfaces/package.dsv'
[5.419s] INFO:colcon.colcon_core.shell:Creating package script '/home/student/Vision/robot_arm_b2/install/frs_interfaces/share/frs_interfaces/package.sh'
[5.420s] INFO:colcon.colcon_core.shell:Creating package script '/home/student/Vision/robot_arm_b2/install/frs_interfaces/share/frs_interfaces/package.bash'
[5.422s] INFO:colcon.colcon_core.shell:Creating package script '/home/student/Vision/robot_arm_b2/install/frs_interfaces/share/frs_interfaces/package.zsh'
[5.423s] Level 1:colcon.colcon_core.environment:create_file_with_runtime_dependencies(/home/student/Vision/robot_arm_b2/install/frs_interfaces/share/colcon-core/packages/frs_interfaces)
[5.424s] Level 1:colcon.colcon_core.environment:create_environment_scripts_only(frs_interfaces)
[5.424s] Level 1:colcon.colcon_core.environment:checking '/home/student/Vision/robot_arm_b2/install/frs_interfaces' for CMake module files
[5.424s] Level 1:colcon.colcon_core.environment:checking '/home/student/Vision/robot_arm_b2/install/frs_interfaces' for CMake config files
[5.424s] Level 1:colcon.colcon_core.shell:create_environment_hook('frs_interfaces', 'cmake_prefix_path')
[5.424s] INFO:colcon.colcon_core.shell:Creating environment hook '/home/student/Vision/robot_arm_b2/install/frs_interfaces/share/frs_interfaces/hook/cmake_prefix_path.ps1'
[5.425s] INFO:colcon.colcon_core.shell:Creating environment descriptor '/home/student/Vision/robot_arm_b2/install/frs_interfaces/share/frs_interfaces/hook/cmake_prefix_path.dsv'
[5.425s] INFO:colcon.colcon_core.shell:Creating environment hook '/home/student/Vision/robot_arm_b2/install/frs_interfaces/share/frs_interfaces/hook/cmake_prefix_path.sh'
[5.426s] Level 1:colcon.colcon_core.environment:checking '/home/student/Vision/robot_arm_b2/install/frs_interfaces/lib'
[5.426s] Level 1:colcon.colcon_core.shell:create_environment_hook('frs_interfaces', 'ld_library_path_lib')
[5.426s] INFO:colcon.colcon_core.shell:Creating environment hook '/home/student/Vision/robot_arm_b2/install/frs_interfaces/share/frs_interfaces/hook/ld_library_path_lib.ps1'
[5.426s] INFO:colcon.colcon_core.shell:Creating environment descriptor '/home/student/Vision/robot_arm_b2/install/frs_interfaces/share/frs_interfaces/hook/ld_library_path_lib.dsv'
[5.426s] INFO:colcon.colcon_core.shell:Creating environment hook '/home/student/Vision/robot_arm_b2/install/frs_interfaces/share/frs_interfaces/hook/ld_library_path_lib.sh'
[5.427s] Level 1:colcon.colcon_core.environment:checking '/home/student/Vision/robot_arm_b2/install/frs_interfaces/bin'
[5.427s] Level 1:colcon.colcon_core.environment:checking '/home/student/Vision/robot_arm_b2/install/frs_interfaces/lib/pkgconfig/frs_interfaces.pc'
[5.427s] Level 1:colcon.colcon_core.environment:checking '/home/student/Vision/robot_arm_b2/install/frs_interfaces/lib/python3.12/site-packages'
[5.427s] Level 1:colcon.colcon_core.shell:create_environment_hook('frs_interfaces', 'pythonpath')
[5.427s] INFO:colcon.colcon_core.shell:Creating environment hook '/home/student/Vision/robot_arm_b2/install/frs_interfaces/share/frs_interfaces/hook/pythonpath.ps1'
[5.427s] INFO:colcon.colcon_core.shell:Creating environment descriptor '/home/student/Vision/robot_arm_b2/install/frs_interfaces/share/frs_interfaces/hook/pythonpath.dsv'
[5.428s] INFO:colcon.colcon_core.shell:Creating environment hook '/home/student/Vision/robot_arm_b2/install/frs_interfaces/share/frs_interfaces/hook/pythonpath.sh'
[5.428s] Level 1:colcon.colcon_core.environment:checking '/home/student/Vision/robot_arm_b2/install/frs_interfaces/bin'
[5.428s] INFO:colcon.colcon_core.shell:Creating package script '/home/student/Vision/robot_arm_b2/install/frs_interfaces/share/frs_interfaces/package.ps1'
[5.429s] INFO:colcon.colcon_core.shell:Creating package descriptor '/home/student/Vision/robot_arm_b2/install/frs_interfaces/share/frs_interfaces/package.dsv'
[5.429s] INFO:colcon.colcon_core.shell:Creating package script '/home/student/Vision/robot_arm_b2/install/frs_interfaces/share/frs_interfaces/package.sh'
[5.430s] INFO:colcon.colcon_core.shell:Creating package script '/home/student/Vision/robot_arm_b2/install/frs_interfaces/share/frs_interfaces/package.bash'
[5.430s] INFO:colcon.colcon_core.shell:Creating package script '/home/student/Vision/robot_arm_b2/install/frs_interfaces/share/frs_interfaces/package.zsh'
[5.430s] Level 1:colcon.colcon_core.environment:create_file_with_runtime_dependencies(/home/student/Vision/robot_arm_b2/install/frs_interfaces/share/colcon-core/packages/frs_interfaces)
[5.431s] DEBUG:colcon.colcon_parallel_executor.executor.parallel:closing loop
[5.431s] DEBUG:colcon.colcon_parallel_executor.executor.parallel:loop closed
[5.431s] DEBUG:colcon.colcon_parallel_executor.executor.parallel:run_until_complete finished with '0'
[5.431s] DEBUG:colcon.colcon_core.event_reactor:joining thread
[5.443s] INFO:colcon.colcon_core.plugin_system:Skipping extension 'colcon_notification.desktop_notification.terminal_notifier': Not used on non-Darwin systems
[5.443s] INFO:colcon.colcon_core.plugin_system:Skipping extension 'colcon_notification.desktop_notification.win32': Not used on non-Windows systems
[5.443s] INFO:colcon.colcon_notification.desktop_notification:Sending desktop notification using 'notify2'
[5.463s] DEBUG:colcon.colcon_core.event_reactor:joined thread
[5.463s] INFO:colcon.colcon_core.shell:Creating prefix script '/home/student/Vision/robot_arm_b2/install/local_setup.ps1'
[5.465s] INFO:colcon.colcon_core.shell:Creating prefix util module '/home/student/Vision/robot_arm_b2/install/_local_setup_util_ps1.py'
[5.466s] INFO:colcon.colcon_core.shell:Creating prefix chain script '/home/student/Vision/robot_arm_b2/install/setup.ps1'
[5.467s] INFO:colcon.colcon_core.shell:Creating prefix script '/home/student/Vision/robot_arm_b2/install/local_setup.sh'
[5.468s] INFO:colcon.colcon_core.shell:Creating prefix util module '/home/student/Vision/robot_arm_b2/install/_local_setup_util_sh.py'
[5.468s] INFO:colcon.colcon_core.shell:Creating prefix chain script '/home/student/Vision/robot_arm_b2/install/setup.sh'
[5.469s] INFO:colcon.colcon_core.shell:Creating prefix script '/home/student/Vision/robot_arm_b2/install/local_setup.bash'
[5.470s] INFO:colcon.colcon_core.shell:Creating prefix chain script '/home/student/Vision/robot_arm_b2/install/setup.bash'
[5.471s] INFO:colcon.colcon_core.shell:Creating prefix script '/home/student/Vision/robot_arm_b2/install/local_setup.zsh'
[5.472s] INFO:colcon.colcon_core.shell:Creating prefix chain script '/home/student/Vision/robot_arm_b2/install/setup.zsh'
