[0.120s] DEBUG:colcon:Command line arguments: ['/usr/bin/colcon', 'build', '--packages-select', 'frs_interfaces']
[0.120s] DEBUG:colcon:Parsed command line arguments: Namespace(log_base=None, log_level=None, verb_name='build', build_base='build', install_base='install', merge_install=False, symlink_install=False, test_result_base=None, continue_on_error=False, executor='parallel', parallel_workers=4, event_handlers=None, ignore_user_meta=False, metas=['./colcon.meta'], base_paths=['.'], packages_ignore=None, packages_ignore_regex=None, paths=None, packages_up_to=None, packages_up_to_regex=None, packages_above=None, packages_above_and_dependencies=None, packages_above_depth=None, packages_select_by_dep=None, packages_skip_by_dep=None, packages_skip_up_to=None, packages_select_build_failed=False, packages_skip_build_finished=False, packages_select_test_failures=False, packages_skip_test_passed=False, packages_select=['frs_interfaces'], packages_skip=None, packages_select_regex=None, packages_skip_regex=None, packages_start=None, packages_end=None, allow_overriding=[], cmake_args=None, cmake_target=None, cmake_target_skip_unavailable=False, cmake_clean_cache=False, cmake_clean_first=False, cmake_force_configure=False, ament_cmake_args=None, catkin_cmake_args=None, catkin_skip_building_tests=False, mixin_files=None, mixin=None, verb_parser=<colcon_mixin.mixin.mixin_argument.MixinArgumentDecorator object at 0x7c301087b830>, verb_extension=<colcon_core.verb.build.BuildVerb object at 0x7c301087b560>, main=<bound method BuildVerb.main of <colcon_core.verb.build.BuildVerb object at 0x7c301087b560>>, mixin_verb=('build',))
[0.153s] Level 1:colcon.colcon_core.package_discovery:discover_packages(colcon_meta) check parameters
[0.153s] Level 1:colcon.colcon_core.package_discovery:discover_packages(recursive) check parameters
[0.153s] Level 1:colcon.colcon_core.package_discovery:discover_packages(ignore) check parameters
[0.153s] Level 1:colcon.colcon_core.package_discovery:discover_packages(path) check parameters
[0.153s] Level 1:colcon.colcon_core.package_discovery:discover_packages(colcon_meta) discover
[0.153s] Level 1:colcon.colcon_core.package_discovery:discover_packages(recursive) discover
[0.153s] INFO:colcon.colcon_core.package_discovery:Crawling recursively for packages in '/home/student/Vision/robot_arm_b2'
[0.153s] Level 1:colcon.colcon_core.package_identification:_identify(.) by extensions ['ignore', 'ignore_ament_install']
[0.153s] Level 1:colcon.colcon_core.package_identification:_identify(.) by extension 'ignore'
[0.153s] Level 1:colcon.colcon_core.package_identification:_identify(.) by extension 'ignore_ament_install'
[0.153s] Level 1:colcon.colcon_core.package_identification:_identify(.) by extensions ['colcon_pkg']
[0.153s] Level 1:colcon.colcon_core.package_identification:_identify(.) by extension 'colcon_pkg'
[0.153s] Level 1:colcon.colcon_core.package_identification:_identify(.) by extensions ['colcon_meta']
[0.154s] Level 1:colcon.colcon_core.package_identification:_identify(.) by extension 'colcon_meta'
[0.154s] Level 1:colcon.colcon_core.package_identification:_identify(.) by extensions ['ros']
[0.154s] Level 1:colcon.colcon_core.package_identification:_identify(.) by extension 'ros'
[0.171s] Level 1:colcon.colcon_core.package_identification:_identify(.) by extensions ['cmake', 'python']
[0.171s] Level 1:colcon.colcon_core.package_identification:_identify(.) by extension 'cmake'
[0.171s] Level 1:colcon.colcon_core.package_identification:_identify(.) by extension 'python'
[0.171s] Level 1:colcon.colcon_core.package_identification:_identify(.) by extensions ['python_setup_py']
[0.171s] Level 1:colcon.colcon_core.package_identification:_identify(.) by extension 'python_setup_py'
[0.171s] Level 1:colcon.colcon_core.package_identification:_identify(build) by extensions ['ignore', 'ignore_ament_install']
[0.171s] Level 1:colcon.colcon_core.package_identification:_identify(build) by extension 'ignore'
[0.171s] Level 1:colcon.colcon_core.package_identification:_identify(build) ignored
[0.171s] Level 1:colcon.colcon_core.package_identification:_identify(controller_code_niks.py) by extensions ['ignore', 'ignore_ament_install']
[0.171s] Level 1:colcon.colcon_core.package_identification:_identify(controller_code_niks.py) by extension 'ignore'
[0.171s] Level 1:colcon.colcon_core.package_identification:_identify(controller_code_niks.py) by extension 'ignore_ament_install'
[0.171s] Level 1:colcon.colcon_core.package_identification:_identify(controller_code_niks.py) by extensions ['colcon_pkg']
[0.171s] Level 1:colcon.colcon_core.package_identification:_identify(controller_code_niks.py) by extension 'colcon_pkg'
[0.171s] Level 1:colcon.colcon_core.package_identification:_identify(controller_code_niks.py) by extensions ['colcon_meta']
[0.172s] Level 1:colcon.colcon_core.package_identification:_identify(controller_code_niks.py) by extension 'colcon_meta'
[0.172s] Level 1:colcon.colcon_core.package_identification:_identify(controller_code_niks.py) by extensions ['ros']
[0.172s] Level 1:colcon.colcon_core.package_identification:_identify(controller_code_niks.py) by extension 'ros'
[0.172s] Level 1:colcon.colcon_core.package_identification:_identify(controller_code_niks.py) by extensions ['cmake', 'python']
[0.172s] Level 1:colcon.colcon_core.package_identification:_identify(controller_code_niks.py) by extension 'cmake'
[0.172s] Level 1:colcon.colcon_core.package_identification:_identify(controller_code_niks.py) by extension 'python'
[0.172s] Level 1:colcon.colcon_core.package_identification:_identify(controller_code_niks.py) by extensions ['python_setup_py']
[0.172s] Level 1:colcon.colcon_core.package_identification:_identify(controller_code_niks.py) by extension 'python_setup_py'
[0.172s] Level 1:colcon.colcon_core.package_identification:_identify(controller_code_niks.py/vb_pub) by extensions ['ignore', 'ignore_ament_install']
[0.172s] Level 1:colcon.colcon_core.package_identification:_identify(controller_code_niks.py/vb_pub) by extension 'ignore'
[0.172s] Level 1:colcon.colcon_core.package_identification:_identify(controller_code_niks.py/vb_pub) by extension 'ignore_ament_install'
[0.172s] Level 1:colcon.colcon_core.package_identification:_identify(controller_code_niks.py/vb_pub) by extensions ['colcon_pkg']
[0.172s] Level 1:colcon.colcon_core.package_identification:_identify(controller_code_niks.py/vb_pub) by extension 'colcon_pkg'
[0.172s] Level 1:colcon.colcon_core.package_identification:_identify(controller_code_niks.py/vb_pub) by extensions ['colcon_meta']
[0.172s] Level 1:colcon.colcon_core.package_identification:_identify(controller_code_niks.py/vb_pub) by extension 'colcon_meta'
[0.172s] Level 1:colcon.colcon_core.package_identification:_identify(controller_code_niks.py/vb_pub) by extensions ['ros']
[0.172s] Level 1:colcon.colcon_core.package_identification:_identify(controller_code_niks.py/vb_pub) by extension 'ros'
[0.172s] Level 1:colcon.colcon_core.package_identification:_identify(controller_code_niks.py/vb_pub) by extensions ['cmake', 'python']
[0.172s] Level 1:colcon.colcon_core.package_identification:_identify(controller_code_niks.py/vb_pub) by extension 'cmake'
[0.172s] Level 1:colcon.colcon_core.package_identification:_identify(controller_code_niks.py/vb_pub) by extension 'python'
[0.172s] Level 1:colcon.colcon_core.package_identification:_identify(controller_code_niks.py/vb_pub) by extensions ['python_setup_py']
[0.172s] Level 1:colcon.colcon_core.package_identification:_identify(controller_code_niks.py/vb_pub) by extension 'python_setup_py'
[0.172s] Level 1:colcon.colcon_core.package_identification:_identify(frs_interfaces) by extensions ['ignore', 'ignore_ament_install']
[0.172s] Level 1:colcon.colcon_core.package_identification:_identify(frs_interfaces) by extension 'ignore'
[0.172s] Level 1:colcon.colcon_core.package_identification:_identify(frs_interfaces) by extension 'ignore_ament_install'
[0.172s] Level 1:colcon.colcon_core.package_identification:_identify(frs_interfaces) by extensions ['colcon_pkg']
[0.172s] Level 1:colcon.colcon_core.package_identification:_identify(frs_interfaces) by extension 'colcon_pkg'
[0.172s] Level 1:colcon.colcon_core.package_identification:_identify(frs_interfaces) by extensions ['colcon_meta']
[0.172s] Level 1:colcon.colcon_core.package_identification:_identify(frs_interfaces) by extension 'colcon_meta'
[0.172s] Level 1:colcon.colcon_core.package_identification:_identify(frs_interfaces) by extensions ['ros']
[0.172s] Level 1:colcon.colcon_core.package_identification:_identify(frs_interfaces) by extension 'ros'
[0.175s] DEBUG:colcon.colcon_core.package_identification:Package 'frs_interfaces' with type 'ros.ament_cmake' and name 'frs_interfaces'
[0.176s] Level 1:colcon.colcon_core.package_identification:_identify(install) by extensions ['ignore', 'ignore_ament_install']
[0.176s] Level 1:colcon.colcon_core.package_identification:_identify(install) by extension 'ignore'
[0.176s] Level 1:colcon.colcon_core.package_identification:_identify(install) ignored
[0.176s] Level 1:colcon.colcon_core.package_identification:_identify(log) by extensions ['ignore', 'ignore_ament_install']
[0.176s] Level 1:colcon.colcon_core.package_identification:_identify(log) by extension 'ignore'
[0.176s] Level 1:colcon.colcon_core.package_identification:_identify(log) ignored
[0.176s] Level 1:colcon.colcon_core.package_identification:_identify(vision_node) by extensions ['ignore', 'ignore_ament_install']
[0.176s] Level 1:colcon.colcon_core.package_identification:_identify(vision_node) by extension 'ignore'
[0.176s] Level 1:colcon.colcon_core.package_identification:_identify(vision_node) by extension 'ignore_ament_install'
[0.176s] Level 1:colcon.colcon_core.package_identification:_identify(vision_node) by extensions ['colcon_pkg']
[0.176s] Level 1:colcon.colcon_core.package_identification:_identify(vision_node) by extension 'colcon_pkg'
[0.176s] Level 1:colcon.colcon_core.package_identification:_identify(vision_node) by extensions ['colcon_meta']
[0.176s] Level 1:colcon.colcon_core.package_identification:_identify(vision_node) by extension 'colcon_meta'
[0.176s] Level 1:colcon.colcon_core.package_identification:_identify(vision_node) by extensions ['ros']
[0.176s] Level 1:colcon.colcon_core.package_identification:_identify(vision_node) by extension 'ros'
[0.177s] DEBUG:colcon.colcon_core.package_identification:Package 'vision_node' with type 'ros.ament_python' and name 'vision_node'
[0.177s] Level 1:colcon.colcon_core.package_discovery:discover_packages(recursive) using defaults
[0.177s] Level 1:colcon.colcon_core.package_discovery:discover_packages(ignore) discover
[0.177s] Level 1:colcon.colcon_core.package_discovery:discover_packages(ignore) using defaults
[0.177s] Level 1:colcon.colcon_core.package_discovery:discover_packages(path) discover
[0.177s] Level 1:colcon.colcon_core.package_discovery:discover_packages(path) using defaults
[0.193s] INFO:colcon.colcon_core.package_selection:Skipping not selected package 'vision_node' in 'vision_node'
[0.193s] Level 1:colcon.colcon_core.package_discovery:discover_packages(prefix_path) check parameters
[0.193s] Level 1:colcon.colcon_core.package_discovery:discover_packages(prefix_path) discover
[0.196s] DEBUG:colcon.colcon_installed_package_information.package_discovery:Found 321 installed packages in /opt/ros/jazzy
[0.197s] Level 1:colcon.colcon_core.package_discovery:discover_packages(prefix_path) using defaults
[0.223s] Level 5:colcon.colcon_core.verb:set package 'frs_interfaces' build argument 'cmake_args' from command line to 'None'
[0.223s] Level 5:colcon.colcon_core.verb:set package 'frs_interfaces' build argument 'cmake_target' from command line to 'None'
[0.223s] Level 5:colcon.colcon_core.verb:set package 'frs_interfaces' build argument 'cmake_target_skip_unavailable' from command line to 'False'
[0.223s] Level 5:colcon.colcon_core.verb:set package 'frs_interfaces' build argument 'cmake_clean_cache' from command line to 'False'
[0.223s] Level 5:colcon.colcon_core.verb:set package 'frs_interfaces' build argument 'cmake_clean_first' from command line to 'False'
[0.223s] Level 5:colcon.colcon_core.verb:set package 'frs_interfaces' build argument 'cmake_force_configure' from command line to 'False'
[0.223s] Level 5:colcon.colcon_core.verb:set package 'frs_interfaces' build argument 'ament_cmake_args' from command line to 'None'
[0.223s] Level 5:colcon.colcon_core.verb:set package 'frs_interfaces' build argument 'catkin_cmake_args' from command line to 'None'
[0.223s] Level 5:colcon.colcon_core.verb:set package 'frs_interfaces' build argument 'catkin_skip_building_tests' from command line to 'False'
[0.223s] DEBUG:colcon.colcon_core.verb:Building package 'frs_interfaces' with the following arguments: {'ament_cmake_args': None, 'build_base': '/home/student/Vision/robot_arm_b2/build/frs_interfaces', 'catkin_cmake_args': None, 'catkin_skip_building_tests': False, 'cmake_args': None, 'cmake_clean_cache': False, 'cmake_clean_first': False, 'cmake_force_configure': False, 'cmake_target': None, 'cmake_target_skip_unavailable': False, 'install_base': '/home/student/Vision/robot_arm_b2/install/frs_interfaces', 'merge_install': False, 'path': '/home/student/Vision/robot_arm_b2/frs_interfaces', 'symlink_install': False, 'test_result_base': None}
[0.223s] INFO:colcon.colcon_core.executor:Executing jobs using 'parallel' executor
[0.224s] DEBUG:colcon.colcon_parallel_executor.executor.parallel:run_until_complete
[0.224s] INFO:colcon.colcon_ros.task.ament_cmake.build:Building ROS package in '/home/student/Vision/robot_arm_b2/frs_interfaces' with build type 'ament_cmake'
[0.224s] INFO:colcon.colcon_cmake.task.cmake.build:Building CMake package in '/home/student/Vision/robot_arm_b2/frs_interfaces'
[0.229s] INFO:colcon.colcon_core.plugin_system:Skipping extension 'colcon_core.shell.bat': Not used on non-Windows systems
[0.229s] INFO:colcon.colcon_core.shell:Skip shell extension 'powershell' for command environment: Not usable outside of PowerShell
[0.229s] DEBUG:colcon.colcon_core.shell:Skip shell extension 'dsv' for command environment
[0.238s] DEBUG:colcon.colcon_core.event_handler.log_command:Invoking command in '/home/student/Vision/robot_arm_b2/build/frs_interfaces': CMAKE_PREFIX_PATH=${CMAKE_PREFIX_PATH}:/opt/ros/jazzy DEBUGINFOD_URLS=https://debuginfod.ubuntu.com /usr/bin/cmake --build /home/student/Vision/robot_arm_b2/build/frs_interfaces -- -j4 -l4
[0.598s] DEBUG:colcon.colcon_core.event_handler.log_command:Invoked command in '/home/student/Vision/robot_arm_b2/build/frs_interfaces' returned '0': CMAKE_PREFIX_PATH=${CMAKE_PREFIX_PATH}:/opt/ros/jazzy DEBUGINFOD_URLS=https://debuginfod.ubuntu.com /usr/bin/cmake --build /home/student/Vision/robot_arm_b2/build/frs_interfaces -- -j4 -l4
[0.614s] DEBUG:colcon.colcon_core.event_handler.log_command:Invoking command in '/home/student/Vision/robot_arm_b2/build/frs_interfaces': CMAKE_PREFIX_PATH=${CMAKE_PREFIX_PATH}:/opt/ros/jazzy DEBUGINFOD_URLS=https://debuginfod.ubuntu.com /usr/bin/cmake --install /home/student/Vision/robot_arm_b2/build/frs_interfaces
[0.745s] Level 1:colcon.colcon_core.environment:create_environment_scripts_only(frs_interfaces)
[0.745s] DEBUG:colcon.colcon_core.event_handler.log_command:Invoked command in '/home/student/Vision/robot_arm_b2/build/frs_interfaces' returned '0': CMAKE_PREFIX_PATH=${CMAKE_PREFIX_PATH}:/opt/ros/jazzy DEBUGINFOD_URLS=https://debuginfod.ubuntu.com /usr/bin/cmake --install /home/student/Vision/robot_arm_b2/build/frs_interfaces
[0.750s] Level 1:colcon.colcon_core.environment:checking '/home/student/Vision/robot_arm_b2/install/frs_interfaces' for CMake module files
[0.751s] Level 1:colcon.colcon_core.environment:checking '/home/student/Vision/robot_arm_b2/install/frs_interfaces' for CMake config files
[0.753s] Level 1:colcon.colcon_core.shell:create_environment_hook('frs_interfaces', 'cmake_prefix_path')
[0.753s] INFO:colcon.colcon_core.shell:Creating environment hook '/home/student/Vision/robot_arm_b2/install/frs_interfaces/share/frs_interfaces/hook/cmake_prefix_path.ps1'
[0.753s] INFO:colcon.colcon_core.shell:Creating environment descriptor '/home/student/Vision/robot_arm_b2/install/frs_interfaces/share/frs_interfaces/hook/cmake_prefix_path.dsv'
[0.754s] INFO:colcon.colcon_core.shell:Creating environment hook '/home/student/Vision/robot_arm_b2/install/frs_interfaces/share/frs_interfaces/hook/cmake_prefix_path.sh'
[0.754s] Level 1:colcon.colcon_core.environment:checking '/home/student/Vision/robot_arm_b2/install/frs_interfaces/lib'
[0.754s] Level 1:colcon.colcon_core.shell:create_environment_hook('frs_interfaces', 'ld_library_path_lib')
[0.754s] INFO:colcon.colcon_core.shell:Creating environment hook '/home/student/Vision/robot_arm_b2/install/frs_interfaces/share/frs_interfaces/hook/ld_library_path_lib.ps1'
[0.755s] INFO:colcon.colcon_core.shell:Creating environment descriptor '/home/student/Vision/robot_arm_b2/install/frs_interfaces/share/frs_interfaces/hook/ld_library_path_lib.dsv'
[0.755s] INFO:colcon.colcon_core.shell:Creating environment hook '/home/student/Vision/robot_arm_b2/install/frs_interfaces/share/frs_interfaces/hook/ld_library_path_lib.sh'
[0.756s] Level 1:colcon.colcon_core.environment:checking '/home/student/Vision/robot_arm_b2/install/frs_interfaces/bin'
[0.756s] Level 1:colcon.colcon_core.environment:checking '/home/student/Vision/robot_arm_b2/install/frs_interfaces/lib/pkgconfig/frs_interfaces.pc'
[0.756s] Level 1:colcon.colcon_core.environment:checking '/home/student/Vision/robot_arm_b2/install/frs_interfaces/lib/python3.12/site-packages'
[0.756s] Level 1:colcon.colcon_core.shell:create_environment_hook('frs_interfaces', 'pythonpath')
[0.756s] INFO:colcon.colcon_core.shell:Creating environment hook '/home/student/Vision/robot_arm_b2/install/frs_interfaces/share/frs_interfaces/hook/pythonpath.ps1'
[0.757s] INFO:colcon.colcon_core.shell:Creating environment descriptor '/home/student/Vision/robot_arm_b2/install/frs_interfaces/share/frs_interfaces/hook/pythonpath.dsv'
[0.757s] INFO:colcon.colcon_core.shell:Creating environment hook '/home/student/Vision/robot_arm_b2/install/frs_interfaces/share/frs_interfaces/hook/pythonpath.sh'
[0.757s] Level 1:colcon.colcon_core.environment:checking '/home/student/Vision/robot_arm_b2/install/frs_interfaces/bin'
[0.758s] INFO:colcon.colcon_core.shell:Creating package script '/home/student/Vision/robot_arm_b2/install/frs_interfaces/share/frs_interfaces/package.ps1'
[0.759s] INFO:colcon.colcon_core.shell:Creating package descriptor '/home/student/Vision/robot_arm_b2/install/frs_interfaces/share/frs_interfaces/package.dsv'
[0.760s] INFO:colcon.colcon_core.shell:Creating package script '/home/student/Vision/robot_arm_b2/install/frs_interfaces/share/frs_interfaces/package.sh'
[0.761s] INFO:colcon.colcon_core.shell:Creating package script '/home/student/Vision/robot_arm_b2/install/frs_interfaces/share/frs_interfaces/package.bash'
[0.762s] INFO:colcon.colcon_core.shell:Creating package script '/home/student/Vision/robot_arm_b2/install/frs_interfaces/share/frs_interfaces/package.zsh'
[0.763s] Level 1:colcon.colcon_core.environment:create_file_with_runtime_dependencies(/home/student/Vision/robot_arm_b2/install/frs_interfaces/share/colcon-core/packages/frs_interfaces)
[0.763s] Level 1:colcon.colcon_core.environment:create_environment_scripts_only(frs_interfaces)
[0.764s] Level 1:colcon.colcon_core.environment:checking '/home/student/Vision/robot_arm_b2/install/frs_interfaces' for CMake module files
[0.764s] Level 1:colcon.colcon_core.environment:checking '/home/student/Vision/robot_arm_b2/install/frs_interfaces' for CMake config files
[0.764s] Level 1:colcon.colcon_core.shell:create_environment_hook('frs_interfaces', 'cmake_prefix_path')
[0.764s] INFO:colcon.colcon_core.shell:Creating environment hook '/home/student/Vision/robot_arm_b2/install/frs_interfaces/share/frs_interfaces/hook/cmake_prefix_path.ps1'
[0.765s] INFO:colcon.colcon_core.shell:Creating environment descriptor '/home/student/Vision/robot_arm_b2/install/frs_interfaces/share/frs_interfaces/hook/cmake_prefix_path.dsv'
[0.766s] INFO:colcon.colcon_core.shell:Creating environment hook '/home/student/Vision/robot_arm_b2/install/frs_interfaces/share/frs_interfaces/hook/cmake_prefix_path.sh'
[0.766s] Level 1:colcon.colcon_core.environment:checking '/home/student/Vision/robot_arm_b2/install/frs_interfaces/lib'
[0.766s] Level 1:colcon.colcon_core.shell:create_environment_hook('frs_interfaces', 'ld_library_path_lib')
[0.766s] INFO:colcon.colcon_core.shell:Creating environment hook '/home/student/Vision/robot_arm_b2/install/frs_interfaces/share/frs_interfaces/hook/ld_library_path_lib.ps1'
[0.767s] INFO:colcon.colcon_core.shell:Creating environment descriptor '/home/student/Vision/robot_arm_b2/install/frs_interfaces/share/frs_interfaces/hook/ld_library_path_lib.dsv'
[0.767s] INFO:colcon.colcon_core.shell:Creating environment hook '/home/student/Vision/robot_arm_b2/install/frs_interfaces/share/frs_interfaces/hook/ld_library_path_lib.sh'
[0.768s] Level 1:colcon.colcon_core.environment:checking '/home/student/Vision/robot_arm_b2/install/frs_interfaces/bin'
[0.768s] Level 1:colcon.colcon_core.environment:checking '/home/student/Vision/robot_arm_b2/install/frs_interfaces/lib/pkgconfig/frs_interfaces.pc'
[0.768s] Level 1:colcon.colcon_core.environment:checking '/home/student/Vision/robot_arm_b2/install/frs_interfaces/lib/python3.12/site-packages'
[0.768s] Level 1:colcon.colcon_core.shell:create_environment_hook('frs_interfaces', 'pythonpath')
[0.768s] INFO:colcon.colcon_core.shell:Creating environment hook '/home/student/Vision/robot_arm_b2/install/frs_interfaces/share/frs_interfaces/hook/pythonpath.ps1'
[0.769s] INFO:colcon.colcon_core.shell:Creating environment descriptor '/home/student/Vision/robot_arm_b2/install/frs_interfaces/share/frs_interfaces/hook/pythonpath.dsv'
[0.769s] INFO:colcon.colcon_core.shell:Creating environment hook '/home/student/Vision/robot_arm_b2/install/frs_interfaces/share/frs_interfaces/hook/pythonpath.sh'
[0.770s] Level 1:colcon.colcon_core.environment:checking '/home/student/Vision/robot_arm_b2/install/frs_interfaces/bin'
[0.770s] INFO:colcon.colcon_core.shell:Creating package script '/home/student/Vision/robot_arm_b2/install/frs_interfaces/share/frs_interfaces/package.ps1'
[0.771s] INFO:colcon.colcon_core.shell:Creating package descriptor '/home/student/Vision/robot_arm_b2/install/frs_interfaces/share/frs_interfaces/package.dsv'
[0.771s] INFO:colcon.colcon_core.shell:Creating package script '/home/student/Vision/robot_arm_b2/install/frs_interfaces/share/frs_interfaces/package.sh'
[0.772s] INFO:colcon.colcon_core.shell:Creating package script '/home/student/Vision/robot_arm_b2/install/frs_interfaces/share/frs_interfaces/package.bash'
[0.772s] INFO:colcon.colcon_core.shell:Creating package script '/home/student/Vision/robot_arm_b2/install/frs_interfaces/share/frs_interfaces/package.zsh'
[0.773s] Level 1:colcon.colcon_core.environment:create_file_with_runtime_dependencies(/home/student/Vision/robot_arm_b2/install/frs_interfaces/share/colcon-core/packages/frs_interfaces)
[0.773s] DEBUG:colcon.colcon_parallel_executor.executor.parallel:closing loop
[0.773s] DEBUG:colcon.colcon_parallel_executor.executor.parallel:loop closed
[0.773s] DEBUG:colcon.colcon_parallel_executor.executor.parallel:run_until_complete finished with '0'
[0.773s] DEBUG:colcon.colcon_core.event_reactor:joining thread
[0.782s] INFO:colcon.colcon_core.plugin_system:Skipping extension 'colcon_notification.desktop_notification.terminal_notifier': Not used on non-Darwin systems
[0.782s] INFO:colcon.colcon_core.plugin_system:Skipping extension 'colcon_notification.desktop_notification.win32': Not used on non-Windows systems
[0.782s] INFO:colcon.colcon_notification.desktop_notification:Sending desktop notification using 'notify2'
[0.795s] DEBUG:colcon.colcon_core.event_reactor:joined thread
[0.796s] INFO:colcon.colcon_core.shell:Creating prefix script '/home/student/Vision/robot_arm_b2/install/local_setup.ps1'
[0.798s] INFO:colcon.colcon_core.shell:Creating prefix util module '/home/student/Vision/robot_arm_b2/install/_local_setup_util_ps1.py'
[0.799s] INFO:colcon.colcon_core.shell:Creating prefix chain script '/home/student/Vision/robot_arm_b2/install/setup.ps1'
[0.800s] INFO:colcon.colcon_core.shell:Creating prefix script '/home/student/Vision/robot_arm_b2/install/local_setup.sh'
[0.801s] INFO:colcon.colcon_core.shell:Creating prefix util module '/home/student/Vision/robot_arm_b2/install/_local_setup_util_sh.py'
[0.802s] INFO:colcon.colcon_core.shell:Creating prefix chain script '/home/student/Vision/robot_arm_b2/install/setup.sh'
[0.804s] INFO:colcon.colcon_core.shell:Creating prefix script '/home/student/Vision/robot_arm_b2/install/local_setup.bash'
[0.804s] INFO:colcon.colcon_core.shell:Creating prefix chain script '/home/student/Vision/robot_arm_b2/install/setup.bash'
[0.805s] INFO:colcon.colcon_core.shell:Creating prefix script '/home/student/Vision/robot_arm_b2/install/local_setup.zsh'
[0.806s] INFO:colcon.colcon_core.shell:Creating prefix chain script '/home/student/Vision/robot_arm_b2/install/setup.zsh'
