[0.017s] Invoking command in '/home/student/Vision/robot_arm_b2/build/frs_interfaces': CMAKE_PREFIX_PATH=${CMAKE_PREFIX_PATH}:/home/student/Vision/robot_arm_b2/install/vision_node:/opt/ros/jazzy DEBUGINFOD_URLS=https://debuginfod.ubuntu.com /usr/bin/cmake --build /home/student/Vision/robot_arm_b2/build/frs_interfaces -- -j4 -l4
[0.179s] -- Found ament_cmake: 2.5.4 (/opt/ros/jazzy/share/ament_cmake/cmake)
[0.211s] -- Found Python3: /usr/bin/python3 (found version "3.12.3") found components: Interpreter 
[0.305s] -- Found rosidl_default_generators: 1.6.0 (/opt/ros/jazzy/share/rosidl_default_generators/cmake)
[0.312s] -- Using all available rosidl_typesupport_c: rosidl_typesupport_fastrtps_c;rosidl_typesupport_introspection_c
[0.374s] -- Using all available rosidl_typesupport_cpp: rosidl_typesupport_fastrtps_cpp;rosidl_typesupport_introspection_cpp
[0.415s] -- Found rosidl_adapter: 4.6.6 (/opt/ros/jazzy/share/rosidl_adapter/cmake)
[0.606s] -- Found ament_cmake_ros: 0.12.0 (/opt/ros/jazzy/share/ament_cmake_ros/cmake)
[0.686s] -- Using all available rosidl_typesupport_c: rosidl_typesupport_fastrtps_c;rosidl_typesupport_introspection_c
[0.796s] -- Using all available rosidl_typesupport_cpp: rosidl_typesupport_fastrtps_cpp;rosidl_typesupport_introspection_cpp
[0.798s] -- Found python_cmake_module: 0.11.1 (/opt/ros/jazzy/share/python_cmake_module/cmake)
[1.082s] -- Found Python3: /usr/bin/python3 (found version "3.12.3") found components: Interpreter Development NumPy Development.Module Development.Embed 
[1.112s] -- Configuring done (0.9s)
[1.180s] -- Generating done (0.1s)
[1.193s] -- Build files have been written to: /home/student/Vision/robot_arm_b2/build/frs_interfaces
[1.238s] [  2%] [34m[1mGenerating type hashes for ROS interfaces[0m
[1.252s] [  2%] Built target ament_cmake_python_copy_frs_interfaces
[1.367s] [  2%] Built target frs_interfaces__rosidl_generator_type_description
[1.381s] [  5%] [34m[1mGenerating C code for ROS interfaces[0m
[1.395s] [  8%] [34m[1mGenerating C++ code for ROS interfaces[0m
[1.398s] running egg_info
[1.410s] writing frs_interfaces.egg-info/PKG-INFO
[1.410s] writing dependency_links to frs_interfaces.egg-info/dependency_links.txt
[1.410s] writing top-level names to frs_interfaces.egg-info/top_level.txt
[1.444s] reading manifest file 'frs_interfaces.egg-info/SOURCES.txt'
[1.445s] writing manifest file 'frs_interfaces.egg-info/SOURCES.txt'
[1.470s] [  8%] Built target ament_cmake_python_build_frs_interfaces_egg
[1.568s] [  8%] Built target frs_interfaces__cpp
[1.601s] [ 11%] [32mBuilding C object CMakeFiles/frs_interfaces__rosidl_generator_c.dir/rosidl_generator_c/frs_interfaces/msg/detail/detectie_resultaat__type_support.c.o[0m
[1.601s] [ 14%] [32mBuilding C object CMakeFiles/frs_interfaces__rosidl_generator_c.dir/rosidl_generator_c/frs_interfaces/msg/detail/detectie_resultaat__description.c.o[0m
[1.601s] [ 17%] [32mBuilding C object CMakeFiles/frs_interfaces__rosidl_generator_c.dir/rosidl_generator_c/frs_interfaces/msg/detail/detectie_resultaat__functions.c.o[0m
[1.767s] [ 20%] [32m[1mLinking C shared library libfrs_interfaces__rosidl_generator_c.so[0m
[1.819s] [ 20%] Built target frs_interfaces__rosidl_generator_c
[1.835s] [ 29%] [34m[1mGenerating C++ type support dispatch for ROS interfaces[0m
[1.835s] [ 29%] [34m[1mGenerating C++ introspection for ROS interfaces[0m
[1.835s] [ 29%] [34m[1mGenerating C++ type support for eProsima Fast-RTPS[0m
[1.835s] [ 32%] [34m[1mGenerating C type support for eProsima Fast-RTPS[0m
[1.994s] [ 35%] [32mBuilding CXX object CMakeFiles/frs_interfaces__rosidl_typesupport_cpp.dir/rosidl_typesupport_cpp/frs_interfaces/msg/detectie_resultaat__type_support.cpp.o[0m
[2.003s] [ 38%] [32mBuilding CXX object CMakeFiles/frs_interfaces__rosidl_typesupport_introspection_cpp.dir/rosidl_typesupport_introspection_cpp/frs_interfaces/msg/detail/detectie_resultaat__type_support.cpp.o[0m
[2.023s] [ 41%] [32mBuilding CXX object CMakeFiles/frs_interfaces__rosidl_typesupport_fastrtps_c.dir/rosidl_typesupport_fastrtps_c/frs_interfaces/msg/detail/detectie_resultaat__type_support_c.cpp.o[0m
[2.025s] [ 44%] [32mBuilding CXX object CMakeFiles/frs_interfaces__rosidl_typesupport_fastrtps_cpp.dir/rosidl_typesupport_fastrtps_cpp/frs_interfaces/msg/detail/dds_fastrtps/detectie_resultaat__type_support.cpp.o[0m
[2.294s] [ 47%] [32m[1mLinking CXX shared library libfrs_interfaces__rosidl_typesupport_cpp.so[0m
[2.298s] [ 50%] [32m[1mLinking CXX shared library libfrs_interfaces__rosidl_typesupport_introspection_cpp.so[0m
[2.344s] [ 50%] Built target frs_interfaces__rosidl_typesupport_cpp
[2.357s] [ 52%] [34m[1mGenerating C introspection for ROS interfaces[0m
[2.359s] [ 52%] Built target frs_interfaces__rosidl_typesupport_introspection_cpp
[2.370s] [ 55%] [34m[1mGenerating C type support dispatch for ROS interfaces[0m
[2.400s] [ 58%] [32m[1mLinking CXX shared library libfrs_interfaces__rosidl_typesupport_fastrtps_c.so[0m
[2.402s] [ 61%] [32m[1mLinking CXX shared library libfrs_interfaces__rosidl_typesupport_fastrtps_cpp.so[0m
[2.467s] [ 61%] Built target frs_interfaces__rosidl_typesupport_fastrtps_c
[2.481s] [ 61%] Built target frs_interfaces__rosidl_typesupport_fastrtps_cpp
[2.534s] [ 64%] [32mBuilding C object CMakeFiles/frs_interfaces__rosidl_typesupport_introspection_c.dir/rosidl_typesupport_introspection_c/frs_interfaces/msg/detail/detectie_resultaat__type_support.c.o[0m
[2.547s] [ 67%] [32mBuilding CXX object CMakeFiles/frs_interfaces__rosidl_typesupport_c.dir/rosidl_typesupport_c/frs_interfaces/msg/detectie_resultaat__type_support.cpp.o[0m
[2.570s] [ 70%] [32m[1mLinking C shared library libfrs_interfaces__rosidl_typesupport_introspection_c.so[0m
[2.585s] [ 73%] [32m[1mLinking CXX shared library libfrs_interfaces__rosidl_typesupport_c.so[0m
[2.602s] [ 73%] Built target frs_interfaces__rosidl_typesupport_introspection_c
[2.626s] [ 73%] Built target frs_interfaces__rosidl_typesupport_c
[2.648s] [ 73%] Built target frs_interfaces
[2.671s] [ 76%] [34m[1mGenerating Python code for ROS interfaces[0m
[2.927s] [ 76%] Built target frs_interfaces__py
[2.964s] [ 79%] [32mBuilding C object CMakeFiles/frs_interfaces__rosidl_generator_py.dir/rosidl_generator_py/frs_interfaces/msg/_detectie_resultaat_s.c.o[0m
[3.128s] [ 82%] [32m[1mLinking C shared library libfrs_interfaces__rosidl_generator_py.so[0m
[3.168s] [ 82%] Built target frs_interfaces__rosidl_generator_py
[3.193s] [ 88%] [32mBuilding C object CMakeFiles/frs_interfaces_s__rosidl_typesupport_fastrtps_c.dir/rosidl_generator_py/frs_interfaces/_frs_interfaces_s.ep.rosidl_typesupport_fastrtps_c.c.o[0m
[3.194s] [ 88%] [32mBuilding C object CMakeFiles/frs_interfaces_s__rosidl_typesupport_c.dir/rosidl_generator_py/frs_interfaces/_frs_interfaces_s.ep.rosidl_typesupport_c.c.o[0m
[3.194s] [ 91%] [32mBuilding C object CMakeFiles/frs_interfaces_s__rosidl_typesupport_introspection_c.dir/rosidl_generator_py/frs_interfaces/_frs_interfaces_s.ep.rosidl_typesupport_introspection_c.c.o[0m
[3.275s] [100%] [32m[1mLinking C shared module rosidl_generator_py/frs_interfaces/frs_interfaces_s__rosidl_typesupport_c.so[0m
[3.275s] [100%] [32m[1mLinking C shared module rosidl_generator_py/frs_interfaces/frs_interfaces_s__rosidl_typesupport_introspection_c.so[0m
[3.275s] [100%] [32m[1mLinking C shared module rosidl_generator_py/frs_interfaces/frs_interfaces_s__rosidl_typesupport_fastrtps_c.so[0m
[3.307s] [100%] Built target frs_interfaces_s__rosidl_typesupport_fastrtps_c
[3.307s] [100%] Built target frs_interfaces_s__rosidl_typesupport_c
[3.308s] [100%] Built target frs_interfaces_s__rosidl_typesupport_introspection_c
[3.320s] Invoked command in '/home/student/Vision/robot_arm_b2/build/frs_interfaces' returned '0': CMAKE_PREFIX_PATH=${CMAKE_PREFIX_PATH}:/home/student/Vision/robot_arm_b2/install/vision_node:/opt/ros/jazzy DEBUGINFOD_URLS=https://debuginfod.ubuntu.com /usr/bin/cmake --build /home/student/Vision/robot_arm_b2/build/frs_interfaces -- -j4 -l4
[3.331s] Invoking command in '/home/student/Vision/robot_arm_b2/build/frs_interfaces': CMAKE_PREFIX_PATH=${CMAKE_PREFIX_PATH}:/home/student/Vision/robot_arm_b2/install/vision_node:/opt/ros/jazzy DEBUGINFOD_URLS=https://debuginfod.ubuntu.com /usr/bin/cmake --install /home/student/Vision/robot_arm_b2/build/frs_interfaces
[3.342s] -- Install configuration: ""
[3.342s] -- Up-to-date: /home/student/Vision/robot_arm_b2/install/frs_interfaces/share/ament_index/resource_index/rosidl_interfaces/frs_interfaces
[3.342s] -- Installing: /home/student/Vision/robot_arm_b2/install/frs_interfaces/share/frs_interfaces/msg/DetectieResultaat.json
[3.342s] -- Up-to-date: /home/student/Vision/robot_arm_b2/install/frs_interfaces/include/frs_interfaces/frs_interfaces
[3.342s] -- Up-to-date: /home/student/Vision/robot_arm_b2/install/frs_interfaces/include/frs_interfaces/frs_interfaces/msg
[3.342s] -- Up-to-date: /home/student/Vision/robot_arm_b2/install/frs_interfaces/include/frs_interfaces/frs_interfaces/msg/detail
[3.342s] -- Installing: /home/student/Vision/robot_arm_b2/install/frs_interfaces/include/frs_interfaces/frs_interfaces/msg/detail/detectie_resultaat__type_support.h
[3.342s] -- Installing: /home/student/Vision/robot_arm_b2/install/frs_interfaces/include/frs_interfaces/frs_interfaces/msg/detail/detectie_resultaat__struct.h
[3.342s] -- Installing: /home/student/Vision/robot_arm_b2/install/frs_interfaces/include/frs_interfaces/frs_interfaces/msg/detail/detectie_resultaat__functions.h
[3.342s] -- Installing: /home/student/Vision/robot_arm_b2/install/frs_interfaces/include/frs_interfaces/frs_interfaces/msg/detail/detectie_resultaat__functions.c
[3.344s] -- Installing: /home/student/Vision/robot_arm_b2/install/frs_interfaces/include/frs_interfaces/frs_interfaces/msg/detail/detectie_resultaat__description.c
[3.344s] -- Installing: /home/student/Vision/robot_arm_b2/install/frs_interfaces/include/frs_interfaces/frs_interfaces/msg/detail/detectie_resultaat__type_support.c
[3.344s] -- Installing: /home/student/Vision/robot_arm_b2/install/frs_interfaces/include/frs_interfaces/frs_interfaces/msg/detectie_resultaat.h
[3.344s] -- Up-to-date: /home/student/Vision/robot_arm_b2/install/frs_interfaces/include/frs_interfaces/frs_interfaces/msg/rosidl_generator_c__visibility_control.h
[3.344s] -- Up-to-date: /home/student/Vision/robot_arm_b2/install/frs_interfaces/share/frs_interfaces/environment/library_path.sh
[3.344s] -- Up-to-date: /home/student/Vision/robot_arm_b2/install/frs_interfaces/share/frs_interfaces/environment/library_path.dsv
[3.344s] -- Installing: /home/student/Vision/robot_arm_b2/install/frs_interfaces/lib/libfrs_interfaces__rosidl_generator_c.so
[3.344s] -- Set non-toolchain portion of runtime path of "/home/student/Vision/robot_arm_b2/install/frs_interfaces/lib/libfrs_interfaces__rosidl_generator_c.so" to ""
[3.344s] -- Up-to-date: /home/student/Vision/robot_arm_b2/install/frs_interfaces/include/frs_interfaces/frs_interfaces
[3.344s] -- Up-to-date: /home/student/Vision/robot_arm_b2/install/frs_interfaces/include/frs_interfaces/frs_interfaces/msg
[3.344s] -- Up-to-date: /home/student/Vision/robot_arm_b2/install/frs_interfaces/include/frs_interfaces/frs_interfaces/msg/detail
[3.344s] -- Installing: /home/student/Vision/robot_arm_b2/install/frs_interfaces/include/frs_interfaces/frs_interfaces/msg/detail/detectie_resultaat__rosidl_typesupport_fastrtps_c.h
[3.344s] -- Up-to-date: /home/student/Vision/robot_arm_b2/install/frs_interfaces/include/frs_interfaces/frs_interfaces/msg/rosidl_typesupport_fastrtps_c__visibility_control.h
[3.344s] -- Installing: /home/student/Vision/robot_arm_b2/install/frs_interfaces/lib/libfrs_interfaces__rosidl_typesupport_fastrtps_c.so
[3.344s] -- Set non-toolchain portion of runtime path of "/home/student/Vision/robot_arm_b2/install/frs_interfaces/lib/libfrs_interfaces__rosidl_typesupport_fastrtps_c.so" to ""
[3.344s] -- Up-to-date: /home/student/Vision/robot_arm_b2/install/frs_interfaces/include/frs_interfaces/frs_interfaces
[3.344s] -- Up-to-date: /home/student/Vision/robot_arm_b2/install/frs_interfaces/include/frs_interfaces/frs_interfaces/msg
[3.345s] -- Up-to-date: /home/student/Vision/robot_arm_b2/install/frs_interfaces/include/frs_interfaces/frs_interfaces/msg/detail
[3.345s] -- Installing: /home/student/Vision/robot_arm_b2/install/frs_interfaces/include/frs_interfaces/frs_interfaces/msg/detail/detectie_resultaat__rosidl_typesupport_introspection_c.h
[3.345s] -- Installing: /home/student/Vision/robot_arm_b2/install/frs_interfaces/include/frs_interfaces/frs_interfaces/msg/detail/detectie_resultaat__type_support.c
[3.345s] -- Up-to-date: /home/student/Vision/robot_arm_b2/install/frs_interfaces/include/frs_interfaces/frs_interfaces/msg/rosidl_typesupport_introspection_c__visibility_control.h
[3.345s] -- Installing: /home/student/Vision/robot_arm_b2/install/frs_interfaces/lib/libfrs_interfaces__rosidl_typesupport_introspection_c.so
[3.347s] -- Set non-toolchain portion of runtime path of "/home/student/Vision/robot_arm_b2/install/frs_interfaces/lib/libfrs_interfaces__rosidl_typesupport_introspection_c.so" to ""
[3.347s] -- Installing: /home/student/Vision/robot_arm_b2/install/frs_interfaces/lib/libfrs_interfaces__rosidl_typesupport_c.so
[3.347s] -- Set non-toolchain portion of runtime path of "/home/student/Vision/robot_arm_b2/install/frs_interfaces/lib/libfrs_interfaces__rosidl_typesupport_c.so" to ""
[3.347s] -- Up-to-date: /home/student/Vision/robot_arm_b2/install/frs_interfaces/include/frs_interfaces/frs_interfaces
[3.347s] -- Up-to-date: /home/student/Vision/robot_arm_b2/install/frs_interfaces/include/frs_interfaces/frs_interfaces/msg
[3.347s] -- Up-to-date: /home/student/Vision/robot_arm_b2/install/frs_interfaces/include/frs_interfaces/frs_interfaces/msg/detail
[3.347s] -- Installing: /home/student/Vision/robot_arm_b2/install/frs_interfaces/include/frs_interfaces/frs_interfaces/msg/detail/detectie_resultaat__builder.hpp
[3.347s] -- Installing: /home/student/Vision/robot_arm_b2/install/frs_interfaces/include/frs_interfaces/frs_interfaces/msg/detail/detectie_resultaat__type_support.hpp
[3.347s] -- Installing: /home/student/Vision/robot_arm_b2/install/frs_interfaces/include/frs_interfaces/frs_interfaces/msg/detail/detectie_resultaat__traits.hpp
[3.347s] -- Installing: /home/student/Vision/robot_arm_b2/install/frs_interfaces/include/frs_interfaces/frs_interfaces/msg/detail/detectie_resultaat__struct.hpp
[3.347s] -- Installing: /home/student/Vision/robot_arm_b2/install/frs_interfaces/include/frs_interfaces/frs_interfaces/msg/rosidl_generator_cpp__visibility_control.hpp
[3.347s] -- Installing: /home/student/Vision/robot_arm_b2/install/frs_interfaces/include/frs_interfaces/frs_interfaces/msg/detectie_resultaat.hpp
[3.347s] -- Up-to-date: /home/student/Vision/robot_arm_b2/install/frs_interfaces/include/frs_interfaces/frs_interfaces
[3.347s] -- Up-to-date: /home/student/Vision/robot_arm_b2/install/frs_interfaces/include/frs_interfaces/frs_interfaces/msg
[3.347s] -- Up-to-date: /home/student/Vision/robot_arm_b2/install/frs_interfaces/include/frs_interfaces/frs_interfaces/msg/detail
[3.347s] -- Up-to-date: /home/student/Vision/robot_arm_b2/install/frs_interfaces/include/frs_interfaces/frs_interfaces/msg/detail/dds_fastrtps
[3.347s] -- Installing: /home/student/Vision/robot_arm_b2/install/frs_interfaces/include/frs_interfaces/frs_interfaces/msg/detail/detectie_resultaat__rosidl_typesupport_fastrtps_cpp.hpp
[3.347s] -- Up-to-date: /home/student/Vision/robot_arm_b2/install/frs_interfaces/include/frs_interfaces/frs_interfaces/msg/rosidl_typesupport_fastrtps_cpp__visibility_control.h
[3.348s] -- Installing: /home/student/Vision/robot_arm_b2/install/frs_interfaces/lib/libfrs_interfaces__rosidl_typesupport_fastrtps_cpp.so
[3.349s] -- Set non-toolchain portion of runtime path of "/home/student/Vision/robot_arm_b2/install/frs_interfaces/lib/libfrs_interfaces__rosidl_typesupport_fastrtps_cpp.so" to ""
[3.349s] -- Up-to-date: /home/student/Vision/robot_arm_b2/install/frs_interfaces/include/frs_interfaces/frs_interfaces
[3.349s] -- Up-to-date: /home/student/Vision/robot_arm_b2/install/frs_interfaces/include/frs_interfaces/frs_interfaces/msg
[3.349s] -- Up-to-date: /home/student/Vision/robot_arm_b2/install/frs_interfaces/include/frs_interfaces/frs_interfaces/msg/detail
[3.349s] -- Installing: /home/student/Vision/robot_arm_b2/install/frs_interfaces/include/frs_interfaces/frs_interfaces/msg/detail/detectie_resultaat__rosidl_typesupport_introspection_cpp.hpp
[3.349s] -- Installing: /home/student/Vision/robot_arm_b2/install/frs_interfaces/include/frs_interfaces/frs_interfaces/msg/detail/detectie_resultaat__type_support.cpp
[3.350s] -- Installing: /home/student/Vision/robot_arm_b2/install/frs_interfaces/lib/libfrs_interfaces__rosidl_typesupport_introspection_cpp.so
[3.350s] -- Set non-toolchain portion of runtime path of "/home/student/Vision/robot_arm_b2/install/frs_interfaces/lib/libfrs_interfaces__rosidl_typesupport_introspection_cpp.so" to ""
[3.351s] -- Installing: /home/student/Vision/robot_arm_b2/install/frs_interfaces/lib/libfrs_interfaces__rosidl_typesupport_cpp.so
[3.351s] -- Set non-toolchain portion of runtime path of "/home/student/Vision/robot_arm_b2/install/frs_interfaces/lib/libfrs_interfaces__rosidl_typesupport_cpp.so" to ""
[3.351s] -- Up-to-date: /home/student/Vision/robot_arm_b2/install/frs_interfaces/share/frs_interfaces/environment/pythonpath.sh
[3.351s] -- Up-to-date: /home/student/Vision/robot_arm_b2/install/frs_interfaces/share/frs_interfaces/environment/pythonpath.dsv
[3.351s] -- Up-to-date: /home/student/Vision/robot_arm_b2/install/frs_interfaces/lib/python3.12/site-packages/frs_interfaces-0.0.0-py3.12.egg-info
[3.351s] -- Installing: /home/student/Vision/robot_arm_b2/install/frs_interfaces/lib/python3.12/site-packages/frs_interfaces-0.0.0-py3.12.egg-info/dependency_links.txt
[3.351s] -- Installing: /home/student/Vision/robot_arm_b2/install/frs_interfaces/lib/python3.12/site-packages/frs_interfaces-0.0.0-py3.12.egg-info/top_level.txt
[3.352s] -- Installing: /home/student/Vision/robot_arm_b2/install/frs_interfaces/lib/python3.12/site-packages/frs_interfaces-0.0.0-py3.12.egg-info/SOURCES.txt
[3.352s] -- Installing: /home/student/Vision/robot_arm_b2/install/frs_interfaces/lib/python3.12/site-packages/frs_interfaces-0.0.0-py3.12.egg-info/PKG-INFO
[3.352s] -- Up-to-date: /home/student/Vision/robot_arm_b2/install/frs_interfaces/lib/python3.12/site-packages/frs_interfaces
[3.352s] -- Installing: /home/student/Vision/robot_arm_b2/install/frs_interfaces/lib/python3.12/site-packages/frs_interfaces/frs_interfaces_s__rosidl_typesupport_fastrtps_c.so
[3.353s] -- Installing: /home/student/Vision/robot_arm_b2/install/frs_interfaces/lib/python3.12/site-packages/frs_interfaces/_frs_interfaces_s.ep.rosidl_typesupport_c.c
[3.353s] -- Installing: /home/student/Vision/robot_arm_b2/install/frs_interfaces/lib/python3.12/site-packages/frs_interfaces/frs_interfaces_s__rosidl_typesupport_c.so
[3.353s] -- Installing: /home/student/Vision/robot_arm_b2/install/frs_interfaces/lib/python3.12/site-packages/frs_interfaces/frs_interfaces_s__rosidl_typesupport_introspection_c.so
[3.353s] -- Installing: /home/student/Vision/robot_arm_b2/install/frs_interfaces/lib/python3.12/site-packages/frs_interfaces/__init__.py
[3.353s] -- Installing: /home/student/Vision/robot_arm_b2/install/frs_interfaces/lib/python3.12/site-packages/frs_interfaces/_frs_interfaces_s.ep.rosidl_typesupport_fastrtps_c.c
[3.353s] -- Installing: /home/student/Vision/robot_arm_b2/install/frs_interfaces/lib/python3.12/site-packages/frs_interfaces/_frs_interfaces_s.ep.rosidl_typesupport_introspection_c.c
[3.353s] -- Up-to-date: /home/student/Vision/robot_arm_b2/install/frs_interfaces/lib/python3.12/site-packages/frs_interfaces/msg
[3.353s] -- Installing: /home/student/Vision/robot_arm_b2/install/frs_interfaces/lib/python3.12/site-packages/frs_interfaces/msg/_detectie_resultaat.py
[3.354s] -- Installing: /home/student/Vision/robot_arm_b2/install/frs_interfaces/lib/python3.12/site-packages/frs_interfaces/msg/_detectie_resultaat_s.c
[3.354s] -- Installing: /home/student/Vision/robot_arm_b2/install/frs_interfaces/lib/python3.12/site-packages/frs_interfaces/msg/__init__.py
[3.383s] Listing '/home/student/Vision/robot_arm_b2/install/frs_interfaces/lib/python3.12/site-packages/frs_interfaces'...
[3.383s] Compiling '/home/student/Vision/robot_arm_b2/install/frs_interfaces/lib/python3.12/site-packages/frs_interfaces/__init__.py'...
[3.383s] Listing '/home/student/Vision/robot_arm_b2/install/frs_interfaces/lib/python3.12/site-packages/frs_interfaces/msg'...
[3.383s] Compiling '/home/student/Vision/robot_arm_b2/install/frs_interfaces/lib/python3.12/site-packages/frs_interfaces/msg/__init__.py'...
[3.383s] Compiling '/home/student/Vision/robot_arm_b2/install/frs_interfaces/lib/python3.12/site-packages/frs_interfaces/msg/_detectie_resultaat.py'...
[3.387s] -- Installing: /home/student/Vision/robot_arm_b2/install/frs_interfaces/lib/python3.12/site-packages/frs_interfaces/frs_interfaces_s__rosidl_typesupport_fastrtps_c.so
[3.388s] -- Set non-toolchain portion of runtime path of "/home/student/Vision/robot_arm_b2/install/frs_interfaces/lib/python3.12/site-packages/frs_interfaces/frs_interfaces_s__rosidl_typesupport_fastrtps_c.so" to ""
[3.388s] -- Installing: /home/student/Vision/robot_arm_b2/install/frs_interfaces/lib/python3.12/site-packages/frs_interfaces/frs_interfaces_s__rosidl_typesupport_introspection_c.so
[3.388s] -- Set non-toolchain portion of runtime path of "/home/student/Vision/robot_arm_b2/install/frs_interfaces/lib/python3.12/site-packages/frs_interfaces/frs_interfaces_s__rosidl_typesupport_introspection_c.so" to ""
[3.388s] -- Installing: /home/student/Vision/robot_arm_b2/install/frs_interfaces/lib/python3.12/site-packages/frs_interfaces/frs_interfaces_s__rosidl_typesupport_c.so
[3.389s] -- Set non-toolchain portion of runtime path of "/home/student/Vision/robot_arm_b2/install/frs_interfaces/lib/python3.12/site-packages/frs_interfaces/frs_interfaces_s__rosidl_typesupport_c.so" to ""
[3.389s] -- Installing: /home/student/Vision/robot_arm_b2/install/frs_interfaces/lib/libfrs_interfaces__rosidl_generator_py.so
[3.389s] -- Set non-toolchain portion of runtime path of "/home/student/Vision/robot_arm_b2/install/frs_interfaces/lib/libfrs_interfaces__rosidl_generator_py.so" to ""
[3.389s] -- Installing: /home/student/Vision/robot_arm_b2/install/frs_interfaces/share/frs_interfaces/msg/DetectieResultaat.idl
[3.389s] -- Installing: /home/student/Vision/robot_arm_b2/install/frs_interfaces/share/frs_interfaces/msg/DetectieResultaat.msg
[3.389s] -- Up-to-date: /home/student/Vision/robot_arm_b2/install/frs_interfaces/share/ament_index/resource_index/package_run_dependencies/frs_interfaces
[3.389s] -- Installing: /home/student/Vision/robot_arm_b2/install/frs_interfaces/share/ament_index/resource_index/parent_prefix_path/frs_interfaces
[3.390s] -- Up-to-date: /home/student/Vision/robot_arm_b2/install/frs_interfaces/share/frs_interfaces/environment/ament_prefix_path.sh
[3.390s] -- Up-to-date: /home/student/Vision/robot_arm_b2/install/frs_interfaces/share/frs_interfaces/environment/ament_prefix_path.dsv
[3.390s] -- Up-to-date: /home/student/Vision/robot_arm_b2/install/frs_interfaces/share/frs_interfaces/environment/path.sh
[3.390s] -- Up-to-date: /home/student/Vision/robot_arm_b2/install/frs_interfaces/share/frs_interfaces/environment/path.dsv
[3.390s] -- Up-to-date: /home/student/Vision/robot_arm_b2/install/frs_interfaces/share/frs_interfaces/local_setup.bash
[3.390s] -- Up-to-date: /home/student/Vision/robot_arm_b2/install/frs_interfaces/share/frs_interfaces/local_setup.sh
[3.390s] -- Up-to-date: /home/student/Vision/robot_arm_b2/install/frs_interfaces/share/frs_interfaces/local_setup.zsh
[3.390s] -- Up-to-date: /home/student/Vision/robot_arm_b2/install/frs_interfaces/share/frs_interfaces/local_setup.dsv
[3.390s] -- Installing: /home/student/Vision/robot_arm_b2/install/frs_interfaces/share/frs_interfaces/package.dsv
[3.390s] -- Up-to-date: /home/student/Vision/robot_arm_b2/install/frs_interfaces/share/ament_index/resource_index/packages/frs_interfaces
[3.391s] -- Up-to-date: /home/student/Vision/robot_arm_b2/install/frs_interfaces/share/frs_interfaces/cmake/export_frs_interfaces__rosidl_generator_cExport.cmake
[3.391s] -- Up-to-date: /home/student/Vision/robot_arm_b2/install/frs_interfaces/share/frs_interfaces/cmake/export_frs_interfaces__rosidl_generator_cExport-noconfig.cmake
[3.391s] -- Up-to-date: /home/student/Vision/robot_arm_b2/install/frs_interfaces/share/frs_interfaces/cmake/export_frs_interfaces__rosidl_typesupport_fastrtps_cExport.cmake
[3.391s] -- Up-to-date: /home/student/Vision/robot_arm_b2/install/frs_interfaces/share/frs_interfaces/cmake/export_frs_interfaces__rosidl_typesupport_fastrtps_cExport-noconfig.cmake
[3.392s] -- Up-to-date: /home/student/Vision/robot_arm_b2/install/frs_interfaces/share/frs_interfaces/cmake/frs_interfaces__rosidl_typesupport_introspection_cExport.cmake
[3.392s] -- Up-to-date: /home/student/Vision/robot_arm_b2/install/frs_interfaces/share/frs_interfaces/cmake/frs_interfaces__rosidl_typesupport_introspection_cExport-noconfig.cmake
[3.392s] -- Up-to-date: /home/student/Vision/robot_arm_b2/install/frs_interfaces/share/frs_interfaces/cmake/frs_interfaces__rosidl_typesupport_cExport.cmake
[3.392s] -- Up-to-date: /home/student/Vision/robot_arm_b2/install/frs_interfaces/share/frs_interfaces/cmake/frs_interfaces__rosidl_typesupport_cExport-noconfig.cmake
[3.393s] -- Up-to-date: /home/student/Vision/robot_arm_b2/install/frs_interfaces/share/frs_interfaces/cmake/export_frs_interfaces__rosidl_generator_cppExport.cmake
[3.393s] -- Up-to-date: /home/student/Vision/robot_arm_b2/install/frs_interfaces/share/frs_interfaces/cmake/export_frs_interfaces__rosidl_typesupport_fastrtps_cppExport.cmake
[3.393s] -- Up-to-date: /home/student/Vision/robot_arm_b2/install/frs_interfaces/share/frs_interfaces/cmake/export_frs_interfaces__rosidl_typesupport_fastrtps_cppExport-noconfig.cmake
[3.394s] -- Up-to-date: /home/student/Vision/robot_arm_b2/install/frs_interfaces/share/frs_interfaces/cmake/frs_interfaces__rosidl_typesupport_introspection_cppExport.cmake
[3.394s] -- Up-to-date: /home/student/Vision/robot_arm_b2/install/frs_interfaces/share/frs_interfaces/cmake/frs_interfaces__rosidl_typesupport_introspection_cppExport-noconfig.cmake
[3.394s] -- Up-to-date: /home/student/Vision/robot_arm_b2/install/frs_interfaces/share/frs_interfaces/cmake/frs_interfaces__rosidl_typesupport_cppExport.cmake
[3.394s] -- Up-to-date: /home/student/Vision/robot_arm_b2/install/frs_interfaces/share/frs_interfaces/cmake/frs_interfaces__rosidl_typesupport_cppExport-noconfig.cmake
[3.395s] -- Up-to-date: /home/student/Vision/robot_arm_b2/install/frs_interfaces/share/frs_interfaces/cmake/export_frs_interfaces__rosidl_generator_pyExport.cmake
[3.395s] -- Up-to-date: /home/student/Vision/robot_arm_b2/install/frs_interfaces/share/frs_interfaces/cmake/export_frs_interfaces__rosidl_generator_pyExport-noconfig.cmake
[3.395s] -- Up-to-date: /home/student/Vision/robot_arm_b2/install/frs_interfaces/share/frs_interfaces/cmake/rosidl_cmake-extras.cmake
[3.395s] -- Up-to-date: /home/student/Vision/robot_arm_b2/install/frs_interfaces/share/frs_interfaces/cmake/ament_cmake_export_include_directories-extras.cmake
[3.395s] -- Up-to-date: /home/student/Vision/robot_arm_b2/install/frs_interfaces/share/frs_interfaces/cmake/ament_cmake_export_libraries-extras.cmake
[3.395s] -- Up-to-date: /home/student/Vision/robot_arm_b2/install/frs_interfaces/share/frs_interfaces/cmake/ament_cmake_export_targets-extras.cmake
[3.395s] -- Up-to-date: /home/student/Vision/robot_arm_b2/install/frs_interfaces/share/frs_interfaces/cmake/rosidl_cmake_export_typesupport_targets-extras.cmake
[3.395s] -- Up-to-date: /home/student/Vision/robot_arm_b2/install/frs_interfaces/share/frs_interfaces/cmake/ament_cmake_export_dependencies-extras.cmake
[3.395s] -- Up-to-date: /home/student/Vision/robot_arm_b2/install/frs_interfaces/share/frs_interfaces/cmake/rosidl_cmake_export_typesupport_libraries-extras.cmake
[3.395s] -- Up-to-date: /home/student/Vision/robot_arm_b2/install/frs_interfaces/share/frs_interfaces/cmake/frs_interfacesConfig.cmake
[3.395s] -- Up-to-date: /home/student/Vision/robot_arm_b2/install/frs_interfaces/share/frs_interfaces/cmake/frs_interfacesConfig-version.cmake
[3.395s] -- Up-to-date: /home/student/Vision/robot_arm_b2/install/frs_interfaces/share/frs_interfaces/package.xml
[3.397s] Invoked command in '/home/student/Vision/robot_arm_b2/build/frs_interfaces' returned '0': CMAKE_PREFIX_PATH=${CMAKE_PREFIX_PATH}:/home/student/Vision/robot_arm_b2/install/vision_node:/opt/ros/jazzy DEBUGINFOD_URLS=https://debuginfod.ubuntu.com /usr/bin/cmake --install /home/student/Vision/robot_arm_b2/build/frs_interfaces
