[0.520s] Invoking command in '/home/student/Vision/robot_arm_b2/vision_node': DEBUGINFOD_URLS=https://debuginfod.ubuntu.com PYTHONPATH=/home/student/Vision/robot_arm_b2/build/vision_node/prefix_override:/usr/lib/python3/dist-packages/colcon_core/task/python/colcon_distutils_commands:/home/student/Vision/robot_arm_b2/install/vision_node/lib/python3.12/site-packages:${PYTHONPATH} /usr/bin/python3 -W ignore:setup.py install is deprecated -W ignore:easy_install command is deprecated setup.py egg_info --egg-base ../build/vision_node build --build-base /home/student/Vision/robot_arm_b2/build/vision_node/build install --record /home/student/Vision/robot_arm_b2/build/vision_node/install.log --single-version-externally-managed install_data
[0.671s] running egg_info
[0.680s] writing ../build/vision_node/vision_node.egg-info/PKG-INFO
[0.681s] writing dependency_links to ../build/vision_node/vision_node.egg-info/dependency_links.txt
[0.681s] writing entry points to ../build/vision_node/vision_node.egg-info/entry_points.txt
[0.682s] writing requirements to ../build/vision_node/vision_node.egg-info/requires.txt
[0.682s] writing top-level names to ../build/vision_node/vision_node.egg-info/top_level.txt
[0.702s] reading manifest file '../build/vision_node/vision_node.egg-info/SOURCES.txt'
[0.703s] writing manifest file '../build/vision_node/vision_node.egg-info/SOURCES.txt'
[0.703s] running build
[0.703s] running build_py
[0.703s] copying vision_node/vision_node.py -> /home/student/Vision/robot_arm_b2/build/vision_node/build/lib/vision_node
[0.703s] running install
[0.707s] running install_lib
[0.718s] copying /home/student/Vision/robot_arm_b2/build/vision_node/build/lib/vision_node/vision_node.py -> /home/student/Vision/robot_arm_b2/install/vision_node/lib/python3.12/site-packages/vision_node
[0.718s] byte-compiling /home/student/Vision/robot_arm_b2/install/vision_node/lib/python3.12/site-packages/vision_node/vision_node.py to vision_node.cpython-312.pyc
[0.723s] running install_data
[0.723s] running install_egg_info
[0.734s] removing '/home/student/Vision/robot_arm_b2/install/vision_node/lib/python3.12/site-packages/vision_node-0.0.0-py3.12.egg-info' (and everything under it)
[0.734s] Copying ../build/vision_node/vision_node.egg-info to /home/student/Vision/robot_arm_b2/install/vision_node/lib/python3.12/site-packages/vision_node-0.0.0-py3.12.egg-info
[0.735s] running install_scripts
[0.811s] Installing vision_node script to /home/student/Vision/robot_arm_b2/install/vision_node/lib/vision_node
[0.812s] writing list of installed files to '/home/student/Vision/robot_arm_b2/build/vision_node/install.log'
[0.829s] Invoked command in '/home/student/Vision/robot_arm_b2/vision_node' returned '0': DEBUGINFOD_URLS=https://debuginfod.ubuntu.com PYTHONPATH=/home/student/Vision/robot_arm_b2/build/vision_node/prefix_override:/usr/lib/python3/dist-packages/colcon_core/task/python/colcon_distutils_commands:/home/student/Vision/robot_arm_b2/install/vision_node/lib/python3.12/site-packages:${PYTHONPATH} /usr/bin/python3 -W ignore:setup.py install is deprecated -W ignore:easy_install command is deprecated setup.py egg_info --egg-base ../build/vision_node build --build-base /home/student/Vision/robot_arm_b2/build/vision_node/build install --record /home/student/Vision/robot_arm_b2/build/vision_node/install.log --single-version-externally-managed install_data
