[0.344s] Invoking command in '/home/student/my_uf_ws/build/my_uf': CMAKE_PREFIX_PATH=${CMAKE_PREFIX_PATH}:/home/student/xarm_ws/install/uf_ros_lib:/home/student/my_depthai_ws/install/my_depthai_pose_estimation:/home/student/my_depthai_ws/install/my_depthai_python:/home/student/my_depthai_ws/install/my_depthai_object_tracking:/home/student/my_uf_ws/install/uf_ros_lib:/home/student/my_uf_ws/install/my_uf_demo:/home/student/my_uf_ws/install/my_uf_bringup:/home/student/ros2_industrial_ws/install/urdf_basics:/home/student/ros2_industrial_ws/install/transferframes:/home/student/ros2_industrial_ws/install/template_package_python:/home/student/ros2_industrial_ws/install/ros_industrial_utilities:/home/student/ros2_industrial_ws/install/ros_industrial_support:/home/student/ros2_industrial_ws/install/range_sensor:/home/student/ros2_industrial_ws/install/node_demo:/home/student/ros2_industrial_ws/install/manipulation:/home/student/ros2_industrial_ws/install/fanuc_robots:/opt/ros/jazzy DEBUGINFOD_URLS=https://debuginfod.ubuntu.com /usr/bin/cmake --build /home/student/my_uf_ws/build/my_uf -- -j4 -l4
[0.702s] Invoked command in '/home/student/my_uf_ws/build/my_uf' returned '0': CMAKE_PREFIX_PATH=${CMAKE_PREFIX_PATH}:/home/student/xarm_ws/install/uf_ros_lib:/home/student/my_depthai_ws/install/my_depthai_pose_estimation:/home/student/my_depthai_ws/install/my_depthai_python:/home/student/my_depthai_ws/install/my_depthai_object_tracking:/home/student/my_uf_ws/install/uf_ros_lib:/home/student/my_uf_ws/install/my_uf_demo:/home/student/my_uf_ws/install/my_uf_bringup:/home/student/ros2_industrial_ws/install/urdf_basics:/home/student/ros2_industrial_ws/install/transferframes:/home/student/ros2_industrial_ws/install/template_package_python:/home/student/ros2_industrial_ws/install/ros_industrial_utilities:/home/student/ros2_industrial_ws/install/ros_industrial_support:/home/student/ros2_industrial_ws/install/range_sensor:/home/student/ros2_industrial_ws/install/node_demo:/home/student/ros2_industrial_ws/install/manipulation:/home/student/ros2_industrial_ws/install/fanuc_robots:/opt/ros/jazzy DEBUGINFOD_URLS=https://debuginfod.ubuntu.com /usr/bin/cmake --build /home/student/my_uf_ws/build/my_uf -- -j4 -l4
[0.731s] Invoking command in '/home/student/my_uf_ws/build/my_uf': CMAKE_PREFIX_PATH=${CMAKE_PREFIX_PATH}:/home/student/xarm_ws/install/uf_ros_lib:/home/student/my_depthai_ws/install/my_depthai_pose_estimation:/home/student/my_depthai_ws/install/my_depthai_python:/home/student/my_depthai_ws/install/my_depthai_object_tracking:/home/student/my_uf_ws/install/uf_ros_lib:/home/student/my_uf_ws/install/my_uf_demo:/home/student/my_uf_ws/install/my_uf_bringup:/home/student/ros2_industrial_ws/install/urdf_basics:/home/student/ros2_industrial_ws/install/transferframes:/home/student/ros2_industrial_ws/install/template_package_python:/home/student/ros2_industrial_ws/install/ros_industrial_utilities:/home/student/ros2_industrial_ws/install/ros_industrial_support:/home/student/ros2_industrial_ws/install/range_sensor:/home/student/ros2_industrial_ws/install/node_demo:/home/student/ros2_industrial_ws/install/manipulation:/home/student/ros2_industrial_ws/install/fanuc_robots:/opt/ros/jazzy DEBUGINFOD_URLS=https://debuginfod.ubuntu.com /usr/bin/cmake --install /home/student/my_uf_ws/build/my_uf
[0.746s] -- Install configuration: ""
[0.747s] -- Execute custom install script
[0.747s] -- Up-to-date symlink: /home/student/my_uf_ws/install/my_uf/share/ament_index/resource_index/package_run_dependencies/my_uf
[0.748s] -- Up-to-date symlink: /home/student/my_uf_ws/install/my_uf/share/ament_index/resource_index/parent_prefix_path/my_uf
[0.748s] -- Up-to-date symlink: /home/student/my_uf_ws/install/my_uf/share/my_uf/environment/ament_prefix_path.sh
[0.750s] -- Up-to-date symlink: /home/student/my_uf_ws/install/my_uf/share/my_uf/environment/ament_prefix_path.dsv
[0.750s] -- Up-to-date symlink: /home/student/my_uf_ws/install/my_uf/share/my_uf/environment/path.sh
[0.750s] -- Up-to-date symlink: /home/student/my_uf_ws/install/my_uf/share/my_uf/environment/path.dsv
[0.751s] -- Up-to-date symlink: /home/student/my_uf_ws/install/my_uf/share/my_uf/local_setup.bash
[0.751s] -- Up-to-date symlink: /home/student/my_uf_ws/install/my_uf/share/my_uf/local_setup.sh
[0.751s] -- Up-to-date symlink: /home/student/my_uf_ws/install/my_uf/share/my_uf/local_setup.zsh
[0.751s] -- Up-to-date symlink: /home/student/my_uf_ws/install/my_uf/share/my_uf/local_setup.dsv
[0.751s] -- Symlinking: /home/student/my_uf_ws/install/my_uf/share/my_uf/package.dsv
[0.767s] -- Up-to-date symlink: /home/student/my_uf_ws/install/my_uf/share/ament_index/resource_index/packages/my_uf
[0.768s] -- Up-to-date symlink: /home/student/my_uf_ws/install/my_uf/share/my_uf/cmake/my_ufConfig.cmake
[0.768s] -- Up-to-date symlink: /home/student/my_uf_ws/install/my_uf/share/my_uf/cmake/my_ufConfig-version.cmake
[0.768s] -- Up-to-date symlink: /home/student/my_uf_ws/install/my_uf/share/my_uf/package.xml
[0.774s] Invoked command in '/home/student/my_uf_ws/build/my_uf' returned '0': CMAKE_PREFIX_PATH=${CMAKE_PREFIX_PATH}:/home/student/xarm_ws/install/uf_ros_lib:/home/student/my_depthai_ws/install/my_depthai_pose_estimation:/home/student/my_depthai_ws/install/my_depthai_python:/home/student/my_depthai_ws/install/my_depthai_object_tracking:/home/student/my_uf_ws/install/uf_ros_lib:/home/student/my_uf_ws/install/my_uf_demo:/home/student/my_uf_ws/install/my_uf_bringup:/home/student/ros2_industrial_ws/install/urdf_basics:/home/student/ros2_industrial_ws/install/transferframes:/home/student/ros2_industrial_ws/install/template_package_python:/home/student/ros2_industrial_ws/install/ros_industrial_utilities:/home/student/ros2_industrial_ws/install/ros_industrial_support:/home/student/ros2_industrial_ws/install/range_sensor:/home/student/ros2_industrial_ws/install/node_demo:/home/student/ros2_industrial_ws/install/manipulation:/home/student/ros2_industrial_ws/install/fanuc_robots:/opt/ros/jazzy DEBUGINFOD_URLS=https://debuginfod.ubuntu.com /usr/bin/cmake --install /home/student/my_uf_ws/build/my_uf
