-- The C compiler identification is GNU 13.3.0
-- The CXX compiler identification is GNU 13.3.0
-- Detecting C compiler ABI info
-- Detecting C compiler ABI info - done
-- Check for working C compiler: /usr/bin/cc - skipped
-- Detecting C compile features
-- Detecting C compile features - done
-- Detecting CXX compiler ABI info
-- Detecting CXX compiler ABI info - done
-- Check for working CXX compiler: /usr/bin/c++ - skipped
-- Detecting CXX compile features
-- Detecting CXX compile features - done
-- Found ament_cmake: 2.5.4 (/opt/ros/jazzy/share/ament_cmake/cmake)
-- Found Python3: /usr/bin/python3 (found version "3.12.3") found components: Interpreter 
-- Override CMake install command with custom implementation using symlinks instead of copying resources
-- Configuring done (1.5s)
-- Generating done (0.0s)
-- Build files have been written to: /home/student/my_uf_ws/build/my_uf
-- Install configuration: ""
-- Execute custom install script
-- Symlinking: /home/student/my_uf_ws/install/my_uf/share/ament_index/resource_index/package_run_dependencies/my_uf
-- Symlinking: /home/student/my_uf_ws/install/my_uf/share/ament_index/resource_index/parent_prefix_path/my_uf
-- Symlinking: /home/student/my_uf_ws/install/my_uf/share/my_uf/environment/ament_prefix_path.sh
-- Symlinking: /home/student/my_uf_ws/install/my_uf/share/my_uf/environment/ament_prefix_path.dsv
-- Symlinking: /home/student/my_uf_ws/install/my_uf/share/my_uf/environment/path.sh
-- Symlinking: /home/student/my_uf_ws/install/my_uf/share/my_uf/environment/path.dsv
-- Symlinking: /home/student/my_uf_ws/install/my_uf/share/my_uf/local_setup.bash
-- Symlinking: /home/student/my_uf_ws/install/my_uf/share/my_uf/local_setup.sh
-- Symlinking: /home/student/my_uf_ws/install/my_uf/share/my_uf/local_setup.zsh
-- Symlinking: /home/student/my_uf_ws/install/my_uf/share/my_uf/local_setup.dsv
-- Symlinking: /home/student/my_uf_ws/install/my_uf/share/my_uf/package.dsv
-- Symlinking: /home/student/my_uf_ws/install/my_uf/share/ament_index/resource_index/packages/my_uf
-- Symlinking: /home/student/my_uf_ws/install/my_uf/share/my_uf/cmake/my_ufConfig.cmake
-- Symlinking: /home/student/my_uf_ws/install/my_uf/share/my_uf/cmake/my_ufConfig-version.cmake
-- Symlinking: /home/student/my_uf_ws/install/my_uf/share/my_uf/package.xml
