[  2%] Built target frs_interfaces__rosidl_generator_type_description
[  2%] Built target ament_cmake_python_copy_frs_interfaces
[  5%] Built target frs_interfaces__cpp
[ 20%] Built target frs_interfaces__rosidl_generator_c
[ 29%] Built target frs_interfaces__rosidl_typesupport_introspection_cpp
[ 38%] Built target frs_interfaces__rosidl_typesupport_fastrtps_cpp
[ 47%] Built target frs_interfaces__rosidl_typesupport_fastrtps_c
[ 55%] Built target frs_interfaces__rosidl_typesupport_cpp
[ 64%] Built target frs_interfaces__rosidl_typesupport_introspection_c
[ 73%] Built target frs_interfaces__rosidl_typesupport_c
[ 73%] Built target frs_interfaces
[ 76%] Built target frs_interfaces__py
running egg_info
writing frs_interfaces.egg-info/PKG-INFO
writing dependency_links to frs_interfaces.egg-info/dependency_links.txt
writing top-level names to frs_interfaces.egg-info/top_level.txt
[ 82%] Built target frs_interfaces__rosidl_generator_py
reading manifest file 'frs_interfaces.egg-info/SOURCES.txt'
writing manifest file 'frs_interfaces.egg-info/SOURCES.txt'
[ 88%] Built target frs_interfaces_s__rosidl_typesupport_fastrtps_c
[ 94%] Built target frs_interfaces_s__rosidl_typesupport_introspection_c
[ 94%] Built target ament_cmake_python_build_frs_interfaces_egg
[100%] Built target frs_interfaces_s__rosidl_typesupport_c
-- Install configuration: ""
-- Up-to-date: /home/student/Vision/robot_arm_b2/install/frs_interfaces/share/ament_index/resource_index/rosidl_interfaces/frs_interfaces
-- Up-to-date: /home/student/Vision/robot_arm_b2/install/frs_interfaces/share/frs_interfaces/msg/DetectieResultaat.json
-- Up-to-date: /home/student/Vision/robot_arm_b2/install/frs_interfaces/include/frs_interfaces/frs_interfaces
-- Up-to-date: /home/student/Vision/robot_arm_b2/install/frs_interfaces/include/frs_interfaces/frs_interfaces/msg
-- Up-to-date: /home/student/Vision/robot_arm_b2/install/frs_interfaces/include/frs_interfaces/frs_interfaces/msg/detail
-- Up-to-date: /home/student/Vision/robot_arm_b2/install/frs_interfaces/include/frs_interfaces/frs_interfaces/msg/detail/detectie_resultaat__type_support.h
-- Up-to-date: /home/student/Vision/robot_arm_b2/install/frs_interfaces/include/frs_interfaces/frs_interfaces/msg/detail/detectie_resultaat__struct.h
-- Up-to-date: /home/student/Vision/robot_arm_b2/install/frs_interfaces/include/frs_interfaces/frs_interfaces/msg/detail/detectie_resultaat__functions.h
-- Up-to-date: /home/student/Vision/robot_arm_b2/install/frs_interfaces/include/frs_interfaces/frs_interfaces/msg/detail/detectie_resultaat__functions.c
-- Up-to-date: /home/student/Vision/robot_arm_b2/install/frs_interfaces/include/frs_interfaces/frs_interfaces/msg/detail/detectie_resultaat__description.c
-- Up-to-date: /home/student/Vision/robot_arm_b2/install/frs_interfaces/include/frs_interfaces/frs_interfaces/msg/detail/detectie_resultaat__type_support.c
-- Up-to-date: /home/student/Vision/robot_arm_b2/install/frs_interfaces/include/frs_interfaces/frs_interfaces/msg/detectie_resultaat.h
-- Up-to-date: /home/student/Vision/robot_arm_b2/install/frs_interfaces/include/frs_interfaces/frs_interfaces/msg/rosidl_generator_c__visibility_control.h
-- Up-to-date: /home/student/Vision/robot_arm_b2/install/frs_interfaces/share/frs_interfaces/environment/library_path.sh
-- Up-to-date: /home/student/Vision/robot_arm_b2/install/frs_interfaces/share/frs_interfaces/environment/library_path.dsv
-- Up-to-date: /home/student/Vision/robot_arm_b2/install/frs_interfaces/lib/libfrs_interfaces__rosidl_generator_c.so
-- Up-to-date: /home/student/Vision/robot_arm_b2/install/frs_interfaces/include/frs_interfaces/frs_interfaces
-- Up-to-date: /home/student/Vision/robot_arm_b2/install/frs_interfaces/include/frs_interfaces/frs_interfaces/msg
-- Up-to-date: /home/student/Vision/robot_arm_b2/install/frs_interfaces/include/frs_interfaces/frs_interfaces/msg/detail
-- Up-to-date: /home/student/Vision/robot_arm_b2/install/frs_interfaces/include/frs_interfaces/frs_interfaces/msg/detail/detectie_resultaat__rosidl_typesupport_fastrtps_c.h
-- Up-to-date: /home/student/Vision/robot_arm_b2/install/frs_interfaces/include/frs_interfaces/frs_interfaces/msg/rosidl_typesupport_fastrtps_c__visibility_control.h
-- Up-to-date: /home/student/Vision/robot_arm_b2/install/frs_interfaces/lib/libfrs_interfaces__rosidl_typesupport_fastrtps_c.so
-- Up-to-date: /home/student/Vision/robot_arm_b2/install/frs_interfaces/include/frs_interfaces/frs_interfaces
-- Up-to-date: /home/student/Vision/robot_arm_b2/install/frs_interfaces/include/frs_interfaces/frs_interfaces/msg
-- Up-to-date: /home/student/Vision/robot_arm_b2/install/frs_interfaces/include/frs_interfaces/frs_interfaces/msg/detail
-- Up-to-date: /home/student/Vision/robot_arm_b2/install/frs_interfaces/include/frs_interfaces/frs_interfaces/msg/detail/detectie_resultaat__rosidl_typesupport_introspection_c.h
-- Up-to-date: /home/student/Vision/robot_arm_b2/install/frs_interfaces/include/frs_interfaces/frs_interfaces/msg/detail/detectie_resultaat__type_support.c
-- Up-to-date: /home/student/Vision/robot_arm_b2/install/frs_interfaces/include/frs_interfaces/frs_interfaces/msg/rosidl_typesupport_introspection_c__visibility_control.h
-- Up-to-date: /home/student/Vision/robot_arm_b2/install/frs_interfaces/lib/libfrs_interfaces__rosidl_typesupport_introspection_c.so
-- Up-to-date: /home/student/Vision/robot_arm_b2/install/frs_interfaces/lib/libfrs_interfaces__rosidl_typesupport_c.so
-- Up-to-date: /home/student/Vision/robot_arm_b2/install/frs_interfaces/include/frs_interfaces/frs_interfaces
-- Up-to-date: /home/student/Vision/robot_arm_b2/install/frs_interfaces/include/frs_interfaces/frs_interfaces/msg
-- Up-to-date: /home/student/Vision/robot_arm_b2/install/frs_interfaces/include/frs_interfaces/frs_interfaces/msg/detail
-- Up-to-date: /home/student/Vision/robot_arm_b2/install/frs_interfaces/include/frs_interfaces/frs_interfaces/msg/detail/detectie_resultaat__builder.hpp
-- Up-to-date: /home/student/Vision/robot_arm_b2/install/frs_interfaces/include/frs_interfaces/frs_interfaces/msg/detail/detectie_resultaat__type_support.hpp
-- Up-to-date: /home/student/Vision/robot_arm_b2/install/frs_interfaces/include/frs_interfaces/frs_interfaces/msg/detail/detectie_resultaat__traits.hpp
-- Up-to-date: /home/student/Vision/robot_arm_b2/install/frs_interfaces/include/frs_interfaces/frs_interfaces/msg/detail/detectie_resultaat__struct.hpp
-- Up-to-date: /home/student/Vision/robot_arm_b2/install/frs_interfaces/include/frs_interfaces/frs_interfaces/msg/rosidl_generator_cpp__visibility_control.hpp
-- Up-to-date: /home/student/Vision/robot_arm_b2/install/frs_interfaces/include/frs_interfaces/frs_interfaces/msg/detectie_resultaat.hpp
-- Up-to-date: /home/student/Vision/robot_arm_b2/install/frs_interfaces/include/frs_interfaces/frs_interfaces
-- Up-to-date: /home/student/Vision/robot_arm_b2/install/frs_interfaces/include/frs_interfaces/frs_interfaces/msg
-- Up-to-date: /home/student/Vision/robot_arm_b2/install/frs_interfaces/include/frs_interfaces/frs_interfaces/msg/detail
-- Up-to-date: /home/student/Vision/robot_arm_b2/install/frs_interfaces/include/frs_interfaces/frs_interfaces/msg/detail/dds_fastrtps
-- Up-to-date: /home/student/Vision/robot_arm_b2/install/frs_interfaces/include/frs_interfaces/frs_interfaces/msg/detail/detectie_resultaat__rosidl_typesupport_fastrtps_cpp.hpp
-- Up-to-date: /home/student/Vision/robot_arm_b2/install/frs_interfaces/include/frs_interfaces/frs_interfaces/msg/rosidl_typesupport_fastrtps_cpp__visibility_control.h
-- Up-to-date: /home/student/Vision/robot_arm_b2/install/frs_interfaces/lib/libfrs_interfaces__rosidl_typesupport_fastrtps_cpp.so
-- Up-to-date: /home/student/Vision/robot_arm_b2/install/frs_interfaces/include/frs_interfaces/frs_interfaces
-- Up-to-date: /home/student/Vision/robot_arm_b2/install/frs_interfaces/include/frs_interfaces/frs_interfaces/msg
-- Up-to-date: /home/student/Vision/robot_arm_b2/install/frs_interfaces/include/frs_interfaces/frs_interfaces/msg/detail
-- Up-to-date: /home/student/Vision/robot_arm_b2/install/frs_interfaces/include/frs_interfaces/frs_interfaces/msg/detail/detectie_resultaat__rosidl_typesupport_introspection_cpp.hpp
-- Up-to-date: /home/student/Vision/robot_arm_b2/install/frs_interfaces/include/frs_interfaces/frs_interfaces/msg/detail/detectie_resultaat__type_support.cpp
-- Up-to-date: /home/student/Vision/robot_arm_b2/install/frs_interfaces/lib/libfrs_interfaces__rosidl_typesupport_introspection_cpp.so
-- Up-to-date: /home/student/Vision/robot_arm_b2/install/frs_interfaces/lib/libfrs_interfaces__rosidl_typesupport_cpp.so
-- Up-to-date: /home/student/Vision/robot_arm_b2/install/frs_interfaces/share/frs_interfaces/environment/pythonpath.sh
-- Up-to-date: /home/student/Vision/robot_arm_b2/install/frs_interfaces/share/frs_interfaces/environment/pythonpath.dsv
-- Up-to-date: /home/student/Vision/robot_arm_b2/install/frs_interfaces/lib/python3.12/site-packages/frs_interfaces-0.0.0-py3.12.egg-info
-- Installing: /home/student/Vision/robot_arm_b2/install/frs_interfaces/lib/python3.12/site-packages/frs_interfaces-0.0.0-py3.12.egg-info/dependency_links.txt
-- Installing: /home/student/Vision/robot_arm_b2/install/frs_interfaces/lib/python3.12/site-packages/frs_interfaces-0.0.0-py3.12.egg-info/top_level.txt
-- Installing: /home/student/Vision/robot_arm_b2/install/frs_interfaces/lib/python3.12/site-packages/frs_interfaces-0.0.0-py3.12.egg-info/SOURCES.txt
-- Installing: /home/student/Vision/robot_arm_b2/install/frs_interfaces/lib/python3.12/site-packages/frs_interfaces-0.0.0-py3.12.egg-info/PKG-INFO
-- Up-to-date: /home/student/Vision/robot_arm_b2/install/frs_interfaces/lib/python3.12/site-packages/frs_interfaces
-- Up-to-date: /home/student/Vision/robot_arm_b2/install/frs_interfaces/lib/python3.12/site-packages/frs_interfaces/frs_interfaces_s__rosidl_typesupport_fastrtps_c.so
-- Up-to-date: /home/student/Vision/robot_arm_b2/install/frs_interfaces/lib/python3.12/site-packages/frs_interfaces/_frs_interfaces_s.ep.rosidl_typesupport_c.c
-- Up-to-date: /home/student/Vision/robot_arm_b2/install/frs_interfaces/lib/python3.12/site-packages/frs_interfaces/frs_interfaces_s__rosidl_typesupport_c.so
-- Up-to-date: /home/student/Vision/robot_arm_b2/install/frs_interfaces/lib/python3.12/site-packages/frs_interfaces/frs_interfaces_s__rosidl_typesupport_introspection_c.so
-- Up-to-date: /home/student/Vision/robot_arm_b2/install/frs_interfaces/lib/python3.12/site-packages/frs_interfaces/__init__.py
-- Up-to-date: /home/student/Vision/robot_arm_b2/install/frs_interfaces/lib/python3.12/site-packages/frs_interfaces/_frs_interfaces_s.ep.rosidl_typesupport_fastrtps_c.c
-- Up-to-date: /home/student/Vision/robot_arm_b2/install/frs_interfaces/lib/python3.12/site-packages/frs_interfaces/_frs_interfaces_s.ep.rosidl_typesupport_introspection_c.c
-- Up-to-date: /home/student/Vision/robot_arm_b2/install/frs_interfaces/lib/python3.12/site-packages/frs_interfaces/msg
-- Up-to-date: /home/student/Vision/robot_arm_b2/install/frs_interfaces/lib/python3.12/site-packages/frs_interfaces/msg/_detectie_resultaat.py
-- Up-to-date: /home/student/Vision/robot_arm_b2/install/frs_interfaces/lib/python3.12/site-packages/frs_interfaces/msg/_detectie_resultaat_s.c
-- Up-to-date: /home/student/Vision/robot_arm_b2/install/frs_interfaces/lib/python3.12/site-packages/frs_interfaces/msg/__init__.py
Listing '/home/student/Vision/robot_arm_b2/install/frs_interfaces/lib/python3.12/site-packages/frs_interfaces'...
Listing '/home/student/Vision/robot_arm_b2/install/frs_interfaces/lib/python3.12/site-packages/frs_interfaces/msg'...
-- Up-to-date: /home/student/Vision/robot_arm_b2/install/frs_interfaces/lib/python3.12/site-packages/frs_interfaces/frs_interfaces_s__rosidl_typesupport_fastrtps_c.so
-- Up-to-date: /home/student/Vision/robot_arm_b2/install/frs_interfaces/lib/python3.12/site-packages/frs_interfaces/frs_interfaces_s__rosidl_typesupport_introspection_c.so
-- Up-to-date: /home/student/Vision/robot_arm_b2/install/frs_interfaces/lib/python3.12/site-packages/frs_interfaces/frs_interfaces_s__rosidl_typesupport_c.so
-- Up-to-date: /home/student/Vision/robot_arm_b2/install/frs_interfaces/lib/libfrs_interfaces__rosidl_generator_py.so
-- Up-to-date: /home/student/Vision/robot_arm_b2/install/frs_interfaces/share/frs_interfaces/msg/DetectieResultaat.idl
-- Up-to-date: /home/student/Vision/robot_arm_b2/install/frs_interfaces/share/frs_interfaces/msg/DetectieResultaat.msg
-- Up-to-date: /home/student/Vision/robot_arm_b2/install/frs_interfaces/share/ament_index/resource_index/package_run_dependencies/frs_interfaces
-- Up-to-date: /home/student/Vision/robot_arm_b2/install/frs_interfaces/share/ament_index/resource_index/parent_prefix_path/frs_interfaces
-- Up-to-date: /home/student/Vision/robot_arm_b2/install/frs_interfaces/share/frs_interfaces/environment/ament_prefix_path.sh
-- Up-to-date: /home/student/Vision/robot_arm_b2/install/frs_interfaces/share/frs_interfaces/environment/ament_prefix_path.dsv
-- Up-to-date: /home/student/Vision/robot_arm_b2/install/frs_interfaces/share/frs_interfaces/environment/path.sh
-- Up-to-date: /home/student/Vision/robot_arm_b2/install/frs_interfaces/share/frs_interfaces/environment/path.dsv
-- Up-to-date: /home/student/Vision/robot_arm_b2/install/frs_interfaces/share/frs_interfaces/local_setup.bash
-- Up-to-date: /home/student/Vision/robot_arm_b2/install/frs_interfaces/share/frs_interfaces/local_setup.sh
-- Up-to-date: /home/student/Vision/robot_arm_b2/install/frs_interfaces/share/frs_interfaces/local_setup.zsh
-- Up-to-date: /home/student/Vision/robot_arm_b2/install/frs_interfaces/share/frs_interfaces/local_setup.dsv
-- Installing: /home/student/Vision/robot_arm_b2/install/frs_interfaces/share/frs_interfaces/package.dsv
-- Up-to-date: /home/student/Vision/robot_arm_b2/install/frs_interfaces/share/ament_index/resource_index/packages/frs_interfaces
-- Up-to-date: /home/student/Vision/robot_arm_b2/install/frs_interfaces/share/frs_interfaces/cmake/export_frs_interfaces__rosidl_generator_cExport.cmake
-- Up-to-date: /home/student/Vision/robot_arm_b2/install/frs_interfaces/share/frs_interfaces/cmake/export_frs_interfaces__rosidl_generator_cExport-noconfig.cmake
-- Up-to-date: /home/student/Vision/robot_arm_b2/install/frs_interfaces/share/frs_interfaces/cmake/export_frs_interfaces__rosidl_typesupport_fastrtps_cExport.cmake
-- Up-to-date: /home/student/Vision/robot_arm_b2/install/frs_interfaces/share/frs_interfaces/cmake/export_frs_interfaces__rosidl_typesupport_fastrtps_cExport-noconfig.cmake
-- Up-to-date: /home/student/Vision/robot_arm_b2/install/frs_interfaces/share/frs_interfaces/cmake/frs_interfaces__rosidl_typesupport_introspection_cExport.cmake
-- Up-to-date: /home/student/Vision/robot_arm_b2/install/frs_interfaces/share/frs_interfaces/cmake/frs_interfaces__rosidl_typesupport_introspection_cExport-noconfig.cmake
-- Up-to-date: /home/student/Vision/robot_arm_b2/install/frs_interfaces/share/frs_interfaces/cmake/frs_interfaces__rosidl_typesupport_cExport.cmake
-- Up-to-date: /home/student/Vision/robot_arm_b2/install/frs_interfaces/share/frs_interfaces/cmake/frs_interfaces__rosidl_typesupport_cExport-noconfig.cmake
-- Up-to-date: /home/student/Vision/robot_arm_b2/install/frs_interfaces/share/frs_interfaces/cmake/export_frs_interfaces__rosidl_generator_cppExport.cmake
-- Up-to-date: /home/student/Vision/robot_arm_b2/install/frs_interfaces/share/frs_interfaces/cmake/export_frs_interfaces__rosidl_typesupport_fastrtps_cppExport.cmake
-- Up-to-date: /home/student/Vision/robot_arm_b2/install/frs_interfaces/share/frs_interfaces/cmake/export_frs_interfaces__rosidl_typesupport_fastrtps_cppExport-noconfig.cmake
-- Up-to-date: /home/student/Vision/robot_arm_b2/install/frs_interfaces/share/frs_interfaces/cmake/frs_interfaces__rosidl_typesupport_introspection_cppExport.cmake
-- Up-to-date: /home/student/Vision/robot_arm_b2/install/frs_interfaces/share/frs_interfaces/cmake/frs_interfaces__rosidl_typesupport_introspection_cppExport-noconfig.cmake
-- Up-to-date: /home/student/Vision/robot_arm_b2/install/frs_interfaces/share/frs_interfaces/cmake/frs_interfaces__rosidl_typesupport_cppExport.cmake
-- Up-to-date: /home/student/Vision/robot_arm_b2/install/frs_interfaces/share/frs_interfaces/cmake/frs_interfaces__rosidl_typesupport_cppExport-noconfig.cmake
-- Up-to-date: /home/student/Vision/robot_arm_b2/install/frs_interfaces/share/frs_interfaces/cmake/export_frs_interfaces__rosidl_generator_pyExport.cmake
-- Up-to-date: /home/student/Vision/robot_arm_b2/install/frs_interfaces/share/frs_interfaces/cmake/export_frs_interfaces__rosidl_generator_pyExport-noconfig.cmake
-- Up-to-date: /home/student/Vision/robot_arm_b2/install/frs_interfaces/share/frs_interfaces/cmake/rosidl_cmake-extras.cmake
-- Up-to-date: /home/student/Vision/robot_arm_b2/install/frs_interfaces/share/frs_interfaces/cmake/ament_cmake_export_include_directories-extras.cmake
-- Up-to-date: /home/student/Vision/robot_arm_b2/install/frs_interfaces/share/frs_interfaces/cmake/ament_cmake_export_libraries-extras.cmake
-- Up-to-date: /home/student/Vision/robot_arm_b2/install/frs_interfaces/share/frs_interfaces/cmake/ament_cmake_export_targets-extras.cmake
-- Up-to-date: /home/student/Vision/robot_arm_b2/install/frs_interfaces/share/frs_interfaces/cmake/rosidl_cmake_export_typesupport_targets-extras.cmake
-- Up-to-date: /home/student/Vision/robot_arm_b2/install/frs_interfaces/share/frs_interfaces/cmake/ament_cmake_export_dependencies-extras.cmake
-- Up-to-date: /home/student/Vision/robot_arm_b2/install/frs_interfaces/share/frs_interfaces/cmake/rosidl_cmake_export_typesupport_libraries-extras.cmake
-- Up-to-date: /home/student/Vision/robot_arm_b2/install/frs_interfaces/share/frs_interfaces/cmake/frs_interfacesConfig.cmake
-- Up-to-date: /home/student/Vision/robot_arm_b2/install/frs_interfaces/share/frs_interfaces/cmake/frs_interfacesConfig-version.cmake
-- Up-to-date: /home/student/Vision/robot_arm_b2/install/frs_interfaces/share/frs_interfaces/package.xml
