[0.013s] Invoking command in '/home/student/Vision/robot_arm_b2/build/frs_interfaces': CMAKE_PREFIX_PATH=${CMAKE_PREFIX_PATH}:/opt/ros/jazzy DEBUGINFOD_URLS=https://debuginfod.ubuntu.com /usr/bin/cmake --build /home/student/Vision/robot_arm_b2/build/frs_interfaces -- -j4 -l4
[0.084s] [  2%] Built target frs_interfaces__rosidl_generator_type_description
[0.098s] [  2%] Built target ament_cmake_python_copy_frs_interfaces
[0.114s] [  5%] Built target frs_interfaces__cpp
[0.122s] [ 20%] Built target frs_interfaces__rosidl_generator_c
[0.160s] [ 29%] Built target frs_interfaces__rosidl_typesupport_introspection_cpp
[0.163s] [ 38%] Built target frs_interfaces__rosidl_typesupport_fastrtps_cpp
[0.166s] [ 47%] Built target frs_interfaces__rosidl_typesupport_fastrtps_c
[0.198s] [ 55%] Built target frs_interfaces__rosidl_typesupport_cpp
[0.205s] [ 64%] Built target frs_interfaces__rosidl_typesupport_introspection_c
[0.211s] [ 73%] Built target frs_interfaces__rosidl_typesupport_c
[0.238s] [ 73%] Built target frs_interfaces
[0.265s] [ 76%] Built target frs_interfaces__py
[0.270s] running egg_info
[0.281s] writing frs_interfaces.egg-info/PKG-INFO
[0.282s] writing dependency_links to frs_interfaces.egg-info/dependency_links.txt
[0.282s] writing top-level names to frs_interfaces.egg-info/top_level.txt
[0.298s] [ 82%] Built target frs_interfaces__rosidl_generator_py
[0.320s] reading manifest file 'frs_interfaces.egg-info/SOURCES.txt'
[0.322s] writing manifest file 'frs_interfaces.egg-info/SOURCES.txt'
[0.345s] [ 88%] Built target frs_interfaces_s__rosidl_typesupport_fastrtps_c
[0.348s] [ 94%] Built target frs_interfaces_s__rosidl_typesupport_introspection_c
[0.348s] [ 94%] Built target ament_cmake_python_build_frs_interfaces_egg
[0.358s] [100%] Built target frs_interfaces_s__rosidl_typesupport_c
[0.373s] Invoked command in '/home/student/Vision/robot_arm_b2/build/frs_interfaces' returned '0': CMAKE_PREFIX_PATH=${CMAKE_PREFIX_PATH}:/opt/ros/jazzy DEBUGINFOD_URLS=https://debuginfod.ubuntu.com /usr/bin/cmake --build /home/student/Vision/robot_arm_b2/build/frs_interfaces -- -j4 -l4
[0.389s] Invoking command in '/home/student/Vision/robot_arm_b2/build/frs_interfaces': CMAKE_PREFIX_PATH=${CMAKE_PREFIX_PATH}:/opt/ros/jazzy DEBUGINFOD_URLS=https://debuginfod.ubuntu.com /usr/bin/cmake --install /home/student/Vision/robot_arm_b2/build/frs_interfaces
[0.417s] -- Install configuration: ""
[0.417s] -- Up-to-date: /home/student/Vision/robot_arm_b2/install/frs_interfaces/share/ament_index/resource_index/rosidl_interfaces/frs_interfaces
[0.419s] -- Up-to-date: /home/student/Vision/robot_arm_b2/install/frs_interfaces/share/frs_interfaces/msg/DetectieResultaat.json
[0.419s] -- Up-to-date: /home/student/Vision/robot_arm_b2/install/frs_interfaces/include/frs_interfaces/frs_interfaces
[0.419s] -- Up-to-date: /home/student/Vision/robot_arm_b2/install/frs_interfaces/include/frs_interfaces/frs_interfaces/msg
[0.422s] -- Up-to-date: /home/student/Vision/robot_arm_b2/install/frs_interfaces/include/frs_interfaces/frs_interfaces/msg/detail
[0.422s] -- Up-to-date: /home/student/Vision/robot_arm_b2/install/frs_interfaces/include/frs_interfaces/frs_interfaces/msg/detail/detectie_resultaat__type_support.h
[0.422s] -- Up-to-date: /home/student/Vision/robot_arm_b2/install/frs_interfaces/include/frs_interfaces/frs_interfaces/msg/detail/detectie_resultaat__struct.h
[0.422s] -- Up-to-date: /home/student/Vision/robot_arm_b2/install/frs_interfaces/include/frs_interfaces/frs_interfaces/msg/detail/detectie_resultaat__functions.h
[0.422s] -- Up-to-date: /home/student/Vision/robot_arm_b2/install/frs_interfaces/include/frs_interfaces/frs_interfaces/msg/detail/detectie_resultaat__functions.c
[0.422s] -- Up-to-date: /home/student/Vision/robot_arm_b2/install/frs_interfaces/include/frs_interfaces/frs_interfaces/msg/detail/detectie_resultaat__description.c
[0.422s] -- Up-to-date: /home/student/Vision/robot_arm_b2/install/frs_interfaces/include/frs_interfaces/frs_interfaces/msg/detail/detectie_resultaat__type_support.c
[0.423s] -- Up-to-date: /home/student/Vision/robot_arm_b2/install/frs_interfaces/include/frs_interfaces/frs_interfaces/msg/detectie_resultaat.h
[0.423s] -- Up-to-date: /home/student/Vision/robot_arm_b2/install/frs_interfaces/include/frs_interfaces/frs_interfaces/msg/rosidl_generator_c__visibility_control.h
[0.423s] -- Up-to-date: /home/student/Vision/robot_arm_b2/install/frs_interfaces/share/frs_interfaces/environment/library_path.sh
[0.423s] -- Up-to-date: /home/student/Vision/robot_arm_b2/install/frs_interfaces/share/frs_interfaces/environment/library_path.dsv
[0.423s] -- Up-to-date: /home/student/Vision/robot_arm_b2/install/frs_interfaces/lib/libfrs_interfaces__rosidl_generator_c.so
[0.423s] -- Up-to-date: /home/student/Vision/robot_arm_b2/install/frs_interfaces/include/frs_interfaces/frs_interfaces
[0.423s] -- Up-to-date: /home/student/Vision/robot_arm_b2/install/frs_interfaces/include/frs_interfaces/frs_interfaces/msg
[0.423s] -- Up-to-date: /home/student/Vision/robot_arm_b2/install/frs_interfaces/include/frs_interfaces/frs_interfaces/msg/detail
[0.423s] -- Up-to-date: /home/student/Vision/robot_arm_b2/install/frs_interfaces/include/frs_interfaces/frs_interfaces/msg/detail/detectie_resultaat__rosidl_typesupport_fastrtps_c.h
[0.423s] -- Up-to-date: /home/student/Vision/robot_arm_b2/install/frs_interfaces/include/frs_interfaces/frs_interfaces/msg/rosidl_typesupport_fastrtps_c__visibility_control.h
[0.423s] -- Up-to-date: /home/student/Vision/robot_arm_b2/install/frs_interfaces/lib/libfrs_interfaces__rosidl_typesupport_fastrtps_c.so
[0.423s] -- Up-to-date: /home/student/Vision/robot_arm_b2/install/frs_interfaces/include/frs_interfaces/frs_interfaces
[0.423s] -- Up-to-date: /home/student/Vision/robot_arm_b2/install/frs_interfaces/include/frs_interfaces/frs_interfaces/msg
[0.423s] -- Up-to-date: /home/student/Vision/robot_arm_b2/install/frs_interfaces/include/frs_interfaces/frs_interfaces/msg/detail
[0.423s] -- Up-to-date: /home/student/Vision/robot_arm_b2/install/frs_interfaces/include/frs_interfaces/frs_interfaces/msg/detail/detectie_resultaat__rosidl_typesupport_introspection_c.h
[0.423s] -- Up-to-date: /home/student/Vision/robot_arm_b2/install/frs_interfaces/include/frs_interfaces/frs_interfaces/msg/detail/detectie_resultaat__type_support.c
[0.423s] -- Up-to-date: /home/student/Vision/robot_arm_b2/install/frs_interfaces/include/frs_interfaces/frs_interfaces/msg/rosidl_typesupport_introspection_c__visibility_control.h
[0.423s] -- Up-to-date: /home/student/Vision/robot_arm_b2/install/frs_interfaces/lib/libfrs_interfaces__rosidl_typesupport_introspection_c.so
[0.423s] -- Up-to-date: /home/student/Vision/robot_arm_b2/install/frs_interfaces/lib/libfrs_interfaces__rosidl_typesupport_c.so
[0.425s] -- Up-to-date: /home/student/Vision/robot_arm_b2/install/frs_interfaces/include/frs_interfaces/frs_interfaces
[0.425s] -- Up-to-date: /home/student/Vision/robot_arm_b2/install/frs_interfaces/include/frs_interfaces/frs_interfaces/msg
[0.426s] -- Up-to-date: /home/student/Vision/robot_arm_b2/install/frs_interfaces/include/frs_interfaces/frs_interfaces/msg/detail
[0.426s] -- Up-to-date: /home/student/Vision/robot_arm_b2/install/frs_interfaces/include/frs_interfaces/frs_interfaces/msg/detail/detectie_resultaat__builder.hpp
[0.426s] -- Up-to-date: /home/student/Vision/robot_arm_b2/install/frs_interfaces/include/frs_interfaces/frs_interfaces/msg/detail/detectie_resultaat__type_support.hpp
[0.426s] -- Up-to-date: /home/student/Vision/robot_arm_b2/install/frs_interfaces/include/frs_interfaces/frs_interfaces/msg/detail/detectie_resultaat__traits.hpp
[0.426s] -- Up-to-date: /home/student/Vision/robot_arm_b2/install/frs_interfaces/include/frs_interfaces/frs_interfaces/msg/detail/detectie_resultaat__struct.hpp
[0.427s] -- Up-to-date: /home/student/Vision/robot_arm_b2/install/frs_interfaces/include/frs_interfaces/frs_interfaces/msg/rosidl_generator_cpp__visibility_control.hpp
[0.427s] -- Up-to-date: /home/student/Vision/robot_arm_b2/install/frs_interfaces/include/frs_interfaces/frs_interfaces/msg/detectie_resultaat.hpp
[0.427s] -- Up-to-date: /home/student/Vision/robot_arm_b2/install/frs_interfaces/include/frs_interfaces/frs_interfaces
[0.427s] -- Up-to-date: /home/student/Vision/robot_arm_b2/install/frs_interfaces/include/frs_interfaces/frs_interfaces/msg
[0.429s] -- Up-to-date: /home/student/Vision/robot_arm_b2/install/frs_interfaces/include/frs_interfaces/frs_interfaces/msg/detail
[0.430s] -- Up-to-date: /home/student/Vision/robot_arm_b2/install/frs_interfaces/include/frs_interfaces/frs_interfaces/msg/detail/dds_fastrtps
[0.430s] -- Up-to-date: /home/student/Vision/robot_arm_b2/install/frs_interfaces/include/frs_interfaces/frs_interfaces/msg/detail/detectie_resultaat__rosidl_typesupport_fastrtps_cpp.hpp
[0.430s] -- Up-to-date: /home/student/Vision/robot_arm_b2/install/frs_interfaces/include/frs_interfaces/frs_interfaces/msg/rosidl_typesupport_fastrtps_cpp__visibility_control.h
[0.430s] -- Up-to-date: /home/student/Vision/robot_arm_b2/install/frs_interfaces/lib/libfrs_interfaces__rosidl_typesupport_fastrtps_cpp.so
[0.430s] -- Up-to-date: /home/student/Vision/robot_arm_b2/install/frs_interfaces/include/frs_interfaces/frs_interfaces
[0.430s] -- Up-to-date: /home/student/Vision/robot_arm_b2/install/frs_interfaces/include/frs_interfaces/frs_interfaces/msg
[0.430s] -- Up-to-date: /home/student/Vision/robot_arm_b2/install/frs_interfaces/include/frs_interfaces/frs_interfaces/msg/detail
[0.430s] -- Up-to-date: /home/student/Vision/robot_arm_b2/install/frs_interfaces/include/frs_interfaces/frs_interfaces/msg/detail/detectie_resultaat__rosidl_typesupport_introspection_cpp.hpp
[0.430s] -- Up-to-date: /home/student/Vision/robot_arm_b2/install/frs_interfaces/include/frs_interfaces/frs_interfaces/msg/detail/detectie_resultaat__type_support.cpp
[0.431s] -- Up-to-date: /home/student/Vision/robot_arm_b2/install/frs_interfaces/lib/libfrs_interfaces__rosidl_typesupport_introspection_cpp.so
[0.431s] -- Up-to-date: /home/student/Vision/robot_arm_b2/install/frs_interfaces/lib/libfrs_interfaces__rosidl_typesupport_cpp.so
[0.431s] -- Up-to-date: /home/student/Vision/robot_arm_b2/install/frs_interfaces/share/frs_interfaces/environment/pythonpath.sh
[0.431s] -- Up-to-date: /home/student/Vision/robot_arm_b2/install/frs_interfaces/share/frs_interfaces/environment/pythonpath.dsv
[0.431s] -- Up-to-date: /home/student/Vision/robot_arm_b2/install/frs_interfaces/lib/python3.12/site-packages/frs_interfaces-0.0.0-py3.12.egg-info
[0.431s] -- Installing: /home/student/Vision/robot_arm_b2/install/frs_interfaces/lib/python3.12/site-packages/frs_interfaces-0.0.0-py3.12.egg-info/dependency_links.txt
[0.431s] -- Installing: /home/student/Vision/robot_arm_b2/install/frs_interfaces/lib/python3.12/site-packages/frs_interfaces-0.0.0-py3.12.egg-info/top_level.txt
[0.434s] -- Installing: /home/student/Vision/robot_arm_b2/install/frs_interfaces/lib/python3.12/site-packages/frs_interfaces-0.0.0-py3.12.egg-info/SOURCES.txt
[0.434s] -- Installing: /home/student/Vision/robot_arm_b2/install/frs_interfaces/lib/python3.12/site-packages/frs_interfaces-0.0.0-py3.12.egg-info/PKG-INFO
[0.434s] -- Up-to-date: /home/student/Vision/robot_arm_b2/install/frs_interfaces/lib/python3.12/site-packages/frs_interfaces
[0.434s] -- Up-to-date: /home/student/Vision/robot_arm_b2/install/frs_interfaces/lib/python3.12/site-packages/frs_interfaces/frs_interfaces_s__rosidl_typesupport_fastrtps_c.so
[0.434s] -- Up-to-date: /home/student/Vision/robot_arm_b2/install/frs_interfaces/lib/python3.12/site-packages/frs_interfaces/_frs_interfaces_s.ep.rosidl_typesupport_c.c
[0.434s] -- Up-to-date: /home/student/Vision/robot_arm_b2/install/frs_interfaces/lib/python3.12/site-packages/frs_interfaces/frs_interfaces_s__rosidl_typesupport_c.so
[0.434s] -- Up-to-date: /home/student/Vision/robot_arm_b2/install/frs_interfaces/lib/python3.12/site-packages/frs_interfaces/frs_interfaces_s__rosidl_typesupport_introspection_c.so
[0.434s] -- Up-to-date: /home/student/Vision/robot_arm_b2/install/frs_interfaces/lib/python3.12/site-packages/frs_interfaces/__init__.py
[0.434s] -- Up-to-date: /home/student/Vision/robot_arm_b2/install/frs_interfaces/lib/python3.12/site-packages/frs_interfaces/_frs_interfaces_s.ep.rosidl_typesupport_fastrtps_c.c
[0.434s] -- Up-to-date: /home/student/Vision/robot_arm_b2/install/frs_interfaces/lib/python3.12/site-packages/frs_interfaces/_frs_interfaces_s.ep.rosidl_typesupport_introspection_c.c
[0.434s] -- Up-to-date: /home/student/Vision/robot_arm_b2/install/frs_interfaces/lib/python3.12/site-packages/frs_interfaces/msg
[0.434s] -- Up-to-date: /home/student/Vision/robot_arm_b2/install/frs_interfaces/lib/python3.12/site-packages/frs_interfaces/msg/_detectie_resultaat.py
[0.434s] -- Up-to-date: /home/student/Vision/robot_arm_b2/install/frs_interfaces/lib/python3.12/site-packages/frs_interfaces/msg/_detectie_resultaat_s.c
[0.434s] -- Up-to-date: /home/student/Vision/robot_arm_b2/install/frs_interfaces/lib/python3.12/site-packages/frs_interfaces/msg/__init__.py
[0.492s] Listing '/home/student/Vision/robot_arm_b2/install/frs_interfaces/lib/python3.12/site-packages/frs_interfaces'...
[0.492s] Listing '/home/student/Vision/robot_arm_b2/install/frs_interfaces/lib/python3.12/site-packages/frs_interfaces/msg'...
[0.500s] -- Up-to-date: /home/student/Vision/robot_arm_b2/install/frs_interfaces/lib/python3.12/site-packages/frs_interfaces/frs_interfaces_s__rosidl_typesupport_fastrtps_c.so
[0.501s] -- Up-to-date: /home/student/Vision/robot_arm_b2/install/frs_interfaces/lib/python3.12/site-packages/frs_interfaces/frs_interfaces_s__rosidl_typesupport_introspection_c.so
[0.502s] -- Up-to-date: /home/student/Vision/robot_arm_b2/install/frs_interfaces/lib/python3.12/site-packages/frs_interfaces/frs_interfaces_s__rosidl_typesupport_c.so
[0.502s] -- Up-to-date: /home/student/Vision/robot_arm_b2/install/frs_interfaces/lib/libfrs_interfaces__rosidl_generator_py.so
[0.502s] -- Up-to-date: /home/student/Vision/robot_arm_b2/install/frs_interfaces/share/frs_interfaces/msg/DetectieResultaat.idl
[0.502s] -- Up-to-date: /home/student/Vision/robot_arm_b2/install/frs_interfaces/share/frs_interfaces/msg/DetectieResultaat.msg
[0.503s] -- Up-to-date: /home/student/Vision/robot_arm_b2/install/frs_interfaces/share/ament_index/resource_index/package_run_dependencies/frs_interfaces
[0.503s] -- Up-to-date: /home/student/Vision/robot_arm_b2/install/frs_interfaces/share/ament_index/resource_index/parent_prefix_path/frs_interfaces
[0.503s] -- Up-to-date: /home/student/Vision/robot_arm_b2/install/frs_interfaces/share/frs_interfaces/environment/ament_prefix_path.sh
[0.503s] -- Up-to-date: /home/student/Vision/robot_arm_b2/install/frs_interfaces/share/frs_interfaces/environment/ament_prefix_path.dsv
[0.503s] -- Up-to-date: /home/student/Vision/robot_arm_b2/install/frs_interfaces/share/frs_interfaces/environment/path.sh
[0.506s] -- Up-to-date: /home/student/Vision/robot_arm_b2/install/frs_interfaces/share/frs_interfaces/environment/path.dsv
[0.506s] -- Up-to-date: /home/student/Vision/robot_arm_b2/install/frs_interfaces/share/frs_interfaces/local_setup.bash
[0.506s] -- Up-to-date: /home/student/Vision/robot_arm_b2/install/frs_interfaces/share/frs_interfaces/local_setup.sh
[0.506s] -- Up-to-date: /home/student/Vision/robot_arm_b2/install/frs_interfaces/share/frs_interfaces/local_setup.zsh
[0.506s] -- Up-to-date: /home/student/Vision/robot_arm_b2/install/frs_interfaces/share/frs_interfaces/local_setup.dsv
[0.506s] -- Installing: /home/student/Vision/robot_arm_b2/install/frs_interfaces/share/frs_interfaces/package.dsv
[0.507s] -- Up-to-date: /home/student/Vision/robot_arm_b2/install/frs_interfaces/share/ament_index/resource_index/packages/frs_interfaces
[0.508s] -- Up-to-date: /home/student/Vision/robot_arm_b2/install/frs_interfaces/share/frs_interfaces/cmake/export_frs_interfaces__rosidl_generator_cExport.cmake
[0.508s] -- Up-to-date: /home/student/Vision/robot_arm_b2/install/frs_interfaces/share/frs_interfaces/cmake/export_frs_interfaces__rosidl_generator_cExport-noconfig.cmake
[0.510s] -- Up-to-date: /home/student/Vision/robot_arm_b2/install/frs_interfaces/share/frs_interfaces/cmake/export_frs_interfaces__rosidl_typesupport_fastrtps_cExport.cmake
[0.510s] -- Up-to-date: /home/student/Vision/robot_arm_b2/install/frs_interfaces/share/frs_interfaces/cmake/export_frs_interfaces__rosidl_typesupport_fastrtps_cExport-noconfig.cmake
[0.511s] -- Up-to-date: /home/student/Vision/robot_arm_b2/install/frs_interfaces/share/frs_interfaces/cmake/frs_interfaces__rosidl_typesupport_introspection_cExport.cmake
[0.511s] -- Up-to-date: /home/student/Vision/robot_arm_b2/install/frs_interfaces/share/frs_interfaces/cmake/frs_interfaces__rosidl_typesupport_introspection_cExport-noconfig.cmake
[0.512s] -- Up-to-date: /home/student/Vision/robot_arm_b2/install/frs_interfaces/share/frs_interfaces/cmake/frs_interfaces__rosidl_typesupport_cExport.cmake
[0.512s] -- Up-to-date: /home/student/Vision/robot_arm_b2/install/frs_interfaces/share/frs_interfaces/cmake/frs_interfaces__rosidl_typesupport_cExport-noconfig.cmake
[0.513s] -- Up-to-date: /home/student/Vision/robot_arm_b2/install/frs_interfaces/share/frs_interfaces/cmake/export_frs_interfaces__rosidl_generator_cppExport.cmake
[0.513s] -- Up-to-date: /home/student/Vision/robot_arm_b2/install/frs_interfaces/share/frs_interfaces/cmake/export_frs_interfaces__rosidl_typesupport_fastrtps_cppExport.cmake
[0.514s] -- Up-to-date: /home/student/Vision/robot_arm_b2/install/frs_interfaces/share/frs_interfaces/cmake/export_frs_interfaces__rosidl_typesupport_fastrtps_cppExport-noconfig.cmake
[0.514s] -- Up-to-date: /home/student/Vision/robot_arm_b2/install/frs_interfaces/share/frs_interfaces/cmake/frs_interfaces__rosidl_typesupport_introspection_cppExport.cmake
[0.514s] -- Up-to-date: /home/student/Vision/robot_arm_b2/install/frs_interfaces/share/frs_interfaces/cmake/frs_interfaces__rosidl_typesupport_introspection_cppExport-noconfig.cmake
[0.515s] -- Up-to-date: /home/student/Vision/robot_arm_b2/install/frs_interfaces/share/frs_interfaces/cmake/frs_interfaces__rosidl_typesupport_cppExport.cmake
[0.515s] -- Up-to-date: /home/student/Vision/robot_arm_b2/install/frs_interfaces/share/frs_interfaces/cmake/frs_interfaces__rosidl_typesupport_cppExport-noconfig.cmake
[0.516s] -- Up-to-date: /home/student/Vision/robot_arm_b2/install/frs_interfaces/share/frs_interfaces/cmake/export_frs_interfaces__rosidl_generator_pyExport.cmake
[0.516s] -- Up-to-date: /home/student/Vision/robot_arm_b2/install/frs_interfaces/share/frs_interfaces/cmake/export_frs_interfaces__rosidl_generator_pyExport-noconfig.cmake
[0.517s] -- Up-to-date: /home/student/Vision/robot_arm_b2/install/frs_interfaces/share/frs_interfaces/cmake/rosidl_cmake-extras.cmake
[0.517s] -- Up-to-date: /home/student/Vision/robot_arm_b2/install/frs_interfaces/share/frs_interfaces/cmake/ament_cmake_export_include_directories-extras.cmake
[0.517s] -- Up-to-date: /home/student/Vision/robot_arm_b2/install/frs_interfaces/share/frs_interfaces/cmake/ament_cmake_export_libraries-extras.cmake
[0.517s] -- Up-to-date: /home/student/Vision/robot_arm_b2/install/frs_interfaces/share/frs_interfaces/cmake/ament_cmake_export_targets-extras.cmake
[0.517s] -- Up-to-date: /home/student/Vision/robot_arm_b2/install/frs_interfaces/share/frs_interfaces/cmake/rosidl_cmake_export_typesupport_targets-extras.cmake
[0.517s] -- Up-to-date: /home/student/Vision/robot_arm_b2/install/frs_interfaces/share/frs_interfaces/cmake/ament_cmake_export_dependencies-extras.cmake
[0.517s] -- Up-to-date: /home/student/Vision/robot_arm_b2/install/frs_interfaces/share/frs_interfaces/cmake/rosidl_cmake_export_typesupport_libraries-extras.cmake
[0.517s] -- Up-to-date: /home/student/Vision/robot_arm_b2/install/frs_interfaces/share/frs_interfaces/cmake/frs_interfacesConfig.cmake
[0.518s] -- Up-to-date: /home/student/Vision/robot_arm_b2/install/frs_interfaces/share/frs_interfaces/cmake/frs_interfacesConfig-version.cmake
[0.518s] -- Up-to-date: /home/student/Vision/robot_arm_b2/install/frs_interfaces/share/frs_interfaces/package.xml
[0.520s] Invoked command in '/home/student/Vision/robot_arm_b2/build/frs_interfaces' returned '0': CMAKE_PREFIX_PATH=${CMAKE_PREFIX_PATH}:/opt/ros/jazzy DEBUGINFOD_URLS=https://debuginfod.ubuntu.com /usr/bin/cmake --install /home/student/Vision/robot_arm_b2/build/frs_interfaces
