[0.752s] Invoking command in '/home/student/Vision/robot_arm_b2/vision_node': DEBUGINFOD_URLS=https://debuginfod.ubuntu.com PYTHONPATH=/home/student/Vision/robot_arm_b2/build/vision_node/prefix_override:/usr/lib/python3/dist-packages/colcon_core/task/python/colcon_distutils_commands:/home/student/Vision/robot_arm_b2/install/vision_node/lib/python3.12/site-packages:${PYTHONPATH} /usr/bin/python3 -W ignore:setup.py install is deprecated -W ignore:easy_install command is deprecated setup.py egg_info --egg-base ../build/vision_node build --build-base /home/student/Vision/robot_arm_b2/build/vision_node/build install --record /home/student/Vision/robot_arm_b2/build/vision_node/install.log --single-version-externally-managed install_data
[0.908s] running egg_info
[0.919s] writing ../build/vision_node/vision_node.egg-info/PKG-INFO
[0.919s] writing dependency_links to ../build/vision_node/vision_node.egg-info/dependency_links.txt
[0.919s] writing entry points to ../build/vision_node/vision_node.egg-info/entry_points.txt
[0.919s] writing requirements to ../build/vision_node/vision_node.egg-info/requires.txt
[0.919s] writing top-level names to ../build/vision_node/vision_node.egg-info/top_level.txt
[0.940s] reading manifest file '../build/vision_node/vision_node.egg-info/SOURCES.txt'
[0.943s] writing manifest file '../build/vision_node/vision_node.egg-info/SOURCES.txt'
[0.943s] running build
[0.943s] running build_py
[0.943s] running install
[0.947s] running install_lib
[0.957s] running install_data
[0.957s] running install_egg_info
[0.968s] removing '/home/student/Vision/robot_arm_b2/install/vision_node/lib/python3.12/site-packages/vision_node-0.0.0-py3.12.egg-info' (and everything under it)
[0.968s] Copying ../build/vision_node/vision_node.egg-info to /home/student/Vision/robot_arm_b2/install/vision_node/lib/python3.12/site-packages/vision_node-0.0.0-py3.12.egg-info
[0.969s] running install_scripts
[1.044s] Installing vision_node script to /home/student/Vision/robot_arm_b2/install/vision_node/lib/vision_node
[1.044s] writing list of installed files to '/home/student/Vision/robot_arm_b2/build/vision_node/install.log'
[1.061s] Invoked command in '/home/student/Vision/robot_arm_b2/vision_node' returned '0': DEBUGINFOD_URLS=https://debuginfod.ubuntu.com PYTHONPATH=/home/student/Vision/robot_arm_b2/build/vision_node/prefix_override:/usr/lib/python3/dist-packages/colcon_core/task/python/colcon_distutils_commands:/home/student/Vision/robot_arm_b2/install/vision_node/lib/python3.12/site-packages:${PYTHONPATH} /usr/bin/python3 -W ignore:setup.py install is deprecated -W ignore:easy_install command is deprecated setup.py egg_info --egg-base ../build/vision_node build --build-base /home/student/Vision/robot_arm_b2/build/vision_node/build install --record /home/student/Vision/robot_arm_b2/build/vision_node/install.log --single-version-externally-managed install_data
